# am version 13.0 (build date May 30 2024 14:06:47)

# run time 3.314 s

f 10 GHz  1000 GHz  0.025 GHz
output f GHz  tau neper  tx none  Tb K

tol 0.0001
selfbroad_vmr_tol 0.003

geometry plane-parallel
refract none
za 0 deg
PTmode Pbase Tbase

g 980.665 cm*s^-2
dg_dz 0 s^-2

Nscale h2o 1

T0 2.7 K

layer stratosphere
# P 1 mbar
# T 258.09 K
# dP 1 mbar
Pbase 1 mbar
Tbase 258.09 K
Mair 28.964 h2o o3  (28.964)
lineshape Voigt-Kielkopf ch4 co co2 h2o_lines n2o o2_coupled o2_uncoupled o3
column dry_air hydrostatic (0.999991)  (2.12016e+22 cm^-2)
! Warning: Column included 5264 unresolved lines.
column h2o hydrostatic 5.881e-06  (1.24688e+17 cm^-2)  (* 1.00000)
! Warning: Column included 838 unresolved lines.
column o3 hydrostatic 2.906e-06  (6.16123e+16 cm^-2)
! Warning: Column included 33099 unresolved lines.

layer stratosphere
# P 1.5 mbar
# T 257.289 K
# dP 1 mbar
Pbase 2 mbar
Tbase 256.72 K
Mair 28.964 h2o o3  (28.964)
lineshape Gross ch4 co co2 n2o o2_uncoupled o3
lineshape VVW_coupled o2_coupled
lineshape VVH_750 h2o_lines
column dry_air hydrostatic (0.99999)  (2.12015e+22 cm^-2)
! Warning: Column included 5264 unresolved lines.
column h2o hydrostatic 5.881e-06  (1.24687e+17 cm^-2)  (* 1.00000)
! Warning: Column included 838 unresolved lines.
column o3 hydrostatic 4.31e-06  (9.13795e+16 cm^-2)
! Warning: Column included 33099 unresolved lines.

layer stratosphere
# P 2.5 mbar
# T 252.592 K
# dP 1 mbar
Pbase 3 mbar
Tbase 249.22 K
Mair 28.964 h2o o3  (28.964)
lineshape Gross ch4 co co2 n2o o2_uncoupled o3
lineshape VVW_coupled o2_coupled
lineshape VVH_750 h2o_lines
column dry_air hydrostatic (0.999989)  (2.12015e+22 cm^-2)
! Warning: Column included 5264 unresolved lines.
column h2o hydrostatic 5.359e-06  (1.1362e+17 cm^-2)  (* 1.00000)
! Warning: Column included 838 unresolved lines.
column o3 hydrostatic 5.585e-06  (1.18412e+17 cm^-2)
! Warning: Column included 33099 unresolved lines.

layer stratosphere
# P 4 mbar
# T 243.38 K
# dP 2 mbar
Pbase 5 mbar
Tbase 238.85 K
Mair 28.964 h2o o3  (28.9641)
lineshape Gross ch4 co co2 n2o o2_uncoupled o3
lineshape VVW_coupled o2_coupled
lineshape VVH_750 h2o_lines
column dry_air hydrostatic (0.999988)  (4.24029e+22 cm^-2)
! Warning: Column included 5264 unresolved lines.
column h2o hydrostatic 5.359e-06  (2.2724e+17 cm^-2)  (* 1.00000)
! Warning: Column included 838 unresolved lines.
column o3 hydrostatic 7.043e-06  (2.98647e+17 cm^-2)
! Warning: Column included 33099 unresolved lines.

layer stratosphere
# P 6 mbar
# T 235.816 K
# dP 2 mbar
Pbase 7 mbar
Tbase 233.25 K
Mair 28.964 h2o o3  (28.9641)
lineshape Gross ch4 co co2 n2o o2_uncoupled o3
lineshape VVW_coupled o2_coupled
lineshape VVH_750 h2o_lines
column dry_air hydrostatic (0.999987)  (4.24028e+22 cm^-2)
! Warning: Column included 5264 unresolved lines.
column h2o hydrostatic 5.359e-06  (2.2724e+17 cm^-2)  (* 1.00000)
! Warning: Column included 838 unresolved lines.
column o3 hydrostatic 7.563e-06  (3.20697e+17 cm^-2)
! Warning: Column included 33099 unresolved lines.

layer stratosphere
# P 8.5 mbar
# T 230.528 K
# dP 3 mbar
Pbase 10 mbar
Tbase 228.25 K
Mair 28.964 h2o o3  (28.9641)
lineshape Gross ch4 co co2 n2o o2_uncoupled o3
lineshape VVW_coupled o2_coupled
lineshape VVH_750 h2o_lines
column dry_air hydrostatic (0.999988)  (6.36043e+22 cm^-2)
! Warning: Column included 5044 unresolved lines.
column h2o hydrostatic 4.836e-06  (3.07594e+17 cm^-2)  (* 1.00000)
! Warning: Column included 549 unresolved lines.
column o3 hydrostatic 7.627e-06  (4.85116e+17 cm^-2)
! Warning: Column included 28890 unresolved lines.

layer stratosphere
# P 15 mbar
# T 224.068 K
# dP 10 mbar
Pbase 20 mbar
Tbase 221.1 K
Mair 28.964 h2o o3  (28.9641)
lineshape Gross ch4 co co2 n2o o2_uncoupled o3
lineshape VVW_coupled o2_coupled
lineshape VVH_750 h2o_lines
column dry_air hydrostatic (0.999989)  (2.12015e+23 cm^-2)
! Warning: Column included 1925 unresolved lines.
column h2o hydrostatic 4.836e-06  (1.02531e+18 cm^-2)  (* 1.00000)
! Warning: Column included 151 unresolved lines.
column o3 hydrostatic 6.181e-06  (1.31048e+18 cm^-2)

layer stratosphere
# P 25 mbar
# T 218.354 K
# dP 10 mbar
Pbase 30 mbar
Tbase 216.11 K
Mair 28.964 h2o o3  (28.964)
lineshape Gross ch4 co co2 n2o o2_uncoupled o3
lineshape VVW_coupled o2_coupled
lineshape VVH_750 h2o_lines
column dry_air hydrostatic (0.999991)  (2.12015e+23 cm^-2)
! Warning: Column included 6 unresolved lines.
column h2o hydrostatic 4.314e-06  (9.14642e+17 cm^-2)  (* 1.00000)
! Warning: Column included 45 unresolved lines.
column o3 hydrostatic 4.458e-06  (9.45173e+17 cm^-2)

layer stratosphere
# P 40 mbar
# T 212.19 K
# dP 20 mbar
Pbase 50 mbar
Tbase 209.15 K
Mair 28.964 h2o o3  (28.964)
lineshape Gross ch4 co co2 n2o o2_uncoupled o3
lineshape VVW_coupled o2_coupled
lineshape VVH_750 h2o_lines
column dry_air hydrostatic (0.999994)  (4.24032e+23 cm^-2)
column h2o hydrostatic 4.314e-06  (1.82929e+18 cm^-2)  (* 1.00000)
! Warning: Column included 27 unresolved lines.
column o3 hydrostatic 2.004e-06  (8.49766e+17 cm^-2)

layer stratosphere
# P 60 mbar
# T 205.465 K
# dP 20 mbar
Pbase 70 mbar
Tbase 202.35 K
Mair 28.964 h2o o3  (28.964)
lineshape Gross ch4 co co2 n2o o2_uncoupled o3
lineshape VVW_coupled o2_coupled
lineshape VVH_750 h2o_lines
column dry_air hydrostatic (0.999995)  (4.24033e+23 cm^-2)
column h2o hydrostatic 4.314e-06  (1.82929e+18 cm^-2)  (* 1.00000)
! Warning: Column included 19 unresolved lines.
column o3 hydrostatic 7.563e-07  (3.20698e+17 cm^-2)

layer troposphere
# P 85 mbar
# T 201.441 K
# dP 30 mbar
Pbase 100 mbar
Tbase 200.68 K
Mair 28.964 h2o o3  (28.964)
lineshape Gross ch4 co co2 n2o o2_uncoupled o3
lineshape VVW_coupled o2_coupled
lineshape VVH_750 h2o_lines
column dry_air hydrostatic (0.999995)  (6.36051e+23 cm^-2)
column h2o hydrostatic 4.314e-06  (2.74393e+18 cm^-2)  (* 1.00000)
! Warning: Column included 18 unresolved lines.
column o3 hydrostatic 2.365e-07  (1.50427e+17 cm^-2)

layer troposphere
# P 112.5 mbar
# T 203.657 K
# dP 25 mbar
Pbase 125 mbar
Tbase 206.32 K
Mair 28.964 h2o o3  (28.964)
lineshape Gross ch4 co co2 n2o o2_uncoupled o3
lineshape VVW_coupled o2_coupled
lineshape VVH_750 h2o_lines
column dry_air hydrostatic (0.999996)  (5.30042e+23 cm^-2)
column h2o hydrostatic 4.314e-06  (2.28661e+18 cm^-2)  (* 1.00000)
column o3 hydrostatic 1.686e-07  (8.93655e+16 cm^-2)

layer troposphere
# P 137.5 mbar
# T 209.728 K
# dP 25 mbar
Pbase 150 mbar
Tbase 212.84 K
Mair 28.964 h2o o3  (28.9639)
lineshape Gross ch4 co co2 n2o o2_uncoupled o3
lineshape VVW_coupled o2_coupled
lineshape VVH_750 h2o_lines
column dry_air hydrostatic (0.999994)  (5.30042e+23 cm^-2)
column h2o hydrostatic 5.881e-06  (3.11719e+18 cm^-2)  (* 1.00000)
column o3 hydrostatic 1.357e-07  (7.19271e+16 cm^-2)

layer troposphere
# P 162.5 mbar
# T 214.673 K
# dP 25 mbar
Pbase 175 mbar
Tbase 216.37 K
Mair 28.964 h2o o3  (28.9639)
lineshape Gross ch4 co co2 n2o o2_uncoupled o3
lineshape VVW_coupled o2_coupled
lineshape VVH_750 h2o_lines
column dry_air hydrostatic (0.99999)  (5.3004e+23 cm^-2)
column h2o hydrostatic 1.006e-05  (5.33226e+18 cm^-2)  (* 1.00000)
column o3 hydrostatic 1.12e-07  (5.93651e+16 cm^-2)

layer troposphere
# P 187.5 mbar
# T 216.99 K
# dP 25 mbar
Pbase 200 mbar
Tbase 217.57 K
Mair 28.964 h2o o3  (28.9638)
lineshape Gross ch4 co co2 n2o o2_uncoupled o3
lineshape VVW_coupled o2_coupled
lineshape VVH_750 h2o_lines
column dry_air hydrostatic (0.999984)  (5.30038e+23 cm^-2)
column h2o hydrostatic 1.58e-05  (8.37474e+18 cm^-2)  (* 1.00000)
column o3 hydrostatic 1.007e-07  (5.33757e+16 cm^-2)

layer troposphere
# P 212.5 mbar
# T 218.373 K
# dP 25 mbar
Pbase 225 mbar
Tbase 219.13 K
Mair 28.964 h2o o3  (28.9637)
lineshape Gross ch4 co co2 n2o o2_uncoupled o3
lineshape VVW_coupled o2_coupled
lineshape VVH_750 h2o_lines
column dry_air hydrostatic (0.999975)  (5.30036e+23 cm^-2)
column h2o hydrostatic 2.468e-05  (1.30816e+19 cm^-2)  (* 1.00000)
column o3 hydrostatic 9.41e-08  (4.98776e+16 cm^-2)

layer troposphere
# P 237.5 mbar
# T 220.423 K
# dP 25 mbar
Pbase 250 mbar
Tbase 221.65 K
Mair 28.964 h2o o3  (28.9636)
lineshape Gross ch4 co co2 n2o o2_uncoupled o3
lineshape VVW_coupled o2_coupled
lineshape VVH_750 h2o_lines
column dry_air hydrostatic (0.99996)  (5.3003e+23 cm^-2)
column h2o hydrostatic 4.035e-05  (2.13876e+19 cm^-2)  (* 1.00000)
column o3 hydrostatic 8.557e-08  (4.53565e+16 cm^-2)

layer troposphere
# P 275 mbar
# T 225.074 K
# dP 50 mbar
Pbase 300 mbar
Tbase 228.2 K
Mair 28.964 h2o o3  (28.9628)
lineshape Gross ch4 co co2 n2o o2_uncoupled o3
lineshape VVW_coupled o2_coupled
lineshape VVH_750 h2o_lines
column dry_air hydrostatic (0.99989)  (1.06002e+24 cm^-2)
column h2o hydrostatic 0.0001097  (1.16296e+20 cm^-2)  (* 1.00000)
column o3 hydrostatic 7.351e-08  (7.79303e+16 cm^-2)

layer troposphere
# P 325 mbar
# T 231.954 K
# dP 50 mbar
Pbase 350 mbar
Tbase 235.43 K
Mair 28.964 h2o o3  (28.9611)
lineshape Gross ch4 co co2 n2o o2_uncoupled o3
lineshape VVW_coupled o2_coupled
lineshape VVH_750 h2o_lines
column dry_air hydrostatic (0.999735)  (1.05991e+24 cm^-2)
column h2o hydrostatic 0.0002651  (2.81057e+20 cm^-2)  (* 1.00000)
column o3 hydrostatic 6.263e-08  (6.63999e+16 cm^-2)

layer troposphere
# P 375 mbar
# T 238.887 K
# dP 50 mbar
Pbase 400 mbar
Tbase 242.12 K
Mair 28.964 h2o o3  (28.9584)
lineshape Gross ch4 co co2 n2o o2_uncoupled o3
lineshape VVW_coupled o2_coupled
lineshape VVH_750 h2o_lines
column dry_air hydrostatic (0.999486)  (1.05975e+24 cm^-2)
column h2o hydrostatic 0.0005144  (5.45415e+20 cm^-2)  (* 1.00000)
column o3 hydrostatic 5.675e-08  (6.01717e+16 cm^-2)

layer troposphere
# P 425 mbar
# T 245.481 K
# dP 50 mbar
Pbase 450 mbar
Tbase 248.65 K
Mair 28.964 h2o o3  (28.9532)
lineshape Gross ch4 co co2 n2o o2_uncoupled o3
lineshape VVW_coupled o2_coupled
lineshape VVH_750 h2o_lines
column dry_air hydrostatic (0.999016)  (1.05944e+24 cm^-2)
column h2o hydrostatic 0.0009837  (1.0432e+21 cm^-2)  (* 1.00000)
column o3 hydrostatic 5.425e-08  (5.75311e+16 cm^-2)

layer troposphere
# P 475 mbar
# T 251.206 K
# dP 50 mbar
Pbase 500 mbar
Tbase 253.63 K
Mair 28.964 h2o o3  (28.9475)
lineshape Gross ch4 co co2 n2o o2_uncoupled o3
lineshape VVW_coupled o2_coupled
lineshape VVH_750 h2o_lines
column dry_air hydrostatic (0.998492)  (1.05909e+24 cm^-2)
column h2o hydrostatic 0.001508  (1.59952e+21 cm^-2)  (* 1.00000)
column o3 hydrostatic 5.293e-08  (5.61424e+16 cm^-2)

layer troposphere
# P 525 mbar
# T 255.637 K
# dP 50 mbar
Pbase 550 mbar
Tbase 257.55 K
Mair 28.964 h2o o3  (28.9488)
lineshape Gross ch4 co co2 n2o o2_uncoupled o3
lineshape VVW_coupled o2_coupled
lineshape VVH_750 h2o_lines
column dry_air hydrostatic (0.998613)  (1.05917e+24 cm^-2)
column h2o hydrostatic 0.001387  (1.47111e+21 cm^-2)  (* 1.00000)
column o3 hydrostatic 4.826e-08  (5.11867e+16 cm^-2)

layer troposphere
# P 555.605 mbar
# T 258.022 K
# dP 11.21 mbar
Pbase 561.21 mbar (observing level)
Tbase 258.49 K
Mair 28.964 h2o o3  (28.9488)
lineshape Gross ch4 co co2 n2o o2_uncoupled o3
lineshape VVW_coupled o2_coupled
lineshape VVH_750 h2o_lines
column dry_air hydrostatic (0.998613)  (2.37466e+23 cm^-2)
column h2o hydrostatic 0.001387  (3.29823e+20 cm^-2)  (* 1.00000)
column o3 hydrostatic 4.826e-08  (1.1476e+16 cm^-2)

#
# column densities [cm^-2], including scale factors
#
#                           zenith             line-of-sight     
# stratosphere (10 layers):
#                  dry_air  1.484110e+24       1.484110e+24      
#                      h2o  6.723601e+18       6.723601e+18      
#                            (2.01143 um_pwv)   (2.01143 um_pwv)  
#                       o3  4.801977e+18       4.801977e+18      
#                            (178.725 DU)       (178.725 DU)      
#
# troposphere (14 layers):
#                  dry_air  1.041112e+25       1.041112e+25      
#                      h2o  5.442748e+21       5.442748e+21      
#                            (1628.25 um_pwv)   (1628.25 um_pwv)  
#                       o3  9.005323e+17       9.005323e+17      
#                            (33.5169 DU)       (33.5169 DU)      
#
# total (24 layers):
#                  dry_air  1.189523e+25       1.189523e+25      
#                      h2o  5.449472e+21       5.449472e+21      
#                            (1630.26 um_pwv)   (1630.26 um_pwv)  
#                       o3  5.702509e+18       5.702509e+18      
#                            (212.242 DU)       (212.242 DU)      
#

! Warning: Encountered in-band lines narrower than the frequency
!          grid spacing.  The output configuration data includes
!          the unresolved line count after each column definition
!          for which this occurred.  Count: 57

