# am version 13.0 (build date May 30 2024 14:06:47)

# run time 3.139 s

f 10 GHz  1000 GHz  0.025 GHz
output f GHz  tau neper  tx none  Tb K

tol 0.0001
selfbroad_vmr_tol 0.003

geometry plane-parallel
refract none
za 0 deg
PTmode Pbase Tbase

g 980.665 cm*s^-2
dg_dz 0 s^-2

Nscale h2o 1

T0 2.7 K

layer stratosphere
# P 1 mbar
# T 260.21 K
# dP 1 mbar
Pbase 1 mbar
Tbase 260.21 K
Mair 28.964 h2o o3  (28.964)
lineshape Voigt-Kielkopf ch4 co co2 h2o_lines n2o o2_coupled o2_uncoupled o3
column dry_air hydrostatic (0.999991)  (2.12016e+22 cm^-2)
! Warning: Column included 5264 unresolved lines.
column h2o hydrostatic 6.403e-06  (1.35755e+17 cm^-2)  (* 1.00000)
! Warning: Column included 838 unresolved lines.
column o3 hydrostatic 2.994e-06  (6.34781e+16 cm^-2)
! Warning: Column included 33099 unresolved lines.

layer stratosphere
# P 1.5 mbar
# T 259.157 K
# dP 1 mbar
Pbase 2 mbar
Tbase 258.41 K
Mair 28.964 h2o o3  (28.964)
lineshape Gross ch4 co co2 n2o o2_uncoupled o3
lineshape VVW_coupled o2_coupled
lineshape VVH_750 h2o_lines
column dry_air hydrostatic (0.99999)  (2.12015e+22 cm^-2)
! Warning: Column included 5264 unresolved lines.
column h2o hydrostatic 5.881e-06  (1.24687e+17 cm^-2)  (* 1.00000)
! Warning: Column included 838 unresolved lines.
column o3 hydrostatic 4.572e-06  (9.69343e+16 cm^-2)
! Warning: Column included 33099 unresolved lines.

layer stratosphere
# P 2.5 mbar
# T 254.899 K
# dP 1 mbar
Pbase 3 mbar
Tbase 252.03 K
Mair 28.964 h2o o3  (28.964)
lineshape Gross ch4 co co2 n2o o2_uncoupled o3
lineshape VVW_coupled o2_coupled
lineshape VVH_750 h2o_lines
column dry_air hydrostatic (0.999988)  (2.12015e+22 cm^-2)
! Warning: Column included 5264 unresolved lines.
column h2o hydrostatic 5.881e-06  (1.24687e+17 cm^-2)  (* 1.00000)
! Warning: Column included 838 unresolved lines.
column o3 hydrostatic 5.864e-06  (1.24327e+17 cm^-2)
! Warning: Column included 33099 unresolved lines.

layer stratosphere
# P 4 mbar
# T 246.314 K
# dP 2 mbar
Pbase 5 mbar
Tbase 241.88 K
Mair 28.964 h2o o3  (28.9641)
lineshape Gross ch4 co co2 n2o o2_uncoupled o3
lineshape VVW_coupled o2_coupled
lineshape VVH_750 h2o_lines
column dry_air hydrostatic (0.999987)  (4.24028e+22 cm^-2)
! Warning: Column included 5264 unresolved lines.
column h2o hydrostatic 5.359e-06  (2.2724e+17 cm^-2)  (* 1.00000)
! Warning: Column included 838 unresolved lines.
column o3 hydrostatic 7.586e-06  (3.21672e+17 cm^-2)
! Warning: Column included 33099 unresolved lines.

layer stratosphere
# P 6 mbar
# T 238.716 K
# dP 2 mbar
Pbase 7 mbar
Tbase 236.04 K
Mair 28.964 h2o o3  (28.9641)
lineshape Gross ch4 co co2 n2o o2_uncoupled o3
lineshape VVW_coupled o2_coupled
lineshape VVH_750 h2o_lines
column dry_air hydrostatic (0.999986)  (4.24028e+22 cm^-2)
! Warning: Column included 5264 unresolved lines.
column h2o hydrostatic 5.359e-06  (2.2724e+17 cm^-2)  (* 1.00000)
! Warning: Column included 838 unresolved lines.
column o3 hydrostatic 8.28e-06  (3.511e+17 cm^-2)
! Warning: Column included 33099 unresolved lines.

layer stratosphere
# P 8.5 mbar
# T 233.209 K
# dP 3 mbar
Pbase 10 mbar
Tbase 230.84 K
Mair 28.964 h2o o3  (28.9641)
lineshape Gross ch4 co co2 n2o o2_uncoupled o3
lineshape VVW_coupled o2_coupled
lineshape VVH_750 h2o_lines
column dry_air hydrostatic (0.999987)  (6.36042e+22 cm^-2)
! Warning: Column included 5067 unresolved lines.
column h2o hydrostatic 4.836e-06  (3.07594e+17 cm^-2)  (* 1.00000)
! Warning: Column included 563 unresolved lines.
column o3 hydrostatic 8.341e-06  (5.30529e+17 cm^-2)
! Warning: Column included 29654 unresolved lines.

layer stratosphere
# P 15 mbar
# T 226.014 K
# dP 10 mbar
Pbase 20 mbar
Tbase 222.59 K
Mair 28.964 h2o o3  (28.9641)
lineshape Gross ch4 co co2 n2o o2_uncoupled o3
lineshape VVW_coupled o2_coupled
lineshape VVH_750 h2o_lines
column dry_air hydrostatic (0.999989)  (2.12015e+23 cm^-2)
! Warning: Column included 1925 unresolved lines.
column h2o hydrostatic 4.836e-06  (1.02531e+18 cm^-2)  (* 1.00000)
! Warning: Column included 153 unresolved lines.
column o3 hydrostatic 6.513e-06  (1.38087e+18 cm^-2)

layer stratosphere
# P 25 mbar
# T 219.871 K
# dP 10 mbar
Pbase 30 mbar
Tbase 217.65 K
Mair 28.964 h2o o3  (28.964)
lineshape Gross ch4 co co2 n2o o2_uncoupled o3
lineshape VVW_coupled o2_coupled
lineshape VVH_750 h2o_lines
column dry_air hydrostatic (0.999991)  (2.12015e+23 cm^-2)
! Warning: Column included 6 unresolved lines.
column h2o hydrostatic 4.836e-06  (1.02532e+18 cm^-2)  (* 1.00000)
! Warning: Column included 45 unresolved lines.
column o3 hydrostatic 4.579e-06  (9.70827e+17 cm^-2)

layer stratosphere
# P 40 mbar
# T 213.415 K
# dP 20 mbar
Pbase 50 mbar
Tbase 210.13 K
Mair 28.964 h2o o3  (28.964)
lineshape Gross ch4 co co2 n2o o2_uncoupled o3
lineshape VVW_coupled o2_coupled
lineshape VVH_750 h2o_lines
column dry_air hydrostatic (0.999994)  (4.24032e+23 cm^-2)
column h2o hydrostatic 4.314e-06  (1.82929e+18 cm^-2)  (* 1.00000)
! Warning: Column included 27 unresolved lines.
column o3 hydrostatic 2.181e-06  (9.2482e+17 cm^-2)

layer stratosphere
# P 60 mbar
# T 207.231 K
# dP 20 mbar
Pbase 70 mbar
Tbase 204.78 K
Mair 28.964 h2o o3  (28.964)
lineshape Gross ch4 co co2 n2o o2_uncoupled o3
lineshape VVW_coupled o2_coupled
lineshape VVH_750 h2o_lines
column dry_air hydrostatic (0.999995)  (4.24033e+23 cm^-2)
column h2o hydrostatic 4.314e-06  (1.82929e+18 cm^-2)  (* 1.00000)
! Warning: Column included 19 unresolved lines.
column o3 hydrostatic 9.282e-07  (3.9359e+17 cm^-2)

layer troposphere
# P 85 mbar
# T 205.553 K
# dP 30 mbar
Pbase 100 mbar
Tbase 206.2 K
Mair 28.964 h2o o3  (28.964)
lineshape Gross ch4 co co2 n2o o2_uncoupled o3
lineshape VVW_coupled o2_coupled
lineshape VVH_750 h2o_lines
column dry_air hydrostatic (0.999995)  (6.3605e+23 cm^-2)
column h2o hydrostatic 4.836e-06  (3.07595e+18 cm^-2)  (* 1.00000)
! Warning: Column included 18 unresolved lines.
column o3 hydrostatic 3.632e-07  (2.31015e+17 cm^-2)

layer troposphere
# P 112.5 mbar
# T 208.285 K
# dP 25 mbar
Pbase 125 mbar
Tbase 210.15 K
Mair 28.964 h2o o3  (28.9639)
lineshape Gross ch4 co co2 n2o o2_uncoupled o3
lineshape VVW_coupled o2_coupled
lineshape VVH_750 h2o_lines
column dry_air hydrostatic (0.999994)  (5.30042e+23 cm^-2)
column h2o hydrostatic 5.359e-06  (2.84051e+18 cm^-2)  (* 1.00000)
column o3 hydrostatic 2.444e-07  (1.29543e+17 cm^-2)

layer troposphere
# P 137.5 mbar
# T 212.257 K
# dP 25 mbar
Pbase 150 mbar
Tbase 214.18 K
Mair 28.964 h2o o3  (28.9639)
lineshape Gross ch4 co co2 n2o o2_uncoupled o3
lineshape VVW_coupled o2_coupled
lineshape VVH_750 h2o_lines
column dry_air hydrostatic (0.999992)  (5.30041e+23 cm^-2)
column h2o hydrostatic 7.447e-06  (3.94725e+18 cm^-2)  (* 1.00000)
column o3 hydrostatic 1.871e-07  (9.91714e+16 cm^-2)

layer troposphere
# P 162.5 mbar
# T 216.091 K
# dP 25 mbar
Pbase 175 mbar
Tbase 217.86 K
Mair 28.964 h2o o3  (28.9639)
lineshape Gross ch4 co co2 n2o o2_uncoupled o3
lineshape VVW_coupled o2_coupled
lineshape VVH_750 h2o_lines
column dry_air hydrostatic (0.999988)  (5.3004e+23 cm^-2)
column h2o hydrostatic 1.215e-05  (6.44006e+18 cm^-2)  (* 1.00000)
column o3 hydrostatic 1.584e-07  (8.39593e+16 cm^-2)

layer troposphere
# P 187.5 mbar
# T 218.997 K
# dP 25 mbar
Pbase 200 mbar
Tbase 220.06 K
Mair 28.964 h2o o3  (28.9638)
lineshape Gross ch4 co co2 n2o o2_uncoupled o3
lineshape VVW_coupled o2_coupled
lineshape VVH_750 h2o_lines
column dry_air hydrostatic (0.999979)  (5.30037e+23 cm^-2)
column h2o hydrostatic 2.076e-05  (1.10038e+19 cm^-2)  (* 1.00000)
column o3 hydrostatic 1.404e-07  (7.44187e+16 cm^-2)

layer troposphere
# P 212.5 mbar
# T 221.249 K
# dP 25 mbar
Pbase 225 mbar
Tbase 222.37 K
Mair 28.964 h2o o3  (28.9636)
lineshape Gross ch4 co co2 n2o o2_uncoupled o3
lineshape VVW_coupled o2_coupled
lineshape VVH_750 h2o_lines
column dry_air hydrostatic (0.999963)  (5.30032e+23 cm^-2)
column h2o hydrostatic 3.669e-05  (1.94476e+19 cm^-2)  (* 1.00000)
column o3 hydrostatic 1.24e-07  (6.57263e+16 cm^-2)

layer troposphere
# P 237.5 mbar
# T 223.858 K
# dP 25 mbar
Pbase 250 mbar
Tbase 225.27 K
Mair 28.964 h2o o3  (28.9633)
lineshape Gross ch4 co co2 n2o o2_uncoupled o3
lineshape VVW_coupled o2_coupled
lineshape VVH_750 h2o_lines
column dry_air hydrostatic (0.999936)  (5.30022e+23 cm^-2)
column h2o hydrostatic 6.437e-05  (3.41197e+19 cm^-2)  (* 1.00000)
column o3 hydrostatic 1.068e-07  (5.661e+16 cm^-2)

layer troposphere
# P 275 mbar
# T 229.086 K
# dP 50 mbar
Pbase 300 mbar
Tbase 232.57 K
Mair 28.964 h2o o3  (28.9621)
lineshape Gross ch4 co co2 n2o o2_uncoupled o3
lineshape VVW_coupled o2_coupled
lineshape VVH_750 h2o_lines
column dry_air hydrostatic (0.999823)  (1.05997e+24 cm^-2)
column h2o hydrostatic 0.0001766  (1.87224e+20 cm^-2)  (* 1.00000)
column o3 hydrostatic 7.965e-08  (8.44416e+16 cm^-2)

layer troposphere
# P 325 mbar
# T 236.688 K
# dP 50 mbar
Pbase 350 mbar
Tbase 240.5 K
Mair 28.964 h2o o3  (28.9598)
lineshape Gross ch4 co co2 n2o o2_uncoupled o3
lineshape VVW_coupled o2_coupled
lineshape VVH_750 h2o_lines
column dry_air hydrostatic (0.999621)  (1.05984e+24 cm^-2)
column h2o hydrostatic 0.0003792  (4.02043e+20 cm^-2)  (* 1.00000)
column o3 hydrostatic 6.873e-08  (7.28703e+16 cm^-2)

layer troposphere
# P 375 mbar
# T 244.36 K
# dP 50 mbar
Pbase 400 mbar
Tbase 247.97 K
Mair 28.964 h2o o3  (28.9558)
lineshape Gross ch4 co co2 n2o o2_uncoupled o3
lineshape VVW_coupled o2_coupled
lineshape VVH_750 h2o_lines
column dry_air hydrostatic (0.999247)  (1.05959e+24 cm^-2)
column h2o hydrostatic 0.0007529  (7.98367e+20 cm^-2)  (* 1.00000)
column o3 hydrostatic 6.31e-08  (6.69106e+16 cm^-2)

layer troposphere
# P 425 mbar
# T 251.321 K
# dP 50 mbar
Pbase 450 mbar
Tbase 254.48 K
Mair 28.964 h2o o3  (28.9488)
lineshape Gross ch4 co co2 n2o o2_uncoupled o3
lineshape VVW_coupled o2_coupled
lineshape VVH_750 h2o_lines
column dry_air hydrostatic (0.998613)  (1.05917e+24 cm^-2)
column h2o hydrostatic 0.001387  (1.47111e+21 cm^-2)  (* 1.00000)
column o3 hydrostatic 5.882e-08  (6.23871e+16 cm^-2)

layer troposphere
# P 475 mbar
# T 257.369 K
# dP 50 mbar
Pbase 500 mbar
Tbase 260.11 K
Mair 28.964 h2o o3  (28.9403)
lineshape Gross ch4 co co2 n2o o2_uncoupled o3
lineshape VVW_coupled o2_coupled
lineshape VVH_750 h2o_lines
column dry_air hydrostatic (0.997831)  (1.05866e+24 cm^-2)
column h2o hydrostatic 0.002169  (2.30122e+21 cm^-2)  (* 1.00000)
column o3 hydrostatic 5.589e-08  (5.92969e+16 cm^-2)

layer troposphere
# P 510.075 mbar
# T 261.034 K
# dP 20.15 mbar
Pbase 520.15 mbar (observing level)
Tbase 261.94 K
Mair 28.964 h2o o3  (28.9387)
lineshape Gross ch4 co co2 n2o o2_uncoupled o3
lineshape VVW_coupled o2_coupled
lineshape VVH_750 h2o_lines
column dry_air hydrostatic (0.997691)  (4.26601e+23 cm^-2)
column h2o hydrostatic 0.002309  (9.87302e+20 cm^-2)  (* 1.00000)
column o3 hydrostatic 5.416e-08  (2.31582e+16 cm^-2)

#
# column densities [cm^-2], including scale factors
#
#                           zenith             line-of-sight     
# stratosphere (10 layers):
#                  dry_air  1.484110e+24       1.484110e+24      
#                      h2o  6.856408e+18       6.856408e+18      
#                            (2.05116 um_pwv)   (2.05116 um_pwv)  
#                       o3  5.158144e+18       5.158144e+18      
#                            (191.981 DU)       (191.981 DU)      
#
# troposphere (13 layers):
#                  dry_air  9.540092e+24       9.540092e+24      
#                      h2o  6.228139e+21       6.228139e+21      
#                            (1863.21 um_pwv)   (1863.21 um_pwv)  
#                       o3  1.109508e+18       1.109508e+18      
#                            (41.2948 DU)       (41.2948 DU)      
#
# total (23 layers):
#                  dry_air  1.102420e+25       1.102420e+25      
#                      h2o  6.234996e+21       6.234996e+21      
#                            (1865.26 um_pwv)   (1865.26 um_pwv)  
#                       o3  6.267652e+18       6.267652e+18      
#                            (233.276 DU)       (233.276 DU)      
#

! Warning: Encountered in-band lines narrower than the frequency
!          grid spacing.  The output configuration data includes
!          the unresolved line count after each column definition
!          for which this occurred.  Count: 57

