# am version 13.0 (build date May 30 2024 14:06:47)

# run time 3.202 s

f 10 GHz  1000 GHz  0.025 GHz
output f GHz  tau neper  tx none  Tb K

tol 0.0001
selfbroad_vmr_tol 0.003

geometry plane-parallel
refract none
za 0 deg
PTmode Pbase Tbase

g 980.665 cm*s^-2
dg_dz 0 s^-2

Nscale h2o 1

T0 2.7 K

layer stratosphere
# P 1 mbar
# T 256.21 K
# dP 1 mbar
Pbase 1 mbar
Tbase 256.21 K
Mair 28.964 h2o o3  (28.964)
lineshape Voigt-Kielkopf ch4 co co2 h2o_lines n2o o2_coupled o2_uncoupled o3
column dry_air hydrostatic (0.999991)  (2.12016e+22 cm^-2)
! Warning: Column included 5264 unresolved lines.
column h2o hydrostatic 6.403e-06  (1.35755e+17 cm^-2)  (* 1.00000)
! Warning: Column included 838 unresolved lines.
column o3 hydrostatic 2.926e-06  (6.20363e+16 cm^-2)
! Warning: Column included 33099 unresolved lines.

layer stratosphere
# P 1.5 mbar
# T 255.216 K
# dP 1 mbar
Pbase 2 mbar
Tbase 254.51 K
Mair 28.964 h2o o3  (28.964)
lineshape Gross ch4 co co2 n2o o2_uncoupled o3
lineshape VVW_coupled o2_coupled
lineshape VVH_750 h2o_lines
column dry_air hydrostatic (0.99999)  (2.12015e+22 cm^-2)
! Warning: Column included 5264 unresolved lines.
column h2o hydrostatic 5.881e-06  (1.24687e+17 cm^-2)  (* 1.00000)
! Warning: Column included 838 unresolved lines.
column o3 hydrostatic 4.459e-06  (9.45385e+16 cm^-2)
! Warning: Column included 33099 unresolved lines.

layer stratosphere
# P 2.5 mbar
# T 250.828 K
# dP 1 mbar
Pbase 3 mbar
Tbase 247.82 K
Mair 28.964 h2o o3  (28.964)
lineshape Gross ch4 co co2 n2o o2_uncoupled o3
lineshape VVW_coupled o2_coupled
lineshape VVH_750 h2o_lines
column dry_air hydrostatic (0.999988)  (2.12015e+22 cm^-2)
! Warning: Column included 5264 unresolved lines.
column h2o hydrostatic 5.881e-06  (1.24687e+17 cm^-2)  (* 1.00000)
! Warning: Column included 838 unresolved lines.
column o3 hydrostatic 5.622e-06  (1.19196e+17 cm^-2)
! Warning: Column included 33099 unresolved lines.

layer stratosphere
# P 4 mbar
# T 242.036 K
# dP 2 mbar
Pbase 5 mbar
Tbase 237.55 K
Mair 28.964 h2o o3  (28.9641)
lineshape Gross ch4 co co2 n2o o2_uncoupled o3
lineshape VVW_coupled o2_coupled
lineshape VVH_750 h2o_lines
column dry_air hydrostatic (0.999988)  (4.24029e+22 cm^-2)
! Warning: Column included 5264 unresolved lines.
column h2o hydrostatic 5.359e-06  (2.2724e+17 cm^-2)  (* 1.00000)
! Warning: Column included 838 unresolved lines.
column o3 hydrostatic 6.627e-06  (2.81007e+17 cm^-2)
! Warning: Column included 33099 unresolved lines.

layer stratosphere
# P 6 mbar
# T 234.532 K
# dP 2 mbar
Pbase 7 mbar
Tbase 231.98 K
Mair 28.964 h2o o3  (28.9641)
lineshape Gross ch4 co co2 n2o o2_uncoupled o3
lineshape VVW_coupled o2_coupled
lineshape VVH_750 h2o_lines
column dry_air hydrostatic (0.999988)  (4.24029e+22 cm^-2)
! Warning: Column included 5264 unresolved lines.
column h2o hydrostatic 5.228e-06  (2.21685e+17 cm^-2)  (* 1.00000)
! Warning: Column included 838 unresolved lines.
column o3 hydrostatic 7.127e-06  (3.02209e+17 cm^-2)
! Warning: Column included 33099 unresolved lines.

layer stratosphere
# P 8.5 mbar
# T 229.416 K
# dP 3 mbar
Pbase 10 mbar
Tbase 227.27 K
Mair 28.964 h2o o3  (28.9641)
lineshape Gross ch4 co co2 n2o o2_uncoupled o3
lineshape VVW_coupled o2_coupled
lineshape VVH_750 h2o_lines
column dry_air hydrostatic (0.999988)  (6.36043e+22 cm^-2)
! Warning: Column included 5044 unresolved lines.
column h2o hydrostatic 4.836e-06  (3.07594e+17 cm^-2)  (* 1.00000)
! Warning: Column included 539 unresolved lines.
column o3 hydrostatic 7.044e-06  (4.48034e+17 cm^-2)
! Warning: Column included 28590 unresolved lines.

layer stratosphere
# P 15 mbar
# T 222.362 K
# dP 10 mbar
Pbase 20 mbar
Tbase 218.88 K
Mair 28.964 h2o o3  (28.9641)
lineshape Gross ch4 co co2 n2o o2_uncoupled o3
lineshape VVW_coupled o2_coupled
lineshape VVH_750 h2o_lines
column dry_air hydrostatic (0.999989)  (2.12015e+23 cm^-2)
! Warning: Column included 1891 unresolved lines.
column h2o hydrostatic 4.836e-06  (1.02531e+18 cm^-2)  (* 1.00000)
! Warning: Column included 148 unresolved lines.
column o3 hydrostatic 5.897e-06  (1.25026e+18 cm^-2)

layer stratosphere
# P 25 mbar
# T 216.827 K
# dP 10 mbar
Pbase 30 mbar
Tbase 215.15 K
Mair 28.964 h2o o3  (28.964)
lineshape Gross ch4 co co2 n2o o2_uncoupled o3
lineshape VVW_coupled o2_coupled
lineshape VVH_750 h2o_lines
column dry_air hydrostatic (0.999991)  (2.12015e+23 cm^-2)
! Warning: Column included 6 unresolved lines.
column h2o hydrostatic 4.314e-06  (9.14642e+17 cm^-2)  (* 1.00000)
! Warning: Column included 45 unresolved lines.
column o3 hydrostatic 4.535e-06  (9.61498e+17 cm^-2)

layer stratosphere
# P 40 mbar
# T 211.855 K
# dP 20 mbar
Pbase 50 mbar
Tbase 209.3 K
Mair 28.964 h2o o3  (28.964)
lineshape Gross ch4 co co2 n2o o2_uncoupled o3
lineshape VVW_coupled o2_coupled
lineshape VVH_750 h2o_lines
column dry_air hydrostatic (0.999993)  (4.24032e+23 cm^-2)
column h2o hydrostatic 4.314e-06  (1.82929e+18 cm^-2)  (* 1.00000)
! Warning: Column included 27 unresolved lines.
column o3 hydrostatic 2.214e-06  (9.38814e+17 cm^-2)

layer stratosphere
# P 60 mbar
# T 207.523 K
# dP 20 mbar
Pbase 70 mbar
Tbase 206.02 K
Mair 28.964 h2o o3  (28.964)
lineshape Gross ch4 co co2 n2o o2_uncoupled o3
lineshape VVW_coupled o2_coupled
lineshape VVH_750 h2o_lines
column dry_air hydrostatic (0.999995)  (4.24033e+23 cm^-2)
column h2o hydrostatic 4.314e-06  (1.82929e+18 cm^-2)  (* 1.00000)
! Warning: Column included 19 unresolved lines.
column o3 hydrostatic 1.063e-06  (4.5075e+17 cm^-2)

layer troposphere
# P 85 mbar
# T 206.494 K
# dP 30 mbar
Pbase 100 mbar
Tbase 206.89 K
Mair 28.964 h2o o3  (28.964)
lineshape Gross ch4 co co2 n2o o2_uncoupled o3
lineshape VVW_coupled o2_coupled
lineshape VVH_750 h2o_lines
column dry_air hydrostatic (0.999995)  (6.3605e+23 cm^-2)
column h2o hydrostatic 4.314e-06  (2.74393e+18 cm^-2)  (* 1.00000)
! Warning: Column included 18 unresolved lines.
column o3 hydrostatic 4.307e-07  (2.73948e+17 cm^-2)

layer troposphere
# P 112.5 mbar
# T 208.79 K
# dP 25 mbar
Pbase 125 mbar
Tbase 210.49 K
Mair 28.964 h2o o3  (28.964)
lineshape Gross ch4 co co2 n2o o2_uncoupled o3
lineshape VVW_coupled o2_coupled
lineshape VVH_750 h2o_lines
column dry_air hydrostatic (0.999995)  (5.30042e+23 cm^-2)
column h2o hydrostatic 4.314e-06  (2.28661e+18 cm^-2)  (* 1.00000)
column o3 hydrostatic 2.598e-07  (1.37706e+17 cm^-2)

layer troposphere
# P 137.5 mbar
# T 211.969 K
# dP 25 mbar
Pbase 150 mbar
Tbase 213.32 K
Mair 28.964 h2o o3  (28.9639)
lineshape Gross ch4 co co2 n2o o2_uncoupled o3
lineshape VVW_coupled o2_coupled
lineshape VVH_750 h2o_lines
column dry_air hydrostatic (0.999994)  (5.30042e+23 cm^-2)
column h2o hydrostatic 5.359e-06  (2.84051e+18 cm^-2)  (* 1.00000)
column o3 hydrostatic 1.907e-07  (1.0108e+17 cm^-2)

layer troposphere
# P 162.5 mbar
# T 214.379 K
# dP 25 mbar
Pbase 175 mbar
Tbase 215.36 K
Mair 28.964 h2o o3  (28.9639)
lineshape Gross ch4 co co2 n2o o2_uncoupled o3
lineshape VVW_coupled o2_coupled
lineshape VVH_750 h2o_lines
column dry_air hydrostatic (0.999991)  (5.30041e+23 cm^-2)
column h2o hydrostatic 9.014e-06  (4.77783e+18 cm^-2)  (* 1.00000)
column o3 hydrostatic 1.595e-07  (8.45423e+16 cm^-2)

layer troposphere
# P 187.5 mbar
# T 215.985 K
# dP 25 mbar
Pbase 200 mbar
Tbase 216.57 K
Mair 28.964 h2o o3  (28.9639)
lineshape Gross ch4 co co2 n2o o2_uncoupled o3
lineshape VVW_coupled o2_coupled
lineshape VVH_750 h2o_lines
column dry_air hydrostatic (0.999987)  (5.30039e+23 cm^-2)
column h2o hydrostatic 1.319e-05  (6.99131e+18 cm^-2)  (* 1.00000)
column o3 hydrostatic 1.377e-07  (7.29874e+16 cm^-2)

layer troposphere
# P 212.5 mbar
# T 217.419 K
# dP 25 mbar
Pbase 225 mbar
Tbase 218.22 K
Mair 28.964 h2o o3  (28.9638)
lineshape Gross ch4 co co2 n2o o2_uncoupled o3
lineshape VVW_coupled o2_coupled
lineshape VVH_750 h2o_lines
column dry_air hydrostatic (0.99998)  (5.30037e+23 cm^-2)
column h2o hydrostatic 1.998e-05  (1.05904e+19 cm^-2)  (* 1.00000)
column o3 hydrostatic 1.156e-07  (6.12735e+16 cm^-2)

layer troposphere
# P 237.5 mbar
# T 219.272 K
# dP 25 mbar
Pbase 250 mbar
Tbase 220.27 K
Mair 28.964 h2o o3  (28.9637)
lineshape Gross ch4 co co2 n2o o2_uncoupled o3
lineshape VVW_coupled o2_coupled
lineshape VVH_750 h2o_lines
column dry_air hydrostatic (0.999969)  (5.30033e+23 cm^-2)
column h2o hydrostatic 3.095e-05  (1.6405e+19 cm^-2)  (* 1.00000)
column o3 hydrostatic 9.927e-08  (5.26181e+16 cm^-2)

layer troposphere
# P 275 mbar
# T 222.952 K
# dP 50 mbar
Pbase 300 mbar
Tbase 225.4 K
Mair 28.964 h2o o3  (28.9631)
lineshape Gross ch4 co co2 n2o o2_uncoupled o3
lineshape VVW_coupled o2_coupled
lineshape VVH_750 h2o_lines
column dry_air hydrostatic (0.999917)  (1.06003e+24 cm^-2)
column h2o hydrostatic 8.264e-05  (8.76084e+19 cm^-2)  (* 1.00000)
column o3 hydrostatic 7.009e-08  (7.43038e+16 cm^-2)

layer troposphere
# P 325 mbar
# T 229.248 K
# dP 50 mbar
Pbase 350 mbar
Tbase 232.81 K
Mair 28.964 h2o o3  (28.9618)
lineshape Gross ch4 co co2 n2o o2_uncoupled o3
lineshape VVW_coupled o2_coupled
lineshape VVH_750 h2o_lines
column dry_air hydrostatic (0.999796)  (1.05995e+24 cm^-2)
column h2o hydrostatic 0.0002041  (2.16381e+20 cm^-2)  (* 1.00000)
column o3 hydrostatic 5.853e-08  (6.20517e+16 cm^-2)

layer troposphere
# P 375 mbar
# T 236.36 K
# dP 50 mbar
Pbase 400 mbar
Tbase 239.68 K
Mair 28.964 h2o o3  (28.9594)
lineshape Gross ch4 co co2 n2o o2_uncoupled o3
lineshape VVW_coupled o2_coupled
lineshape VVH_750 h2o_lines
column dry_air hydrostatic (0.999584)  (1.05981e+24 cm^-2)
column h2o hydrostatic 0.0004161  (4.41172e+20 cm^-2)  (* 1.00000)
column o3 hydrostatic 5.329e-08  (5.65009e+16 cm^-2)

layer troposphere
# P 425 mbar
# T 243.015 K
# dP 50 mbar
Pbase 450 mbar
Tbase 246.16 K
Mair 28.964 h2o o3  (28.9556)
lineshape Gross ch4 co co2 n2o o2_uncoupled o3
lineshape VVW_coupled o2_coupled
lineshape VVH_750 h2o_lines
column dry_air hydrostatic (0.999233)  (1.05958e+24 cm^-2)
column h2o hydrostatic 0.0007668  (8.13111e+20 cm^-2)  (* 1.00000)
column o3 hydrostatic 4.997e-08  (5.29879e+16 cm^-2)

layer troposphere
# P 475 mbar
# T 248.295 K
# dP 50 mbar
Pbase 500 mbar
Tbase 250.32 K
Mair 28.964 h2o o3  (28.9508)
lineshape Gross ch4 co co2 n2o o2_uncoupled o3
lineshape VVW_coupled o2_coupled
lineshape VVH_750 h2o_lines
column dry_air hydrostatic (0.998794)  (1.05929e+24 cm^-2)
column h2o hydrostatic 0.001206  (1.27905e+21 cm^-2)  (* 1.00000)
column o3 hydrostatic 4.808e-08  (5.09923e+16 cm^-2)

layer troposphere
# P 525 mbar
# T 252.286 K
# dP 50 mbar
Pbase 550 mbar
Tbase 254.16 K
Mair 28.964 h2o o3  (28.9524)
lineshape Gross ch4 co co2 n2o o2_uncoupled o3
lineshape VVW_coupled o2_coupled
lineshape VVH_750 h2o_lines
column dry_air hydrostatic (0.998943)  (1.05939e+24 cm^-2)
column h2o hydrostatic 0.001057  (1.12096e+21 cm^-2)  (* 1.00000)
column o3 hydrostatic 4.769e-08  (5.05758e+16 cm^-2)

layer troposphere
# P 555.605 mbar
# T 254.622 K
# dP 11.21 mbar
Pbase 561.21 mbar (observing level)
Tbase 255.08 K
Mair 28.964 h2o o3  (28.9524)
lineshape Gross ch4 co co2 n2o o2_uncoupled o3
lineshape VVW_coupled o2_coupled
lineshape VVH_750 h2o_lines
column dry_air hydrostatic (0.998943)  (2.37515e+23 cm^-2)
column h2o hydrostatic 0.001057  (2.51319e+20 cm^-2)  (* 1.00000)
column o3 hydrostatic 4.769e-08  (1.13391e+16 cm^-2)

#
# column densities [cm^-2], including scale factors
#
#                           zenith             line-of-sight     
# stratosphere (10 layers):
#                  dry_air  1.484110e+24       1.484110e+24      
#                      h2o  6.740181e+18       6.740181e+18      
#                            (2.01639 um_pwv)   (2.01639 um_pwv)  
#                       o3  4.908347e+18       4.908347e+18      
#                            (182.684 DU)       (182.684 DU)      
#
# troposphere (14 layers):
#                  dry_air  1.041186e+25       1.041186e+25      
#                      h2o  4.256235e+21       4.256235e+21      
#                            (1273.29 um_pwv)   (1273.29 um_pwv)  
#                       o3  1.142906e+18       1.142906e+18      
#                            (42.5378 DU)       (42.5378 DU)      
#
# total (24 layers):
#                  dry_air  1.189597e+25       1.189597e+25      
#                      h2o  4.262975e+21       4.262975e+21      
#                            (1275.31 um_pwv)   (1275.31 um_pwv)  
#                       o3  6.051253e+18       6.051253e+18      
#                            (225.222 DU)       (225.222 DU)      
#

! Warning: Encountered in-band lines narrower than the frequency
!          grid spacing.  The output configuration data includes
!          the unresolved line count after each column definition
!          for which this occurred.  Count: 57

