# am version 13.0 (build date May 30 2024 14:06:47)

# run time 3.590 s

f 10 GHz  1000 GHz  0.025 GHz
output f GHz  tau neper  tx none  Tb K

tol 0.0001
selfbroad_vmr_tol 0.003

geometry plane-parallel
refract none
za 0 deg
PTmode Pbase Tbase

g 980.665 cm*s^-2
dg_dz 0 s^-2

Nscale h2o 1

T0 2.7 K

layer stratosphere
# P 1 mbar
# T 259.65 K
# dP 1 mbar
Pbase 1 mbar
Tbase 259.65 K
Mair 28.964 h2o o3  (28.964)
lineshape Voigt-Kielkopf ch4 co co2 h2o_lines n2o o2_coupled o2_uncoupled o3
column dry_air hydrostatic (0.999991)  (2.12016e+22 cm^-2)
! Warning: Column included 5264 unresolved lines.
column h2o hydrostatic 6.403e-06  (1.35755e+17 cm^-2)  (* 1.00000)
! Warning: Column included 838 unresolved lines.
column o3 hydrostatic 3.078e-06  (6.5259e+16 cm^-2)
! Warning: Column included 33099 unresolved lines.

layer stratosphere
# P 1.5 mbar
# T 259.51 K
# dP 1 mbar
Pbase 2 mbar
Tbase 259.41 K
Mair 28.964 h2o o3  (28.964)
lineshape Gross ch4 co co2 n2o o2_uncoupled o3
lineshape VVW_coupled o2_coupled
lineshape VVH_750 h2o_lines
column dry_air hydrostatic (0.999989)  (2.12015e+22 cm^-2)
! Warning: Column included 5264 unresolved lines.
column h2o hydrostatic 5.881e-06  (1.24687e+17 cm^-2)  (* 1.00000)
! Warning: Column included 838 unresolved lines.
column o3 hydrostatic 4.836e-06  (1.02532e+17 cm^-2)
! Warning: Column included 33099 unresolved lines.

layer stratosphere
# P 2.5 mbar
# T 255.767 K
# dP 1 mbar
Pbase 3 mbar
Tbase 252.79 K
Mair 28.964 h2o o3  (28.964)
lineshape Gross ch4 co co2 n2o o2_uncoupled o3
lineshape VVW_coupled o2_coupled
lineshape VVH_750 h2o_lines
column dry_air hydrostatic (0.999988)  (2.12015e+22 cm^-2)
! Warning: Column included 5264 unresolved lines.
column h2o hydrostatic 5.881e-06  (1.24687e+17 cm^-2)  (* 1.00000)
! Warning: Column included 838 unresolved lines.
column o3 hydrostatic 5.972e-06  (1.26617e+17 cm^-2)
! Warning: Column included 33099 unresolved lines.

layer stratosphere
# P 4 mbar
# T 246.854 K
# dP 2 mbar
Pbase 5 mbar
Tbase 242.25 K
Mair 28.964 h2o o3  (28.9641)
lineshape Gross ch4 co co2 n2o o2_uncoupled o3
lineshape VVW_coupled o2_coupled
lineshape VVH_750 h2o_lines
column dry_air hydrostatic (0.999987)  (4.24028e+22 cm^-2)
! Warning: Column included 5264 unresolved lines.
column h2o hydrostatic 5.881e-06  (2.49374e+17 cm^-2)  (* 1.00000)
! Warning: Column included 838 unresolved lines.
column o3 hydrostatic 7.106e-06  (3.01319e+17 cm^-2)
! Warning: Column included 33099 unresolved lines.

layer stratosphere
# P 6 mbar
# T 238.999 K
# dP 2 mbar
Pbase 7 mbar
Tbase 236.25 K
Mair 28.964 h2o o3  (28.9641)
lineshape Gross ch4 co co2 n2o o2_uncoupled o3
lineshape VVW_coupled o2_coupled
lineshape VVH_750 h2o_lines
column dry_air hydrostatic (0.999987)  (4.24028e+22 cm^-2)
! Warning: Column included 5264 unresolved lines.
column h2o hydrostatic 5.359e-06  (2.2724e+17 cm^-2)  (* 1.00000)
! Warning: Column included 838 unresolved lines.
column o3 hydrostatic 7.569e-06  (3.20951e+17 cm^-2)
! Warning: Column included 33099 unresolved lines.

layer stratosphere
# P 8.5 mbar
# T 233.332 K
# dP 3 mbar
Pbase 10 mbar
Tbase 230.89 K
Mair 28.964 h2o o3  (28.9641)
lineshape Gross ch4 co co2 n2o o2_uncoupled o3
lineshape VVW_coupled o2_coupled
lineshape VVH_750 h2o_lines
column dry_air hydrostatic (0.999987)  (6.36042e+22 cm^-2)
! Warning: Column included 5067 unresolved lines.
column h2o hydrostatic 5.359e-06  (3.4086e+17 cm^-2)  (* 1.00000)
! Warning: Column included 563 unresolved lines.
column o3 hydrostatic 7.638e-06  (4.85815e+17 cm^-2)
! Warning: Column included 29654 unresolved lines.

layer stratosphere
# P 15 mbar
# T 225.777 K
# dP 10 mbar
Pbase 20 mbar
Tbase 222.15 K
Mair 28.964 h2o o3  (28.9641)
lineshape Gross ch4 co co2 n2o o2_uncoupled o3
lineshape VVW_coupled o2_coupled
lineshape VVH_750 h2o_lines
column dry_air hydrostatic (0.999989)  (2.12015e+23 cm^-2)
! Warning: Column included 1925 unresolved lines.
column h2o hydrostatic 4.836e-06  (1.02531e+18 cm^-2)  (* 1.00000)
! Warning: Column included 151 unresolved lines.
column o3 hydrostatic 6.353e-06  (1.34694e+18 cm^-2)

layer stratosphere
# P 25 mbar
# T 219.563 K
# dP 10 mbar
Pbase 30 mbar
Tbase 217.45 K
Mair 28.964 h2o o3  (28.964)
lineshape Gross ch4 co co2 n2o o2_uncoupled o3
lineshape VVW_coupled o2_coupled
lineshape VVH_750 h2o_lines
column dry_air hydrostatic (0.99999)  (2.12015e+23 cm^-2)
! Warning: Column included 6 unresolved lines.
column h2o hydrostatic 4.836e-06  (1.02532e+18 cm^-2)  (* 1.00000)
! Warning: Column included 45 unresolved lines.
column o3 hydrostatic 4.838e-06  (1.02574e+18 cm^-2)

layer stratosphere
# P 40 mbar
# T 213.908 K
# dP 20 mbar
Pbase 50 mbar
Tbase 211.16 K
Mair 28.964 h2o o3  (28.964)
lineshape Gross ch4 co co2 n2o o2_uncoupled o3
lineshape VVW_coupled o2_coupled
lineshape VVH_750 h2o_lines
column dry_air hydrostatic (0.999993)  (4.24032e+23 cm^-2)
column h2o hydrostatic 4.836e-06  (2.05063e+18 cm^-2)  (* 1.00000)
! Warning: Column included 27 unresolved lines.
column o3 hydrostatic 2.657e-06  (1.12666e+18 cm^-2)

layer stratosphere
# P 60 mbar
# T 209.67 K
# dP 20 mbar
Pbase 70 mbar
Tbase 208.41 K
Mair 28.964 h2o o3  (28.964)
lineshape Gross ch4 co co2 n2o o2_uncoupled o3
lineshape VVW_coupled o2_coupled
lineshape VVH_750 h2o_lines
column dry_air hydrostatic (0.999994)  (4.24033e+23 cm^-2)
column h2o hydrostatic 4.836e-06  (2.05064e+18 cm^-2)  (* 1.00000)
! Warning: Column included 19 unresolved lines.
column o3 hydrostatic 1.349e-06  (5.72024e+17 cm^-2)

layer troposphere
# P 85 mbar
# T 209.134 K
# dP 30 mbar
Pbase 100 mbar
Tbase 209.74 K
Mair 28.964 h2o o3  (28.964)
lineshape Gross ch4 co co2 n2o o2_uncoupled o3
lineshape VVW_coupled o2_coupled
lineshape VVH_750 h2o_lines
column dry_air hydrostatic (0.999995)  (6.3605e+23 cm^-2)
column h2o hydrostatic 4.836e-06  (3.07595e+18 cm^-2)  (* 1.00000)
! Warning: Column included 18 unresolved lines.
column o3 hydrostatic 5.757e-07  (3.66176e+17 cm^-2)

layer troposphere
# P 112.5 mbar
# T 211.424 K
# dP 25 mbar
Pbase 125 mbar
Tbase 212.93 K
Mair 28.964 h2o o3  (28.9639)
lineshape Gross ch4 co co2 n2o o2_uncoupled o3
lineshape VVW_coupled o2_coupled
lineshape VVH_750 h2o_lines
column dry_air hydrostatic (0.999994)  (5.30042e+23 cm^-2)
column h2o hydrostatic 5.359e-06  (2.84051e+18 cm^-2)  (* 1.00000)
column o3 hydrostatic 3.859e-07  (2.04544e+17 cm^-2)

layer troposphere
# P 137.5 mbar
# T 214.404 K
# dP 25 mbar
Pbase 150 mbar
Tbase 215.75 K
Mair 28.964 h2o o3  (28.9639)
lineshape Gross ch4 co co2 n2o o2_uncoupled o3
lineshape VVW_coupled o2_coupled
lineshape VVH_750 h2o_lines
column dry_air hydrostatic (0.999993)  (5.30041e+23 cm^-2)
column h2o hydrostatic 6.925e-06  (3.67056e+18 cm^-2)  (* 1.00000)
column o3 hydrostatic 3.08e-07  (1.63254e+17 cm^-2)

layer troposphere
# P 162.5 mbar
# T 216.726 K
# dP 25 mbar
Pbase 175 mbar
Tbase 217.63 K
Mair 28.964 h2o o3  (28.9639)
lineshape Gross ch4 co co2 n2o o2_uncoupled o3
lineshape VVW_coupled o2_coupled
lineshape VVH_750 h2o_lines
column dry_air hydrostatic (0.999989)  (5.3004e+23 cm^-2)
column h2o hydrostatic 1.11e-05  (5.88351e+18 cm^-2)  (* 1.00000)
column o3 hydrostatic 2.573e-07  (1.36381e+17 cm^-2)

layer troposphere
# P 187.5 mbar
# T 218.379 K
# dP 25 mbar
Pbase 200 mbar
Tbase 219.08 K
Mair 28.964 h2o o3  (28.9638)
lineshape Gross ch4 co co2 n2o o2_uncoupled o3
lineshape VVW_coupled o2_coupled
lineshape VVH_750 h2o_lines
column dry_air hydrostatic (0.999982)  (5.30038e+23 cm^-2)
column h2o hydrostatic 1.737e-05  (9.20692e+18 cm^-2)  (* 1.00000)
column o3 hydrostatic 2.186e-07  (1.15868e+17 cm^-2)

layer troposphere
# P 212.5 mbar
# T 219.723 K
# dP 25 mbar
Pbase 225 mbar
Tbase 220.33 K
Mair 28.964 h2o o3  (28.9637)
lineshape Gross ch4 co co2 n2o o2_uncoupled o3
lineshape VVW_coupled o2_coupled
lineshape VVH_750 h2o_lines
column dry_air hydrostatic (0.999972)  (5.30035e+23 cm^-2)
column h2o hydrostatic 2.742e-05  (1.45339e+19 cm^-2)  (* 1.00000)
column o3 hydrostatic 1.758e-07  (9.31826e+16 cm^-2)

layer troposphere
# P 237.5 mbar
# T 221.556 K
# dP 25 mbar
Pbase 250 mbar
Tbase 222.72 K
Mair 28.964 h2o o3  (28.9635)
lineshape Gross ch4 co co2 n2o o2_uncoupled o3
lineshape VVW_coupled o2_coupled
lineshape VVH_750 h2o_lines
column dry_air hydrostatic (0.999956)  (5.30029e+23 cm^-2)
column h2o hydrostatic 4.361e-05  (2.31156e+19 cm^-2)  (* 1.00000)
column o3 hydrostatic 1.356e-07  (7.18751e+16 cm^-2)

layer troposphere
# P 275 mbar
# T 226.186 K
# dP 50 mbar
Pbase 300 mbar
Tbase 229.35 K
Mair 28.964 h2o o3  (28.9627)
lineshape Gross ch4 co co2 n2o o2_uncoupled o3
lineshape VVW_coupled o2_coupled
lineshape VVH_750 h2o_lines
column dry_air hydrostatic (0.999885)  (1.06001e+24 cm^-2)
column h2o hydrostatic 0.0001151  (1.22021e+20 cm^-2)  (* 1.00000)
column o3 hydrostatic 8.047e-08  (8.53089e+16 cm^-2)

layer troposphere
# P 325 mbar
# T 232.876 K
# dP 50 mbar
Pbase 350 mbar
Tbase 236.14 K
Mair 28.964 h2o o3  (28.9611)
lineshape Gross ch4 co co2 n2o o2_uncoupled o3
lineshape VVW_coupled o2_coupled
lineshape VVH_750 h2o_lines
column dry_air hydrostatic (0.999732)  (1.05991e+24 cm^-2)
column h2o hydrostatic 0.0002684  (2.84556e+20 cm^-2)  (* 1.00000)
column o3 hydrostatic 6.274e-08  (6.65166e+16 cm^-2)

layer troposphere
# P 375 mbar
# T 239.777 K
# dP 50 mbar
Pbase 400 mbar
Tbase 243.18 K
Mair 28.964 h2o o3  (28.9582)
lineshape Gross ch4 co co2 n2o o2_uncoupled o3
lineshape VVW_coupled o2_coupled
lineshape VVH_750 h2o_lines
column dry_air hydrostatic (0.999466)  (1.05974e+24 cm^-2)
column h2o hydrostatic 0.0005338  (5.65989e+20 cm^-2)  (* 1.00000)
column o3 hydrostatic 5.66e-08  (6.00131e+16 cm^-2)

layer troposphere
# P 425 mbar
# T 246.52 K
# dP 50 mbar
Pbase 450 mbar
Tbase 249.67 K
Mair 28.964 h2o o3  (28.9532)
lineshape Gross ch4 co co2 n2o o2_uncoupled o3
lineshape VVW_coupled o2_coupled
lineshape VVH_750 h2o_lines
column dry_air hydrostatic (0.999014)  (1.05944e+24 cm^-2)
column h2o hydrostatic 0.000986  (1.04564e+21 cm^-2)  (* 1.00000)
column o3 hydrostatic 5.443e-08  (5.77221e+16 cm^-2)

layer troposphere
# P 475 mbar
# T 252.456 K
# dP 50 mbar
Pbase 500 mbar
Tbase 255.1 K
Mair 28.964 h2o o3  (28.9474)
lineshape Gross ch4 co co2 n2o o2_uncoupled o3
lineshape VVW_coupled o2_coupled
lineshape VVH_750 h2o_lines
column dry_air hydrostatic (0.998488)  (1.05909e+24 cm^-2)
column h2o hydrostatic 0.001512  (1.60377e+21 cm^-2)  (* 1.00000)
column o3 hydrostatic 5.443e-08  (5.77336e+16 cm^-2)

layer troposphere
# P 525 mbar
# T 256.866 K
# dP 50 mbar
Pbase 550 mbar
Tbase 258.55 K
Mair 28.964 h2o o3  (28.9488)
lineshape Gross ch4 co co2 n2o o2_uncoupled o3
lineshape VVW_coupled o2_coupled
lineshape VVH_750 h2o_lines
column dry_air hydrostatic (0.998613)  (1.05917e+24 cm^-2)
column h2o hydrostatic 0.001387  (1.47111e+21 cm^-2)  (* 1.00000)
column o3 hydrostatic 5.436e-08  (5.76566e+16 cm^-2)

layer troposphere
# P 555.605 mbar
# T 259.007 K
# dP 11.21 mbar
Pbase 561.21 mbar (observing level)
Tbase 259.46 K
Mair 28.964 h2o o3  (28.9488)
lineshape Gross ch4 co co2 n2o o2_uncoupled o3
lineshape VVW_coupled o2_coupled
lineshape VVH_750 h2o_lines
column dry_air hydrostatic (0.998613)  (2.37466e+23 cm^-2)
column h2o hydrostatic 0.001387  (3.29823e+20 cm^-2)  (* 1.00000)
column o3 hydrostatic 5.436e-08  (1.29266e+16 cm^-2)

#
# column densities [cm^-2], including scale factors
#
#                           zenith             line-of-sight     
# stratosphere (10 layers):
#                  dry_air  1.484109e+24       1.484109e+24      
#                      h2o  7.354501e+18       7.354501e+18      
#                            (2.20017 um_pwv)   (2.20017 um_pwv)  
#                       o3  5.473860e+18       5.473860e+18      
#                            (203.732 DU)       (203.732 DU)      
#
# troposphere (14 layers):
#                  dry_air  1.041110e+25       1.041110e+25      
#                      h2o  5.485234e+21       5.485234e+21      
#                            (1640.96 um_pwv)   (1640.96 um_pwv)  
#                       o3  1.549158e+18       1.549158e+18      
#                            (57.6581 DU)       (57.6581 DU)      
#
# total (24 layers):
#                  dry_air  1.189521e+25       1.189521e+25      
#                      h2o  5.492589e+21       5.492589e+21      
#                            (1643.16 um_pwv)   (1643.16 um_pwv)  
#                       o3  7.023019e+18       7.023019e+18      
#                            (261.39 DU)        (261.39 DU)       
#

! Warning: Encountered in-band lines narrower than the frequency
!          grid spacing.  The output configuration data includes
!          the unresolved line count after each column definition
!          for which this occurred.  Count: 57

