# am version 13.0 (build date May 30 2024 14:06:47)

# run time 3.312 s

f 10 GHz  1000 GHz  0.025 GHz
output f GHz  tau neper  tx none  Tb K

tol 0.0001
selfbroad_vmr_tol 0.003

geometry plane-parallel
refract none
za 0 deg
PTmode Pbase Tbase

g 980.665 cm*s^-2
dg_dz 0 s^-2

Nscale h2o 1

T0 2.7 K

layer stratosphere
# P 1 mbar
# T 257.45 K
# dP 1 mbar
Pbase 1 mbar
Tbase 257.45 K
Mair 28.964 h2o o3  (28.964)
lineshape Voigt-Kielkopf ch4 co co2 h2o_lines n2o o2_coupled o2_uncoupled o3
column dry_air hydrostatic (0.999991)  (2.12016e+22 cm^-2)
! Warning: Column included 5264 unresolved lines.
column h2o hydrostatic 6.403e-06  (1.35755e+17 cm^-2)  (* 1.00000)
! Warning: Column included 838 unresolved lines.
column o3 hydrostatic 3.015e-06  (6.39233e+16 cm^-2)
! Warning: Column included 33099 unresolved lines.

layer stratosphere
# P 1.5 mbar
# T 257.362 K
# dP 1 mbar
Pbase 2 mbar
Tbase 257.3 K
Mair 28.964 h2o o3  (28.964)
lineshape Gross ch4 co co2 n2o o2_uncoupled o3
lineshape VVW_coupled o2_coupled
lineshape VVH_750 h2o_lines
column dry_air hydrostatic (0.999989)  (2.12015e+22 cm^-2)
! Warning: Column included 5264 unresolved lines.
column h2o hydrostatic 5.881e-06  (1.24687e+17 cm^-2)  (* 1.00000)
! Warning: Column included 838 unresolved lines.
column o3 hydrostatic 4.62e-06  (9.7952e+16 cm^-2)
! Warning: Column included 33099 unresolved lines.

layer stratosphere
# P 2.5 mbar
# T 253.36 K
# dP 1 mbar
Pbase 3 mbar
Tbase 250.14 K
Mair 28.964 h2o o3  (28.964)
lineshape Gross ch4 co co2 n2o o2_uncoupled o3
lineshape VVW_coupled o2_coupled
lineshape VVH_750 h2o_lines
column dry_air hydrostatic (0.999988)  (2.12015e+22 cm^-2)
! Warning: Column included 5264 unresolved lines.
column h2o hydrostatic 5.881e-06  (1.24687e+17 cm^-2)  (* 1.00000)
! Warning: Column included 838 unresolved lines.
column o3 hydrostatic 5.778e-06  (1.22504e+17 cm^-2)
! Warning: Column included 33099 unresolved lines.

layer stratosphere
# P 4 mbar
# T 244.525 K
# dP 2 mbar
Pbase 5 mbar
Tbase 240.17 K
Mair 28.964 h2o o3  (28.9641)
lineshape Gross ch4 co co2 n2o o2_uncoupled o3
lineshape VVW_coupled o2_coupled
lineshape VVH_750 h2o_lines
column dry_air hydrostatic (0.999988)  (4.24029e+22 cm^-2)
! Warning: Column included 5264 unresolved lines.
column h2o hydrostatic 5.359e-06  (2.2724e+17 cm^-2)  (* 1.00000)
! Warning: Column included 838 unresolved lines.
column o3 hydrostatic 6.854e-06  (2.90633e+17 cm^-2)
! Warning: Column included 33099 unresolved lines.

layer stratosphere
# P 6 mbar
# T 236.708 K
# dP 2 mbar
Pbase 7 mbar
Tbase 233.78 K
Mair 28.964 h2o o3  (28.9641)
lineshape Gross ch4 co co2 n2o o2_uncoupled o3
lineshape VVW_coupled o2_coupled
lineshape VVH_750 h2o_lines
column dry_air hydrostatic (0.999987)  (4.24028e+22 cm^-2)
! Warning: Column included 5264 unresolved lines.
column h2o hydrostatic 5.359e-06  (2.2724e+17 cm^-2)  (* 1.00000)
! Warning: Column included 838 unresolved lines.
column o3 hydrostatic 7.333e-06  (3.10944e+17 cm^-2)
! Warning: Column included 33099 unresolved lines.

layer stratosphere
# P 8.5 mbar
# T 230.753 K
# dP 3 mbar
Pbase 10 mbar
Tbase 228.22 K
Mair 28.964 h2o o3  (28.9641)
lineshape Gross ch4 co co2 n2o o2_uncoupled o3
lineshape VVW_coupled o2_coupled
lineshape VVH_750 h2o_lines
column dry_air hydrostatic (0.999988)  (6.36043e+22 cm^-2)
! Warning: Column included 5044 unresolved lines.
column h2o hydrostatic 4.836e-06  (3.07594e+17 cm^-2)  (* 1.00000)
! Warning: Column included 549 unresolved lines.
column o3 hydrostatic 7.333e-06  (4.66416e+17 cm^-2)
! Warning: Column included 28890 unresolved lines.

layer stratosphere
# P 15 mbar
# T 224.043 K
# dP 10 mbar
Pbase 20 mbar
Tbase 221.08 K
Mair 28.964 h2o o3  (28.9641)
lineshape Gross ch4 co co2 n2o o2_uncoupled o3
lineshape VVW_coupled o2_coupled
lineshape VVH_750 h2o_lines
column dry_air hydrostatic (0.999989)  (2.12015e+23 cm^-2)
! Warning: Column included 1925 unresolved lines.
column h2o hydrostatic 4.836e-06  (1.02531e+18 cm^-2)  (* 1.00000)
! Warning: Column included 151 unresolved lines.
column o3 hydrostatic 6.183e-06  (1.3109e+18 cm^-2)

layer stratosphere
# P 25 mbar
# T 218.477 K
# dP 10 mbar
Pbase 30 mbar
Tbase 216.35 K
Mair 28.964 h2o o3  (28.964)
lineshape Gross ch4 co co2 n2o o2_uncoupled o3
lineshape VVW_coupled o2_coupled
lineshape VVH_750 h2o_lines
column dry_air hydrostatic (0.999991)  (2.12015e+23 cm^-2)
! Warning: Column included 6 unresolved lines.
column h2o hydrostatic 4.836e-06  (1.02532e+18 cm^-2)  (* 1.00000)
! Warning: Column included 45 unresolved lines.
column o3 hydrostatic 4.639e-06  (9.83548e+17 cm^-2)

layer stratosphere
# P 40 mbar
# T 212.87 K
# dP 20 mbar
Pbase 50 mbar
Tbase 210.17 K
Mair 28.964 h2o o3  (28.964)
lineshape Gross ch4 co co2 n2o o2_uncoupled o3
lineshape VVW_coupled o2_coupled
lineshape VVH_750 h2o_lines
column dry_air hydrostatic (0.999993)  (4.24032e+23 cm^-2)
column h2o hydrostatic 4.836e-06  (2.05063e+18 cm^-2)  (* 1.00000)
! Warning: Column included 27 unresolved lines.
column o3 hydrostatic 2.451e-06  (1.03931e+18 cm^-2)

layer stratosphere
# P 60 mbar
# T 208.604 K
# dP 20 mbar
Pbase 70 mbar
Tbase 207.28 K
Mair 28.964 h2o o3  (28.964)
lineshape Gross ch4 co co2 n2o o2_uncoupled o3
lineshape VVW_coupled o2_coupled
lineshape VVH_750 h2o_lines
column dry_air hydrostatic (0.999994)  (4.24033e+23 cm^-2)
column h2o hydrostatic 4.836e-06  (2.05064e+18 cm^-2)  (* 1.00000)
! Warning: Column included 19 unresolved lines.
column o3 hydrostatic 1.185e-06  (5.02482e+17 cm^-2)

layer troposphere
# P 85 mbar
# T 207.911 K
# dP 30 mbar
Pbase 100 mbar
Tbase 208.44 K
Mair 28.964 h2o o3  (28.964)
lineshape Gross ch4 co co2 n2o o2_uncoupled o3
lineshape VVW_coupled o2_coupled
lineshape VVH_750 h2o_lines
column dry_air hydrostatic (0.999995)  (6.3605e+23 cm^-2)
column h2o hydrostatic 4.314e-06  (2.74393e+18 cm^-2)  (* 1.00000)
! Warning: Column included 18 unresolved lines.
column o3 hydrostatic 4.955e-07  (3.15164e+17 cm^-2)

layer troposphere
# P 112.5 mbar
# T 210.24 K
# dP 25 mbar
Pbase 125 mbar
Tbase 211.85 K
Mair 28.964 h2o o3  (28.964)
lineshape Gross ch4 co co2 n2o o2_uncoupled o3
lineshape VVW_coupled o2_coupled
lineshape VVH_750 h2o_lines
column dry_air hydrostatic (0.999995)  (5.30042e+23 cm^-2)
column h2o hydrostatic 4.836e-06  (2.5633e+18 cm^-2)  (* 1.00000)
column o3 hydrostatic 3.252e-07  (1.72371e+17 cm^-2)

layer troposphere
# P 137.5 mbar
# T 213.324 K
# dP 25 mbar
Pbase 150 mbar
Tbase 214.67 K
Mair 28.964 h2o o3  (28.9639)
lineshape Gross ch4 co co2 n2o o2_uncoupled o3
lineshape VVW_coupled o2_coupled
lineshape VVH_750 h2o_lines
column dry_air hydrostatic (0.999994)  (5.30041e+23 cm^-2)
column h2o hydrostatic 6.142e-06  (3.25554e+18 cm^-2)  (* 1.00000)
column o3 hydrostatic 2.4e-07  (1.27211e+17 cm^-2)

layer troposphere
# P 162.5 mbar
# T 215.75 K
# dP 25 mbar
Pbase 175 mbar
Tbase 216.75 K
Mair 28.964 h2o o3  (28.9639)
lineshape Gross ch4 co co2 n2o o2_uncoupled o3
lineshape VVW_coupled o2_coupled
lineshape VVH_750 h2o_lines
column dry_air hydrostatic (0.99999)  (5.3004e+23 cm^-2)
column h2o hydrostatic 1.006e-05  (5.33226e+18 cm^-2)  (* 1.00000)
column o3 hydrostatic 2.024e-07  (1.07281e+17 cm^-2)

layer troposphere
# P 187.5 mbar
# T 217.246 K
# dP 25 mbar
Pbase 200 mbar
Tbase 217.71 K
Mair 28.964 h2o o3  (28.9638)
lineshape Gross ch4 co co2 n2o o2_uncoupled o3
lineshape VVW_coupled o2_coupled
lineshape VVH_750 h2o_lines
column dry_air hydrostatic (0.999984)  (5.30038e+23 cm^-2)
column h2o hydrostatic 1.58e-05  (8.37474e+18 cm^-2)  (* 1.00000)
column o3 hydrostatic 1.664e-07  (8.81998e+16 cm^-2)

layer troposphere
# P 212.5 mbar
# T 218.621 K
# dP 25 mbar
Pbase 225 mbar
Tbase 219.48 K
Mair 28.964 h2o o3  (28.9637)
lineshape Gross ch4 co co2 n2o o2_uncoupled o3
lineshape VVW_coupled o2_coupled
lineshape VVH_750 h2o_lines
column dry_air hydrostatic (0.999976)  (5.30036e+23 cm^-2)
column h2o hydrostatic 2.364e-05  (1.25303e+19 cm^-2)  (* 1.00000)
column o3 hydrostatic 1.389e-07  (7.36237e+16 cm^-2)

layer troposphere
# P 237.5 mbar
# T 220.671 K
# dP 25 mbar
Pbase 250 mbar
Tbase 221.8 K
Mair 28.964 h2o o3  (28.9636)
lineshape Gross ch4 co co2 n2o o2_uncoupled o3
lineshape VVW_coupled o2_coupled
lineshape VVH_750 h2o_lines
column dry_air hydrostatic (0.999963)  (5.30032e+23 cm^-2)
column h2o hydrostatic 3.643e-05  (1.93098e+19 cm^-2)  (* 1.00000)
column o3 hydrostatic 1.137e-07  (6.02668e+16 cm^-2)

layer troposphere
# P 275 mbar
# T 224.795 K
# dP 50 mbar
Pbase 300 mbar
Tbase 227.53 K
Mair 28.964 h2o o3  (28.9629)
lineshape Gross ch4 co co2 n2o o2_uncoupled o3
lineshape VVW_coupled o2_coupled
lineshape VVH_750 h2o_lines
column dry_air hydrostatic (0.999904)  (1.06002e+24 cm^-2)
column h2o hydrostatic 9.622e-05  (1.02005e+20 cm^-2)  (* 1.00000)
column o3 hydrostatic 7.53e-08  (7.98275e+16 cm^-2)

layer troposphere
# P 325 mbar
# T 231.056 K
# dP 50 mbar
Pbase 350 mbar
Tbase 234.32 K
Mair 28.964 h2o o3  (28.9615)
lineshape Gross ch4 co co2 n2o o2_uncoupled o3
lineshape VVW_coupled o2_coupled
lineshape VVH_750 h2o_lines
column dry_air hydrostatic (0.999771)  (1.05994e+24 cm^-2)
column h2o hydrostatic 0.0002294  (2.43205e+20 cm^-2)  (* 1.00000)
column o3 hydrostatic 6.074e-08  (6.43953e+16 cm^-2)

layer troposphere
# P 375 mbar
# T 237.73 K
# dP 50 mbar
Pbase 400 mbar
Tbase 240.92 K
Mair 28.964 h2o o3  (28.959)
lineshape Gross ch4 co co2 n2o o2_uncoupled o3
lineshape VVW_coupled o2_coupled
lineshape VVH_750 h2o_lines
column dry_air hydrostatic (0.999544)  (1.05979e+24 cm^-2)
column h2o hydrostatic 0.0004563  (4.83801e+20 cm^-2)  (* 1.00000)
column o3 hydrostatic 5.475e-08  (5.80498e+16 cm^-2)

layer troposphere
# P 425 mbar
# T 244.137 K
# dP 50 mbar
Pbase 450 mbar
Tbase 247.17 K
Mair 28.964 h2o o3  (28.9546)
lineshape Gross ch4 co co2 n2o o2_uncoupled o3
lineshape VVW_coupled o2_coupled
lineshape VVH_750 h2o_lines
column dry_air hydrostatic (0.999143)  (1.05952e+24 cm^-2)
column h2o hydrostatic 0.0008573  (9.09108e+20 cm^-2)  (* 1.00000)
column o3 hydrostatic 5.154e-08  (5.46546e+16 cm^-2)

layer troposphere
# P 475 mbar
# T 249.715 K
# dP 50 mbar
Pbase 500 mbar
Tbase 252.13 K
Mair 28.964 h2o o3  (28.9491)
lineshape Gross ch4 co co2 n2o o2_uncoupled o3
lineshape VVW_coupled o2_coupled
lineshape VVH_750 h2o_lines
column dry_air hydrostatic (0.998643)  (1.05919e+24 cm^-2)
column h2o hydrostatic 0.001357  (1.43928e+21 cm^-2)  (* 1.00000)
column o3 hydrostatic 5.111e-08  (5.42089e+16 cm^-2)

layer troposphere
# P 525 mbar
# T 254.137 K
# dP 50 mbar
Pbase 550 mbar
Tbase 256.05 K
Mair 28.964 h2o o3  (28.9504)
lineshape Gross ch4 co co2 n2o o2_uncoupled o3
lineshape VVW_coupled o2_coupled
lineshape VVH_750 h2o_lines
column dry_air hydrostatic (0.998758)  (1.05927e+24 cm^-2)
column h2o hydrostatic 0.001242  (1.31725e+21 cm^-2)  (* 1.00000)
column o3 hydrostatic 5.097e-08  (5.4058e+16 cm^-2)

layer troposphere
# P 555.605 mbar
# T 256.517 K
# dP 11.21 mbar
Pbase 561.21 mbar (observing level)
Tbase 256.98 K
Mair 28.964 h2o o3  (28.9504)
lineshape Gross ch4 co co2 n2o o2_uncoupled o3
lineshape VVW_coupled o2_coupled
lineshape VVH_750 h2o_lines
column dry_air hydrostatic (0.998758)  (2.37488e+23 cm^-2)
column h2o hydrostatic 0.001242  (2.95327e+20 cm^-2)  (* 1.00000)
column o3 hydrostatic 5.097e-08  (1.21198e+16 cm^-2)

#
# column densities [cm^-2], including scale factors
#
#                           zenith             line-of-sight     
# stratosphere (10 layers):
#                  dry_air  1.484109e+24       1.484109e+24      
#                      h2o  7.299102e+18       7.299102e+18      
#                            (2.18359 um_pwv)   (2.18359 um_pwv)  
#                       o3  5.188613e+18       5.188613e+18      
#                            (193.115 DU)       (193.115 DU)      
#
# troposphere (14 layers):
#                  dry_air  1.041150e+25       1.041150e+25      
#                      h2o  4.844080e+21       4.844080e+21      
#                            (1449.15 um_pwv)   (1449.15 um_pwv)  
#                       o3  1.321431e+18       1.321431e+18      
#                            (49.1823 DU)       (49.1823 DU)      
#
# total (24 layers):
#                  dry_air  1.189561e+25       1.189561e+25      
#                      h2o  4.851379e+21       4.851379e+21      
#                            (1451.34 um_pwv)   (1451.34 um_pwv)  
#                       o3  6.510044e+18       6.510044e+18      
#                            (242.297 DU)       (242.297 DU)      
#

! Warning: Encountered in-band lines narrower than the frequency
!          grid spacing.  The output configuration data includes
!          the unresolved line count after each column definition
!          for which this occurred.  Count: 57

