# am version 13.0 (build date May 30 2024 14:06:47)

# run time 3.186 s

f 10 GHz  1000 GHz  0.025 GHz
output f GHz  tau neper  tx none  Tb K

tol 0.0001
selfbroad_vmr_tol 0.003

geometry plane-parallel
refract none
za 0 deg
PTmode Pbase Tbase

g 980.665 cm*s^-2
dg_dz 0 s^-2

Nscale h2o 1

T0 2.7 K

layer stratosphere
# P 1 mbar
# T 260.22 K
# dP 1 mbar
Pbase 1 mbar
Tbase 260.22 K
Mair 28.964 h2o o3  (28.964)
lineshape Voigt-Kielkopf ch4 co co2 h2o_lines n2o o2_coupled o2_uncoupled o3
column dry_air hydrostatic (0.999991)  (2.12016e+22 cm^-2)
! Warning: Column included 5264 unresolved lines.
column h2o hydrostatic 6.403e-06  (1.35755e+17 cm^-2)  (* 1.00000)
! Warning: Column included 838 unresolved lines.
column o3 hydrostatic 2.997e-06  (6.35417e+16 cm^-2)
! Warning: Column included 33099 unresolved lines.

layer stratosphere
# P 1.5 mbar
# T 259.255 K
# dP 1 mbar
Pbase 2 mbar
Tbase 258.57 K
Mair 28.964 h2o o3  (28.964)
lineshape Gross ch4 co co2 n2o o2_uncoupled o3
lineshape VVW_coupled o2_coupled
lineshape VVH_750 h2o_lines
column dry_air hydrostatic (0.99999)  (2.12015e+22 cm^-2)
! Warning: Column included 5264 unresolved lines.
column h2o hydrostatic 5.881e-06  (1.24687e+17 cm^-2)  (* 1.00000)
! Warning: Column included 838 unresolved lines.
column o3 hydrostatic 4.554e-06  (9.65527e+16 cm^-2)
! Warning: Column included 33099 unresolved lines.

layer stratosphere
# P 2.5 mbar
# T 254.828 K
# dP 1 mbar
Pbase 3 mbar
Tbase 251.77 K
Mair 28.964 h2o o3  (28.964)
lineshape Gross ch4 co co2 n2o o2_uncoupled o3
lineshape VVW_coupled o2_coupled
lineshape VVH_750 h2o_lines
column dry_air hydrostatic (0.999988)  (2.12015e+22 cm^-2)
! Warning: Column included 5264 unresolved lines.
column h2o hydrostatic 5.881e-06  (1.24687e+17 cm^-2)  (* 1.00000)
! Warning: Column included 838 unresolved lines.
column o3 hydrostatic 5.897e-06  (1.25027e+17 cm^-2)
! Warning: Column included 33099 unresolved lines.

layer stratosphere
# P 4 mbar
# T 246.082 K
# dP 2 mbar
Pbase 5 mbar
Tbase 241.67 K
Mair 28.964 h2o o3  (28.9641)
lineshape Gross ch4 co co2 n2o o2_uncoupled o3
lineshape VVW_coupled o2_coupled
lineshape VVH_750 h2o_lines
column dry_air hydrostatic (0.999987)  (4.24028e+22 cm^-2)
! Warning: Column included 5264 unresolved lines.
column h2o hydrostatic 5.359e-06  (2.2724e+17 cm^-2)  (* 1.00000)
! Warning: Column included 838 unresolved lines.
column o3 hydrostatic 7.638e-06  (3.23877e+17 cm^-2)
! Warning: Column included 33099 unresolved lines.

layer stratosphere
# P 6 mbar
# T 238.576 K
# dP 2 mbar
Pbase 7 mbar
Tbase 235.96 K
Mair 28.964 h2o o3  (28.9641)
lineshape Gross ch4 co co2 n2o o2_uncoupled o3
lineshape VVW_coupled o2_coupled
lineshape VVH_750 h2o_lines
column dry_air hydrostatic (0.999986)  (4.24028e+22 cm^-2)
! Warning: Column included 5264 unresolved lines.
column h2o hydrostatic 5.359e-06  (2.2724e+17 cm^-2)  (* 1.00000)
! Warning: Column included 838 unresolved lines.
column o3 hydrostatic 8.36e-06  (3.54492e+17 cm^-2)
! Warning: Column included 33099 unresolved lines.

layer stratosphere
# P 8.5 mbar
# T 233.162 K
# dP 3 mbar
Pbase 10 mbar
Tbase 230.82 K
Mair 28.964 h2o o3  (28.9641)
lineshape Gross ch4 co co2 n2o o2_uncoupled o3
lineshape VVW_coupled o2_coupled
lineshape VVH_750 h2o_lines
column dry_air hydrostatic (0.999987)  (6.36042e+22 cm^-2)
! Warning: Column included 5067 unresolved lines.
column h2o hydrostatic 4.836e-06  (3.07594e+17 cm^-2)  (* 1.00000)
! Warning: Column included 563 unresolved lines.
column o3 hydrostatic 8.41e-06  (5.34918e+17 cm^-2)
! Warning: Column included 29654 unresolved lines.

layer stratosphere
# P 15 mbar
# T 226.082 K
# dP 10 mbar
Pbase 20 mbar
Tbase 222.72 K
Mair 28.964 h2o o3  (28.9641)
lineshape Gross ch4 co co2 n2o o2_uncoupled o3
lineshape VVW_coupled o2_coupled
lineshape VVH_750 h2o_lines
column dry_air hydrostatic (0.999989)  (2.12015e+23 cm^-2)
! Warning: Column included 1925 unresolved lines.
column h2o hydrostatic 4.836e-06  (1.02531e+18 cm^-2)  (* 1.00000)
! Warning: Column included 153 unresolved lines.
column o3 hydrostatic 6.58e-06  (1.39507e+18 cm^-2)

layer stratosphere
# P 25 mbar
# T 219.919 K
# dP 10 mbar
Pbase 30 mbar
Tbase 217.63 K
Mair 28.964 h2o o3  (28.964)
lineshape Gross ch4 co co2 n2o o2_uncoupled o3
lineshape VVW_coupled o2_coupled
lineshape VVH_750 h2o_lines
column dry_air hydrostatic (0.999991)  (2.12015e+23 cm^-2)
! Warning: Column included 6 unresolved lines.
column h2o hydrostatic 4.836e-06  (1.02532e+18 cm^-2)  (* 1.00000)
! Warning: Column included 45 unresolved lines.
column o3 hydrostatic 4.584e-06  (9.71887e+17 cm^-2)

layer stratosphere
# P 40 mbar
# T 213.091 K
# dP 20 mbar
Pbase 50 mbar
Tbase 209.57 K
Mair 28.964 h2o o3  (28.964)
lineshape Gross ch4 co co2 n2o o2_uncoupled o3
lineshape VVW_coupled o2_coupled
lineshape VVH_750 h2o_lines
column dry_air hydrostatic (0.999994)  (4.24032e+23 cm^-2)
column h2o hydrostatic 4.314e-06  (1.82929e+18 cm^-2)  (* 1.00000)
! Warning: Column included 27 unresolved lines.
column o3 hydrostatic 2.115e-06  (8.96834e+17 cm^-2)

layer stratosphere
# P 60 mbar
# T 206.205 K
# dP 20 mbar
Pbase 70 mbar
Tbase 203.36 K
Mair 28.964 h2o o3  (28.964)
lineshape Gross ch4 co co2 n2o o2_uncoupled o3
lineshape VVW_coupled o2_coupled
lineshape VVH_750 h2o_lines
column dry_air hydrostatic (0.999995)  (4.24033e+23 cm^-2)
column h2o hydrostatic 4.314e-06  (1.82929e+18 cm^-2)  (* 1.00000)
! Warning: Column included 19 unresolved lines.
column o3 hydrostatic 8.489e-07  (3.59964e+17 cm^-2)

layer troposphere
# P 85 mbar
# T 204.106 K
# dP 30 mbar
Pbase 100 mbar
Tbase 204.73 K
Mair 28.964 h2o o3  (28.964)
lineshape Gross ch4 co co2 n2o o2_uncoupled o3
lineshape VVW_coupled o2_coupled
lineshape VVH_750 h2o_lines
column dry_air hydrostatic (0.999995)  (6.3605e+23 cm^-2)
column h2o hydrostatic 4.836e-06  (3.07595e+18 cm^-2)  (* 1.00000)
! Warning: Column included 18 unresolved lines.
column o3 hydrostatic 3.151e-07  (2.0042e+17 cm^-2)

layer troposphere
# P 112.5 mbar
# T 207.021 K
# dP 25 mbar
Pbase 125 mbar
Tbase 209.07 K
Mair 28.964 h2o o3  (28.9639)
lineshape Gross ch4 co co2 n2o o2_uncoupled o3
lineshape VVW_coupled o2_coupled
lineshape VVH_750 h2o_lines
column dry_air hydrostatic (0.999994)  (5.30042e+23 cm^-2)
column h2o hydrostatic 5.359e-06  (2.84051e+18 cm^-2)  (* 1.00000)
column o3 hydrostatic 2.079e-07  (1.10196e+17 cm^-2)

layer troposphere
# P 137.5 mbar
# T 211.443 K
# dP 25 mbar
Pbase 150 mbar
Tbase 213.61 K
Mair 28.964 h2o o3  (28.9639)
lineshape Gross ch4 co co2 n2o o2_uncoupled o3
lineshape VVW_coupled o2_coupled
lineshape VVH_750 h2o_lines
column dry_air hydrostatic (0.999992)  (5.30041e+23 cm^-2)
column h2o hydrostatic 7.488e-06  (3.96898e+18 cm^-2)  (* 1.00000)
column o3 hydrostatic 1.623e-07  (8.60263e+16 cm^-2)

layer troposphere
# P 162.5 mbar
# T 215.853 K
# dP 25 mbar
Pbase 175 mbar
Tbase 217.93 K
Mair 28.964 h2o o3  (28.9639)
lineshape Gross ch4 co co2 n2o o2_uncoupled o3
lineshape VVW_coupled o2_coupled
lineshape VVH_750 h2o_lines
column dry_air hydrostatic (0.999987)  (5.30039e+23 cm^-2)
column h2o hydrostatic 1.266e-05  (6.71039e+18 cm^-2)  (* 1.00000)
column o3 hydrostatic 1.364e-07  (7.22983e+16 cm^-2)

layer troposphere
# P 187.5 mbar
# T 219.418 K
# dP 25 mbar
Pbase 200 mbar
Tbase 220.81 K
Mair 28.964 h2o o3  (28.9638)
lineshape Gross ch4 co co2 n2o o2_uncoupled o3
lineshape VVW_coupled o2_coupled
lineshape VVH_750 h2o_lines
column dry_air hydrostatic (0.999978)  (5.30036e+23 cm^-2)
column h2o hydrostatic 2.18e-05  (1.1555e+19 cm^-2)  (* 1.00000)
column o3 hydrostatic 1.223e-07  (6.48249e+16 cm^-2)

layer troposphere
# P 212.5 mbar
# T 222.38 K
# dP 25 mbar
Pbase 225 mbar
Tbase 223.86 K
Mair 28.964 h2o o3  (28.9636)
lineshape Gross ch4 co co2 n2o o2_uncoupled o3
lineshape VVW_coupled o2_coupled
lineshape VVH_750 h2o_lines
column dry_air hydrostatic (0.999961)  (5.30031e+23 cm^-2)
column h2o hydrostatic 3.87e-05  (2.0513e+19 cm^-2)  (* 1.00000)
column o3 hydrostatic 1.112e-07  (5.89417e+16 cm^-2)

layer troposphere
# P 237.5 mbar
# T 225.343 K
# dP 25 mbar
Pbase 250 mbar
Tbase 226.75 K
Mair 28.964 h2o o3  (28.9633)
lineshape Gross ch4 co co2 n2o o2_uncoupled o3
lineshape VVW_coupled o2_coupled
lineshape VVH_750 h2o_lines
column dry_air hydrostatic (0.999932)  (5.30021e+23 cm^-2)
column h2o hydrostatic 6.753e-05  (3.57948e+19 cm^-2)  (* 1.00000)
column o3 hydrostatic 9.902e-08  (5.24863e+16 cm^-2)

layer troposphere
# P 275 mbar
# T 230.692 K
# dP 50 mbar
Pbase 300 mbar
Tbase 234.29 K
Mair 28.964 h2o o3  (28.962)
lineshape Gross ch4 co co2 n2o o2_uncoupled o3
lineshape VVW_coupled o2_coupled
lineshape VVH_750 h2o_lines
column dry_air hydrostatic (0.999819)  (1.05997e+24 cm^-2)
column h2o hydrostatic 0.0001812  (1.92101e+20 cm^-2)  (* 1.00000)
column o3 hydrostatic 7.921e-08  (8.39753e+16 cm^-2)

layer troposphere
# P 325 mbar
# T 238.086 K
# dP 50 mbar
Pbase 350 mbar
Tbase 241.6 K
Mair 28.964 h2o o3  (28.9599)
lineshape Gross ch4 co co2 n2o o2_uncoupled o3
lineshape VVW_coupled o2_coupled
lineshape VVH_750 h2o_lines
column dry_air hydrostatic (0.999629)  (1.05984e+24 cm^-2)
column h2o hydrostatic 0.000371  (3.93348e+20 cm^-2)  (* 1.00000)
column o3 hydrostatic 6.922e-08  (7.33895e+16 cm^-2)

layer troposphere
# P 375 mbar
# T 245.31 K
# dP 50 mbar
Pbase 400 mbar
Tbase 248.78 K
Mair 28.964 h2o o3  (28.9561)
lineshape Gross ch4 co co2 n2o o2_uncoupled o3
lineshape VVW_coupled o2_coupled
lineshape VVH_750 h2o_lines
column dry_air hydrostatic (0.999282)  (1.05961e+24 cm^-2)
column h2o hydrostatic 0.000718  (7.61349e+20 cm^-2)  (* 1.00000)
column o3 hydrostatic 6.446e-08  (6.83518e+16 cm^-2)

layer troposphere
# P 425 mbar
# T 252.162 K
# dP 50 mbar
Pbase 450 mbar
Tbase 255.35 K
Mair 28.964 h2o o3  (28.9508)
lineshape Gross ch4 co co2 n2o o2_uncoupled o3
lineshape VVW_coupled o2_coupled
lineshape VVH_750 h2o_lines
column dry_air hydrostatic (0.998796)  (1.05929e+24 cm^-2)
column h2o hydrostatic 0.001204  (1.27693e+21 cm^-2)  (* 1.00000)
column o3 hydrostatic 6.022e-08  (6.38675e+16 cm^-2)

layer troposphere
# P 475 mbar
# T 258.501 K
# dP 50 mbar
Pbase 500 mbar
Tbase 261.49 K
Mair 28.964 h2o o3  (28.9428)
lineshape Gross ch4 co co2 n2o o2_uncoupled o3
lineshape VVW_coupled o2_coupled
lineshape VVH_750 h2o_lines
column dry_air hydrostatic (0.998065)  (1.05881e+24 cm^-2)
column h2o hydrostatic 0.001935  (2.05277e+21 cm^-2)  (* 1.00000)
column o3 hydrostatic 5.671e-08  (6.01616e+16 cm^-2)

layer troposphere
# P 525 mbar
# T 264.393 K
# dP 50 mbar
Pbase 550 mbar
Tbase 267.16 K
Mair 28.964 h2o o3  (28.9335)
lineshape Gross ch4 co co2 n2o o2_uncoupled o3
lineshape VVW_coupled o2_coupled
lineshape VVH_750 h2o_lines
column dry_air hydrostatic (0.997214)  (1.05825e+24 cm^-2)
column h2o hydrostatic 0.002786  (2.95652e+21 cm^-2)  (* 1.00000)
column o3 hydrostatic 5.347e-08  (5.67426e+16 cm^-2)

layer troposphere
# P 567.6 mbar
# T 268.653 K
# dP 35.2 mbar
Pbase 585.2 mbar (observing level)
Tbase 270.1 K
Mair 28.964 h2o o3  (28.934)
lineshape Gross ch4 co co2 n2o o2_uncoupled o3
lineshape VVW_coupled o2_coupled
lineshape VVH_750 h2o_lines
column dry_air hydrostatic (0.997262)  (7.45029e+23 cm^-2)
column h2o hydrostatic 0.002738  (2.04549e+21 cm^-2)  (* 1.00000)
column o3 hydrostatic 5.202e-08  (3.88628e+16 cm^-2)

#
# column densities [cm^-2], including scale factors
#
#                           zenith             line-of-sight     
# stratosphere (10 layers):
#                  dry_air  1.484110e+24       1.484110e+24      
#                      h2o  6.856408e+18       6.856408e+18      
#                            (2.05116 um_pwv)   (2.05116 um_pwv)  
#                       o3  5.122165e+18       5.122165e+18      
#                            (190.642 DU)       (190.642 DU)      
#
# troposphere (14 layers):
#                  dry_air  1.091707e+25       1.091707e+25      
#                      h2o  9.762962e+21       9.762962e+21      
#                            (2920.68 um_pwv)   (2920.68 um_pwv)  
#                       o3  1.090545e+18       1.090545e+18      
#                            (40.589 DU)        (40.589 DU)       
#
# total (24 layers):
#                  dry_air  1.240118e+25       1.240118e+25      
#                      h2o  9.769818e+21       9.769818e+21      
#                            (2922.73 um_pwv)   (2922.73 um_pwv)  
#                       o3  6.212710e+18       6.212710e+18      
#                            (231.231 DU)       (231.231 DU)      
#

! Warning: Encountered in-band lines narrower than the frequency
!          grid spacing.  The output configuration data includes
!          the unresolved line count after each column definition
!          for which this occurred.  Count: 57

