# am version 13.0 (build date May 30 2024 14:06:47)

# run time 3.133 s

f 10 GHz  1000 GHz  0.025 GHz
output f GHz  tau neper  tx none  Tb K

tol 0.0001
selfbroad_vmr_tol 0.003

geometry plane-parallel
refract none
za 0 deg
PTmode Pbase Tbase

g 980.665 cm*s^-2
dg_dz 0 s^-2

Nscale h2o 1

T0 2.7 K

layer stratosphere
# P 1 mbar
# T 258.28 K
# dP 1 mbar
Pbase 1 mbar
Tbase 258.28 K
Mair 28.964 h2o o3  (28.964)
lineshape Voigt-Kielkopf ch4 co co2 h2o_lines n2o o2_coupled o2_uncoupled o3
column dry_air hydrostatic (0.999991)  (2.12016e+22 cm^-2)
! Warning: Column included 5264 unresolved lines.
column h2o hydrostatic 5.881e-06  (1.24688e+17 cm^-2)  (* 1.00000)
! Warning: Column included 838 unresolved lines.
column o3 hydrostatic 2.915e-06  (6.18031e+16 cm^-2)
! Warning: Column included 33099 unresolved lines.

layer stratosphere
# P 1.5 mbar
# T 257.338 K
# dP 1 mbar
Pbase 2 mbar
Tbase 256.67 K
Mair 28.964 h2o o3  (28.964)
lineshape Gross ch4 co co2 n2o o2_uncoupled o3
lineshape VVW_coupled o2_coupled
lineshape VVH_750 h2o_lines
column dry_air hydrostatic (0.99999)  (2.12015e+22 cm^-2)
! Warning: Column included 5264 unresolved lines.
column h2o hydrostatic 5.881e-06  (1.24687e+17 cm^-2)  (* 1.00000)
! Warning: Column included 838 unresolved lines.
column o3 hydrostatic 4.343e-06  (9.20791e+16 cm^-2)
! Warning: Column included 33099 unresolved lines.

layer stratosphere
# P 2.5 mbar
# T 252.642 K
# dP 1 mbar
Pbase 3 mbar
Tbase 249.35 K
Mair 28.964 h2o o3  (28.964)
lineshape Gross ch4 co co2 n2o o2_uncoupled o3
lineshape VVW_coupled o2_coupled
lineshape VVH_750 h2o_lines
column dry_air hydrostatic (0.999989)  (2.12015e+22 cm^-2)
! Warning: Column included 5264 unresolved lines.
column h2o hydrostatic 5.359e-06  (1.1362e+17 cm^-2)  (* 1.00000)
! Warning: Column included 838 unresolved lines.
column o3 hydrostatic 5.635e-06  (1.19472e+17 cm^-2)
! Warning: Column included 33099 unresolved lines.

layer stratosphere
# P 4 mbar
# T 243.532 K
# dP 2 mbar
Pbase 5 mbar
Tbase 239.02 K
Mair 28.964 h2o o3  (28.9641)
lineshape Gross ch4 co co2 n2o o2_uncoupled o3
lineshape VVW_coupled o2_coupled
lineshape VVH_750 h2o_lines
column dry_air hydrostatic (0.999988)  (4.24029e+22 cm^-2)
! Warning: Column included 5264 unresolved lines.
column h2o hydrostatic 5.359e-06  (2.2724e+17 cm^-2)  (* 1.00000)
! Warning: Column included 838 unresolved lines.
column o3 hydrostatic 7.103e-06  (3.01191e+17 cm^-2)
! Warning: Column included 33099 unresolved lines.

layer stratosphere
# P 6 mbar
# T 235.964 K
# dP 2 mbar
Pbase 7 mbar
Tbase 233.38 K
Mair 28.964 h2o o3  (28.9641)
lineshape Gross ch4 co co2 n2o o2_uncoupled o3
lineshape VVW_coupled o2_coupled
lineshape VVH_750 h2o_lines
column dry_air hydrostatic (0.999987)  (4.24028e+22 cm^-2)
! Warning: Column included 5264 unresolved lines.
column h2o hydrostatic 4.882e-06  (2.07013e+17 cm^-2)  (* 1.00000)
! Warning: Column included 838 unresolved lines.
column o3 hydrostatic 7.624e-06  (3.23283e+17 cm^-2)
! Warning: Column included 33099 unresolved lines.

layer stratosphere
# P 8.5 mbar
# T 230.577 K
# dP 3 mbar
Pbase 10 mbar
Tbase 228.23 K
Mair 28.964 h2o o3  (28.9641)
lineshape Gross ch4 co co2 n2o o2_uncoupled o3
lineshape VVW_coupled o2_coupled
lineshape VVH_750 h2o_lines
column dry_air hydrostatic (0.999987)  (6.36042e+22 cm^-2)
! Warning: Column included 5044 unresolved lines.
column h2o hydrostatic 4.836e-06  (3.07594e+17 cm^-2)  (* 1.00000)
! Warning: Column included 549 unresolved lines.
column o3 hydrostatic 7.706e-06  (4.9014e+17 cm^-2)
! Warning: Column included 28890 unresolved lines.

layer stratosphere
# P 15 mbar
# T 224.071 K
# dP 10 mbar
Pbase 20 mbar
Tbase 221.12 K
Mair 28.964 h2o o3  (28.9641)
lineshape Gross ch4 co co2 n2o o2_uncoupled o3
lineshape VVW_coupled o2_coupled
lineshape VVH_750 h2o_lines
column dry_air hydrostatic (0.999989)  (2.12015e+23 cm^-2)
! Warning: Column included 1925 unresolved lines.
column h2o hydrostatic 4.836e-06  (1.02531e+18 cm^-2)  (* 1.00000)
! Warning: Column included 151 unresolved lines.
column o3 hydrostatic 6.264e-06  (1.32807e+18 cm^-2)

layer stratosphere
# P 25 mbar
# T 218.407 K
# dP 10 mbar
Pbase 30 mbar
Tbase 216.19 K
Mair 28.964 h2o o3  (28.964)
lineshape Gross ch4 co co2 n2o o2_uncoupled o3
lineshape VVW_coupled o2_coupled
lineshape VVH_750 h2o_lines
column dry_air hydrostatic (0.999991)  (2.12015e+23 cm^-2)
! Warning: Column included 6 unresolved lines.
column h2o hydrostatic 4.314e-06  (9.14642e+17 cm^-2)  (* 1.00000)
! Warning: Column included 45 unresolved lines.
column o3 hydrostatic 4.45e-06  (9.43477e+17 cm^-2)

layer stratosphere
# P 40 mbar
# T 211.87 K
# dP 20 mbar
Pbase 50 mbar
Tbase 208.52 K
Mair 28.964 h2o o3  (28.964)
lineshape Gross ch4 co co2 n2o o2_uncoupled o3
lineshape VVW_coupled o2_coupled
lineshape VVH_750 h2o_lines
column dry_air hydrostatic (0.999994)  (4.24032e+23 cm^-2)
column h2o hydrostatic 4.314e-06  (1.82929e+18 cm^-2)  (* 1.00000)
! Warning: Column included 27 unresolved lines.
column o3 hydrostatic 1.966e-06  (8.33653e+17 cm^-2)

layer stratosphere
# P 60 mbar
# T 204.505 K
# dP 20 mbar
Pbase 70 mbar
Tbase 201.11 K
Mair 28.964 h2o o3  (28.964)
lineshape Gross ch4 co co2 n2o o2_uncoupled o3
lineshape VVW_coupled o2_coupled
lineshape VVH_750 h2o_lines
column dry_air hydrostatic (0.999995)  (4.24033e+23 cm^-2)
column h2o hydrostatic 4.314e-06  (1.82929e+18 cm^-2)  (* 1.00000)
! Warning: Column included 19 unresolved lines.
column o3 hydrostatic 7.192e-07  (3.04966e+17 cm^-2)

layer troposphere
# P 85 mbar
# T 200.19 K
# dP 30 mbar
Pbase 100 mbar
Tbase 199.42 K
Mair 28.964 h2o o3  (28.964)
lineshape Gross ch4 co co2 n2o o2_uncoupled o3
lineshape VVW_coupled o2_coupled
lineshape VVH_750 h2o_lines
column dry_air hydrostatic (0.999995)  (6.36051e+23 cm^-2)
column h2o hydrostatic 4.314e-06  (2.74393e+18 cm^-2)  (* 1.00000)
! Warning: Column included 18 unresolved lines.
column o3 hydrostatic 2.194e-07  (1.3955e+17 cm^-2)

layer troposphere
# P 112.5 mbar
# T 202.492 K
# dP 25 mbar
Pbase 125 mbar
Tbase 205.24 K
Mair 28.964 h2o o3  (28.964)
lineshape Gross ch4 co co2 n2o o2_uncoupled o3
lineshape VVW_coupled o2_coupled
lineshape VVH_750 h2o_lines
column dry_air hydrostatic (0.999996)  (5.30042e+23 cm^-2)
column h2o hydrostatic 4.314e-06  (2.28661e+18 cm^-2)  (* 1.00000)
column o3 hydrostatic 1.59e-07  (8.42771e+16 cm^-2)

layer troposphere
# P 137.5 mbar
# T 208.857 K
# dP 25 mbar
Pbase 150 mbar
Tbase 212.16 K
Mair 28.964 h2o o3  (28.9639)
lineshape Gross ch4 co co2 n2o o2_uncoupled o3
lineshape VVW_coupled o2_coupled
lineshape VVH_750 h2o_lines
column dry_air hydrostatic (0.999993)  (5.30042e+23 cm^-2)
column h2o hydrostatic 6.396e-06  (3.39017e+18 cm^-2)  (* 1.00000)
column o3 hydrostatic 1.233e-07  (6.53545e+16 cm^-2)

layer troposphere
# P 162.5 mbar
# T 214.377 K
# dP 25 mbar
Pbase 175 mbar
Tbase 216.43 K
Mair 28.964 h2o o3  (28.9639)
lineshape Gross ch4 co co2 n2o o2_uncoupled o3
lineshape VVW_coupled o2_coupled
lineshape VVH_750 h2o_lines
column dry_air hydrostatic (0.99999)  (5.3004e+23 cm^-2)
column h2o hydrostatic 1.007e-05  (5.33756e+18 cm^-2)  (* 1.00000)
column o3 hydrostatic 1.02e-07  (5.40647e+16 cm^-2)

layer troposphere
# P 187.5 mbar
# T 217.474 K
# dP 25 mbar
Pbase 200 mbar
Tbase 218.45 K
Mair 28.964 h2o o3  (28.9638)
lineshape Gross ch4 co co2 n2o o2_uncoupled o3
lineshape VVW_coupled o2_coupled
lineshape VVH_750 h2o_lines
column dry_air hydrostatic (0.999983)  (5.30038e+23 cm^-2)
column h2o hydrostatic 1.735e-05  (9.19632e+18 cm^-2)  (* 1.00000)
column o3 hydrostatic 9.274e-08  (4.91566e+16 cm^-2)

layer troposphere
# P 212.5 mbar
# T 219.546 K
# dP 25 mbar
Pbase 225 mbar
Tbase 220.58 K
Mair 28.964 h2o o3  (28.9637)
lineshape Gross ch4 co co2 n2o o2_uncoupled o3
lineshape VVW_coupled o2_coupled
lineshape VVH_750 h2o_lines
column dry_air hydrostatic (0.999972)  (5.30035e+23 cm^-2)
column h2o hydrostatic 2.773e-05  (1.46983e+19 cm^-2)  (* 1.00000)
column o3 hydrostatic 8.669e-08  (4.595e+16 cm^-2)

layer troposphere
# P 237.5 mbar
# T 222.017 K
# dP 25 mbar
Pbase 250 mbar
Tbase 223.38 K
Mair 28.964 h2o o3  (28.9635)
lineshape Gross ch4 co co2 n2o o2_uncoupled o3
lineshape VVW_coupled o2_coupled
lineshape VVH_750 h2o_lines
column dry_air hydrostatic (0.999956)  (5.30029e+23 cm^-2)
column h2o hydrostatic 4.396e-05  (2.33011e+19 cm^-2)  (* 1.00000)
column o3 hydrostatic 8.161e-08  (4.32576e+16 cm^-2)

layer troposphere
# P 275 mbar
# T 226.741 K
# dP 50 mbar
Pbase 300 mbar
Tbase 229.81 K
Mair 28.964 h2o o3  (28.9627)
lineshape Gross ch4 co co2 n2o o2_uncoupled o3
lineshape VVW_coupled o2_coupled
lineshape VVH_750 h2o_lines
column dry_air hydrostatic (0.999884)  (1.06001e+24 cm^-2)
column h2o hydrostatic 0.0001161  (1.23082e+20 cm^-2)  (* 1.00000)
column o3 hydrostatic 7.182e-08  (7.61388e+16 cm^-2)

layer troposphere
# P 325 mbar
# T 233.601 K
# dP 50 mbar
Pbase 350 mbar
Tbase 237.11 K
Mair 28.964 h2o o3  (28.9611)
lineshape Gross ch4 co co2 n2o o2_uncoupled o3
lineshape VVW_coupled o2_coupled
lineshape VVH_750 h2o_lines
column dry_air hydrostatic (0.999736)  (1.05991e+24 cm^-2)
column h2o hydrostatic 0.0002643  (2.80209e+20 cm^-2)  (* 1.00000)
column o3 hydrostatic 6.278e-08  (6.65589e+16 cm^-2)

layer troposphere
# P 375 mbar
# T 240.53 K
# dP 50 mbar
Pbase 400 mbar
Tbase 243.73 K
Mair 28.964 h2o o3  (28.9586)
lineshape Gross ch4 co co2 n2o o2_uncoupled o3
lineshape VVW_coupled o2_coupled
lineshape VVH_750 h2o_lines
column dry_air hydrostatic (0.99951)  (1.05976e+24 cm^-2)
column h2o hydrostatic 0.0004904  (5.19963e+20 cm^-2)  (* 1.00000)
column o3 hydrostatic 5.826e-08  (6.17721e+16 cm^-2)

layer troposphere
# P 425 mbar
# T 246.726 K
# dP 50 mbar
Pbase 450 mbar
Tbase 249.55 K
Mair 28.964 h2o o3  (28.9546)
lineshape Gross ch4 co co2 n2o o2_uncoupled o3
lineshape VVW_coupled o2_coupled
lineshape VVH_750 h2o_lines
column dry_air hydrostatic (0.999146)  (1.05952e+24 cm^-2)
column h2o hydrostatic 0.0008542  (9.05819e+20 cm^-2)  (* 1.00000)
column o3 hydrostatic 5.531e-08  (5.86524e+16 cm^-2)

layer troposphere
# P 475 mbar
# T 252.578 K
# dP 50 mbar
Pbase 500 mbar
Tbase 255.45 K
Mair 28.964 h2o o3  (28.949)
lineshape Gross ch4 co co2 n2o o2_uncoupled o3
lineshape VVW_coupled o2_coupled
lineshape VVH_750 h2o_lines
column dry_air hydrostatic (0.998627)  (1.05918e+24 cm^-2)
column h2o hydrostatic 0.001373  (1.45626e+21 cm^-2)  (* 1.00000)
column o3 hydrostatic 5.334e-08  (5.65744e+16 cm^-2)

layer troposphere
# P 525 mbar
# T 257.109 K
# dP 50 mbar
Pbase 550 mbar
Tbase 258.69 K
Mair 28.964 h2o o3  (28.9454)
lineshape Gross ch4 co co2 n2o o2_uncoupled o3
lineshape VVW_coupled o2_coupled
lineshape VVH_750 h2o_lines
column dry_air hydrostatic (0.998301)  (1.05897e+24 cm^-2)
column h2o hydrostatic 0.001699  (1.80225e+21 cm^-2)  (* 1.00000)
column o3 hydrostatic 5.002e-08  (5.30597e+16 cm^-2)

layer troposphere
# P 567.6 mbar
# T 260.295 K
# dP 35.2 mbar
Pbase 585.2 mbar (observing level)
Tbase 261.85 K
Mair 28.964 h2o o3  (28.9459)
lineshape Gross ch4 co co2 n2o o2_uncoupled o3
lineshape VVW_coupled o2_coupled
lineshape VVH_750 h2o_lines
column dry_air hydrostatic (0.99835)  (7.45535e+23 cm^-2)
column h2o hydrostatic 0.00165  (1.23217e+21 cm^-2)  (* 1.00000)
column o3 hydrostatic 4.784e-08  (3.57253e+16 cm^-2)

#
# column densities [cm^-2], including scale factors
#
#                           zenith             line-of-sight     
# stratosphere (10 layers):
#                  dry_air  1.484110e+24       1.484110e+24      
#                      h2o  6.703375e+18       6.703375e+18      
#                            (2.00538 um_pwv)   (2.00538 um_pwv)  
#                       o3  4.798139e+18       4.798139e+18      
#                            (178.582 DU)       (178.582 DU)      
#
# troposphere (14 layers):
#                  dry_air  1.091917e+25       1.091917e+25      
#                      h2o  6.380695e+21       6.380695e+21      
#                            (1908.84 um_pwv)   (1908.84 um_pwv)  
#                       o3  8.900922e+17       8.900922e+17      
#                            (33.1283 DU)       (33.1283 DU)      
#
# total (24 layers):
#                  dry_air  1.240328e+25       1.240328e+25      
#                      h2o  6.387398e+21       6.387398e+21      
#                            (1910.85 um_pwv)   (1910.85 um_pwv)  
#                       o3  5.688232e+18       5.688232e+18      
#                            (211.71 DU)        (211.71 DU)       
#

! Warning: Encountered in-band lines narrower than the frequency
!          grid spacing.  The output configuration data includes
!          the unresolved line count after each column definition
!          for which this occurred.  Count: 57

