# am version 13.0 (build date May 30 2024 14:06:47)

# run time 3.160 s

f 10 GHz  1000 GHz  0.025 GHz
output f GHz  tau neper  tx none  Tb K

tol 0.0001
selfbroad_vmr_tol 0.003

geometry plane-parallel
refract none
za 0 deg
PTmode Pbase Tbase

g 980.665 cm*s^-2
dg_dz 0 s^-2

Nscale h2o 1

T0 2.7 K

layer stratosphere
# P 1 mbar
# T 262.08 K
# dP 1 mbar
Pbase 1 mbar
Tbase 262.08 K
Mair 28.964 h2o o3  (28.964)
lineshape Voigt-Kielkopf ch4 co co2 h2o_lines n2o o2_coupled o2_uncoupled o3
column dry_air hydrostatic (0.999991)  (2.12016e+22 cm^-2)
! Warning: Column included 5264 unresolved lines.
column h2o hydrostatic 6.403e-06  (1.35755e+17 cm^-2)  (* 1.00000)
! Warning: Column included 838 unresolved lines.
column o3 hydrostatic 3.066e-06  (6.50046e+16 cm^-2)
! Warning: Column included 33099 unresolved lines.

layer stratosphere
# P 1.5 mbar
# T 261.975 K
# dP 1 mbar
Pbase 2 mbar
Tbase 261.9 K
Mair 28.964 h2o o3  (28.964)
lineshape Gross ch4 co co2 n2o o2_uncoupled o3
lineshape VVW_coupled o2_coupled
lineshape VVH_750 h2o_lines
column dry_air hydrostatic (0.999989)  (2.12015e+22 cm^-2)
! Warning: Column included 5264 unresolved lines.
column h2o hydrostatic 5.881e-06  (1.24687e+17 cm^-2)  (* 1.00000)
! Warning: Column included 838 unresolved lines.
column o3 hydrostatic 4.89e-06  (1.03676e+17 cm^-2)
! Warning: Column included 33099 unresolved lines.

layer stratosphere
# P 2.5 mbar
# T 258.042 K
# dP 1 mbar
Pbase 3 mbar
Tbase 254.89 K
Mair 28.964 h2o o3  (28.9641)
lineshape Gross ch4 co co2 n2o o2_uncoupled o3
lineshape VVW_coupled o2_coupled
lineshape VVH_750 h2o_lines
column dry_air hydrostatic (0.999988)  (2.12015e+22 cm^-2)
! Warning: Column included 5264 unresolved lines.
column h2o hydrostatic 5.881e-06  (1.24687e+17 cm^-2)  (* 1.00000)
! Warning: Column included 838 unresolved lines.
column o3 hydrostatic 6.197e-06  (1.31387e+17 cm^-2)
! Warning: Column included 33099 unresolved lines.

layer stratosphere
# P 4 mbar
# T 248.74 K
# dP 2 mbar
Pbase 5 mbar
Tbase 243.97 K
Mair 28.964 h2o o3  (28.9641)
lineshape Gross ch4 co co2 n2o o2_uncoupled o3
lineshape VVW_coupled o2_coupled
lineshape VVH_750 h2o_lines
column dry_air hydrostatic (0.999987)  (4.24028e+22 cm^-2)
! Warning: Column included 5264 unresolved lines.
column h2o hydrostatic 5.359e-06  (2.2724e+17 cm^-2)  (* 1.00000)
! Warning: Column included 838 unresolved lines.
column o3 hydrostatic 7.855e-06  (3.33078e+17 cm^-2)
! Warning: Column included 33099 unresolved lines.

layer stratosphere
# P 6 mbar
# T 240.48 K
# dP 2 mbar
Pbase 7 mbar
Tbase 237.53 K
Mair 28.964 h2o o3  (28.9641)
lineshape Gross ch4 co co2 n2o o2_uncoupled o3
lineshape VVW_coupled o2_coupled
lineshape VVH_750 h2o_lines
column dry_air hydrostatic (0.999986)  (4.24027e+22 cm^-2)
! Warning: Column included 5264 unresolved lines.
column h2o hydrostatic 5.359e-06  (2.2724e+17 cm^-2)  (* 1.00000)
! Warning: Column included 838 unresolved lines.
column o3 hydrostatic 8.692e-06  (3.6857e+17 cm^-2)
! Warning: Column included 33099 unresolved lines.

layer stratosphere
# P 8.5 mbar
# T 234.781 K
# dP 3 mbar
Pbase 10 mbar
Tbase 232.48 K
Mair 28.964 h2o o3  (28.9641)
lineshape Gross ch4 co co2 n2o o2_uncoupled o3
lineshape VVW_coupled o2_coupled
lineshape VVH_750 h2o_lines
column dry_air hydrostatic (0.999986)  (6.36041e+22 cm^-2)
! Warning: Column included 5085 unresolved lines.
column h2o hydrostatic 5.359e-06  (3.40859e+17 cm^-2)  (* 1.00000)
! Warning: Column included 573 unresolved lines.
column o3 hydrostatic 8.802e-06  (5.59851e+17 cm^-2)
! Warning: Column included 29654 unresolved lines.

layer stratosphere
# P 15 mbar
# T 227.356 K
# dP 10 mbar
Pbase 20 mbar
Tbase 223.72 K
Mair 28.964 h2o o3  (28.9641)
lineshape Gross ch4 co co2 n2o o2_uncoupled o3
lineshape VVW_coupled o2_coupled
lineshape VVH_750 h2o_lines
column dry_air hydrostatic (0.999988)  (2.12014e+23 cm^-2)
! Warning: Column included 1925 unresolved lines.
column h2o hydrostatic 4.836e-06  (1.02531e+18 cm^-2)  (* 1.00000)
! Warning: Column included 154 unresolved lines.
column o3 hydrostatic 6.764e-06  (1.43408e+18 cm^-2)

layer stratosphere
# P 25 mbar
# T 220.847 K
# dP 10 mbar
Pbase 30 mbar
Tbase 218.5 K
Mair 28.964 h2o o3  (28.964)
lineshape Gross ch4 co co2 n2o o2_uncoupled o3
lineshape VVW_coupled o2_coupled
lineshape VVH_750 h2o_lines
column dry_air hydrostatic (0.99999)  (2.12015e+23 cm^-2)
! Warning: Column included 6 unresolved lines.
column h2o hydrostatic 4.836e-06  (1.02532e+18 cm^-2)  (* 1.00000)
! Warning: Column included 45 unresolved lines.
column o3 hydrostatic 4.719e-06  (1.00051e+18 cm^-2)

layer stratosphere
# P 40 mbar
# T 214.057 K
# dP 20 mbar
Pbase 50 mbar
Tbase 210.61 K
Mair 28.964 h2o o3  (28.964)
lineshape Gross ch4 co co2 n2o o2_uncoupled o3
lineshape VVW_coupled o2_coupled
lineshape VVH_750 h2o_lines
column dry_air hydrostatic (0.999993)  (4.24032e+23 cm^-2)
column h2o hydrostatic 4.836e-06  (2.05063e+18 cm^-2)  (* 1.00000)
! Warning: Column included 27 unresolved lines.
column o3 hydrostatic 2.328e-06  (9.87154e+17 cm^-2)

layer stratosphere
# P 60 mbar
# T 207.857 K
# dP 20 mbar
Pbase 70 mbar
Tbase 205.53 K
Mair 28.964 h2o o3  (28.964)
lineshape Gross ch4 co co2 n2o o2_uncoupled o3
lineshape VVW_coupled o2_coupled
lineshape VVH_750 h2o_lines
column dry_air hydrostatic (0.999994)  (4.24033e+23 cm^-2)
column h2o hydrostatic 4.836e-06  (2.05064e+18 cm^-2)  (* 1.00000)
! Warning: Column included 19 unresolved lines.
column o3 hydrostatic 1.02e-06  (4.32516e+17 cm^-2)

layer troposphere
# P 85 mbar
# T 206.314 K
# dP 30 mbar
Pbase 100 mbar
Tbase 206.97 K
Mair 28.964 h2o o3  (28.9639)
lineshape Gross ch4 co co2 n2o o2_uncoupled o3
lineshape VVW_coupled o2_coupled
lineshape VVH_750 h2o_lines
column dry_air hydrostatic (0.999994)  (6.3605e+23 cm^-2)
column h2o hydrostatic 5.359e-06  (3.40861e+18 cm^-2)  (* 1.00000)
! Warning: Column included 18 unresolved lines.
column o3 hydrostatic 4.136e-07  (2.63072e+17 cm^-2)

layer troposphere
# P 112.5 mbar
# T 209.087 K
# dP 25 mbar
Pbase 125 mbar
Tbase 210.98 K
Mair 28.964 h2o o3  (28.9639)
lineshape Gross ch4 co co2 n2o o2_uncoupled o3
lineshape VVW_coupled o2_coupled
lineshape VVH_750 h2o_lines
column dry_air hydrostatic (0.999993)  (5.30041e+23 cm^-2)
column h2o hydrostatic 6.932e-06  (3.67427e+18 cm^-2)  (* 1.00000)
column o3 hydrostatic 2.817e-07  (1.49314e+17 cm^-2)

layer troposphere
# P 137.5 mbar
# T 213.113 K
# dP 25 mbar
Pbase 150 mbar
Tbase 215.06 K
Mair 28.964 h2o o3  (28.9639)
lineshape Gross ch4 co co2 n2o o2_uncoupled o3
lineshape VVW_coupled o2_coupled
lineshape VVH_750 h2o_lines
column dry_air hydrostatic (0.999988)  (5.3004e+23 cm^-2)
column h2o hydrostatic 1.187e-05  (6.29165e+18 cm^-2)  (* 1.00000)
column o3 hydrostatic 2.211e-07  (1.17193e+17 cm^-2)

layer troposphere
# P 162.5 mbar
# T 217.329 K
# dP 25 mbar
Pbase 175 mbar
Tbase 219.43 K
Mair 28.964 h2o o3  (28.9638)
lineshape Gross ch4 co co2 n2o o2_uncoupled o3
lineshape VVW_coupled o2_coupled
lineshape VVH_750 h2o_lines
column dry_air hydrostatic (0.999978)  (5.30036e+23 cm^-2)
column h2o hydrostatic 2.183e-05  (1.15709e+19 cm^-2)  (* 1.00000)
column o3 hydrostatic 1.951e-07  (1.03412e+17 cm^-2)

layer troposphere
# P 187.5 mbar
# T 222.685 K
# dP 25 mbar
Pbase 200 mbar
Tbase 225.73 K
Mair 28.964 h2o o3  (28.9635)
lineshape Gross ch4 co co2 n2o o2_uncoupled o3
lineshape VVW_coupled o2_coupled
lineshape VVH_750 h2o_lines
column dry_air hydrostatic (0.999958)  (5.3003e+23 cm^-2)
column h2o hydrostatic 4.163e-05  (2.20661e+19 cm^-2)  (* 1.00000)
column o3 hydrostatic 1.704e-07  (9.03209e+16 cm^-2)

layer troposphere
# P 212.5 mbar
# T 228.72 K
# dP 25 mbar
Pbase 225 mbar
Tbase 231.54 K
Mair 28.964 h2o o3  (28.9632)
lineshape Gross ch4 co co2 n2o o2_uncoupled o3
lineshape VVW_coupled o2_coupled
lineshape VVH_750 h2o_lines
column dry_air hydrostatic (0.999925)  (5.30019e+23 cm^-2)
column h2o hydrostatic 7.483e-05  (3.96643e+19 cm^-2)  (* 1.00000)
column o3 hydrostatic 1.503e-07  (7.96678e+16 cm^-2)

layer troposphere
# P 237.5 mbar
# T 233.839 K
# dP 25 mbar
Pbase 250 mbar
Tbase 236.02 K
Mair 28.964 h2o o3  (28.9625)
lineshape Gross ch4 co co2 n2o o2_uncoupled o3
lineshape VVW_coupled o2_coupled
lineshape VVH_750 h2o_lines
column dry_air hydrostatic (0.999863)  (5.29999e+23 cm^-2)
column h2o hydrostatic 0.0001367  (7.24607e+19 cm^-2)  (* 1.00000)
column o3 hydrostatic 1.269e-07  (6.7266e+16 cm^-2)

layer troposphere
# P 275 mbar
# T 240.631 K
# dP 50 mbar
Pbase 300 mbar
Tbase 244.84 K
Mair 28.964 h2o o3  (28.96)
lineshape Gross ch4 co co2 n2o o2_uncoupled o3
lineshape VVW_coupled o2_coupled
lineshape VVH_750 h2o_lines
column dry_air hydrostatic (0.999632)  (1.05984e+24 cm^-2)
column h2o hydrostatic 0.0003681  (3.90272e+20 cm^-2)  (* 1.00000)
column o3 hydrostatic 9.236e-08  (9.79233e+16 cm^-2)

layer troposphere
# P 325 mbar
# T 248.371 K
# dP 50 mbar
Pbase 350 mbar
Tbase 251.64 K
Mair 28.964 h2o o3  (28.955)
lineshape Gross ch4 co co2 n2o o2_uncoupled o3
lineshape VVW_coupled o2_coupled
lineshape VVH_750 h2o_lines
column dry_air hydrostatic (0.99918)  (1.05955e+24 cm^-2)
column h2o hydrostatic 0.0008195  (8.69011e+20 cm^-2)  (* 1.00000)
column o3 hydrostatic 7.661e-08  (8.12385e+16 cm^-2)

layer troposphere
# P 375 mbar
# T 254.652 K
# dP 50 mbar
Pbase 400 mbar
Tbase 257.47 K
Mair 28.964 h2o o3  (28.9447)
lineshape Gross ch4 co co2 n2o o2_uncoupled o3
lineshape VVW_coupled o2_coupled
lineshape VVH_750 h2o_lines
column dry_air hydrostatic (0.998238)  (1.05892e+24 cm^-2)
column h2o hydrostatic 0.001762  (1.86912e+21 cm^-2)  (* 1.00000)
column o3 hydrostatic 7.222e-08  (7.66105e+16 cm^-2)

layer troposphere
# P 425 mbar
# T 260.342 K
# dP 50 mbar
Pbase 450 mbar
Tbase 263.05 K
Mair 28.964 h2o o3  (28.9301)
lineshape Gross ch4 co co2 n2o o2_uncoupled o3
lineshape VVW_coupled o2_coupled
lineshape VVH_750 h2o_lines
column dry_air hydrostatic (0.996908)  (1.05805e+24 cm^-2)
column h2o hydrostatic 0.003092  (3.28163e+21 cm^-2)  (* 1.00000)
column o3 hydrostatic 6.75e-08  (7.16396e+16 cm^-2)

layer troposphere
# P 475 mbar
# T 266.15 K
# dP 50 mbar
Pbase 500 mbar
Tbase 269.09 K
Mair 28.964 h2o o3  (28.9139)
lineshape Gross ch4 co co2 n2o o2_uncoupled o3
lineshape VVW_coupled o2_coupled
lineshape VVH_750 h2o_lines
column dry_air hydrostatic (0.995427)  (1.05707e+24 cm^-2)
column h2o hydrostatic 0.004573  (4.85617e+21 cm^-2)  (* 1.00000)
column o3 hydrostatic 6.151e-08  (6.53189e+16 cm^-2)

layer troposphere
# P 525 mbar
# T 272.351 K
# dP 50 mbar
Pbase 550 mbar
Tbase 275.46 K
Mair 28.964 h2o o3  (28.9009)
lineshape Gross ch4 co co2 n2o o2_uncoupled o3
lineshape VVW_coupled o2_coupled
lineshape VVH_750 h2o_lines
column dry_air hydrostatic (0.994234)  (1.05628e+24 cm^-2)
column h2o hydrostatic 0.005766  (6.12582e+21 cm^-2)  (* 1.00000)
column o3 hydrostatic 5.66e-08  (6.0132e+16 cm^-2)

layer troposphere
# P 567.6 mbar
# T 276.811 K
# dP 35.2 mbar
Pbase 585.2 mbar (observing level)
Tbase 278.12 K
Mair 28.964 h2o o3  (28.9007)
lineshape Gross ch4 co co2 n2o o2_uncoupled o3
lineshape VVW_coupled o2_coupled
lineshape VVH_750 h2o_lines
column dry_air hydrostatic (0.994217)  (7.43611e+23 cm^-2)
column h2o hydrostatic 0.005783  (4.32532e+21 cm^-2)  (* 1.00000)
column o3 hydrostatic 5.525e-08  (4.13235e+16 cm^-2)

#
# column densities [cm^-2], including scale factors
#
#                           zenith             line-of-sight     
# stratosphere (10 layers):
#                  dry_air  1.484109e+24       1.484109e+24      
#                      h2o  7.332366e+18       7.332366e+18      
#                            (2.19355 um_pwv)   (2.19355 um_pwv)  
#                       o3  5.415829e+18       5.415829e+18      
#                            (201.572 DU)       (201.572 DU)      
#
# troposphere (14 layers):
#                  dry_air  1.090953e+25       1.090953e+25      
#                      h2o  2.187647e+22       2.187647e+22      
#                            (6544.55 um_pwv)   (6544.55 um_pwv)  
#                       o3  1.364432e+18       1.364432e+18      
#                            (50.7828 DU)       (50.7828 DU)      
#
# total (24 layers):
#                  dry_air  1.239364e+25       1.239364e+25      
#                      h2o  2.188380e+22       2.188380e+22      
#                            (6546.75 um_pwv)   (6546.75 um_pwv)  
#                       o3  6.780261e+18       6.780261e+18      
#                            (252.355 DU)       (252.355 DU)      
#

! Warning: Encountered in-band lines narrower than the frequency
!          grid spacing.  The output configuration data includes
!          the unresolved line count after each column definition
!          for which this occurred.  Count: 57

