# am version 13.0 (build date May 30 2024 14:06:47)

# run time 3.123 s

f 10 GHz  1000 GHz  0.025 GHz
output f GHz  tau neper  tx none  Tb K

tol 0.0001
selfbroad_vmr_tol 0.003

geometry plane-parallel
refract none
za 0 deg
PTmode Pbase Tbase

g 980.665 cm*s^-2
dg_dz 0 s^-2

Nscale h2o 1

T0 2.7 K

layer stratosphere
# P 1 mbar
# T 257.85 K
# dP 1 mbar
Pbase 1 mbar
Tbase 257.85 K
Mair 28.964 h2o o3  (28.964)
lineshape Voigt-Kielkopf ch4 co co2 h2o_lines n2o o2_coupled o2_uncoupled o3
column dry_air hydrostatic (0.999991)  (2.12016e+22 cm^-2)
! Warning: Column included 5264 unresolved lines.
column h2o hydrostatic 6.403e-06  (1.35755e+17 cm^-2)  (* 1.00000)
! Warning: Column included 838 unresolved lines.
column o3 hydrostatic 2.999e-06  (6.35841e+16 cm^-2)
! Warning: Column included 33099 unresolved lines.

layer stratosphere
# P 1.5 mbar
# T 257.774 K
# dP 1 mbar
Pbase 2 mbar
Tbase 257.72 K
Mair 28.964 h2o o3  (28.964)
lineshape Gross ch4 co co2 n2o o2_uncoupled o3
lineshape VVW_coupled o2_coupled
lineshape VVH_750 h2o_lines
column dry_air hydrostatic (0.99999)  (2.12015e+22 cm^-2)
! Warning: Column included 5264 unresolved lines.
column h2o hydrostatic 5.881e-06  (1.24687e+17 cm^-2)  (* 1.00000)
! Warning: Column included 838 unresolved lines.
column o3 hydrostatic 4.603e-06  (9.75916e+16 cm^-2)
! Warning: Column included 33099 unresolved lines.

layer stratosphere
# P 2.5 mbar
# T 253.818 K
# dP 1 mbar
Pbase 3 mbar
Tbase 250.63 K
Mair 28.964 h2o o3  (28.964)
lineshape Gross ch4 co co2 n2o o2_uncoupled o3
lineshape VVW_coupled o2_coupled
lineshape VVH_750 h2o_lines
column dry_air hydrostatic (0.999988)  (2.12015e+22 cm^-2)
! Warning: Column included 5264 unresolved lines.
column h2o hydrostatic 5.881e-06  (1.24687e+17 cm^-2)  (* 1.00000)
! Warning: Column included 838 unresolved lines.
column o3 hydrostatic 5.777e-06  (1.22482e+17 cm^-2)
! Warning: Column included 33099 unresolved lines.

layer stratosphere
# P 4 mbar
# T 244.75 K
# dP 2 mbar
Pbase 5 mbar
Tbase 240.19 K
Mair 28.964 h2o o3  (28.9641)
lineshape Gross ch4 co co2 n2o o2_uncoupled o3
lineshape VVW_coupled o2_coupled
lineshape VVH_750 h2o_lines
column dry_air hydrostatic (0.999988)  (4.24029e+22 cm^-2)
! Warning: Column included 5264 unresolved lines.
column h2o hydrostatic 5.359e-06  (2.2724e+17 cm^-2)  (* 1.00000)
! Warning: Column included 838 unresolved lines.
column o3 hydrostatic 6.914e-06  (2.93177e+17 cm^-2)
! Warning: Column included 33099 unresolved lines.

layer stratosphere
# P 6 mbar
# T 236.776 K
# dP 2 mbar
Pbase 7 mbar
Tbase 233.89 K
Mair 28.964 h2o o3  (28.9641)
lineshape Gross ch4 co co2 n2o o2_uncoupled o3
lineshape VVW_coupled o2_coupled
lineshape VVH_750 h2o_lines
column dry_air hydrostatic (0.999987)  (4.24028e+22 cm^-2)
! Warning: Column included 5264 unresolved lines.
column h2o hydrostatic 5.359e-06  (2.2724e+17 cm^-2)  (* 1.00000)
! Warning: Column included 838 unresolved lines.
column o3 hydrostatic 7.39e-06  (3.13361e+17 cm^-2)
! Warning: Column included 33099 unresolved lines.

layer stratosphere
# P 8.5 mbar
# T 230.716 K
# dP 3 mbar
Pbase 10 mbar
Tbase 228.06 K
Mair 28.964 h2o o3  (28.9641)
lineshape Gross ch4 co co2 n2o o2_uncoupled o3
lineshape VVW_coupled o2_coupled
lineshape VVH_750 h2o_lines
column dry_air hydrostatic (0.999988)  (6.36043e+22 cm^-2)
! Warning: Column included 5044 unresolved lines.
column h2o hydrostatic 4.836e-06  (3.07594e+17 cm^-2)  (* 1.00000)
! Warning: Column included 549 unresolved lines.
column o3 hydrostatic 7.432e-06  (4.72713e+17 cm^-2)
! Warning: Column included 28890 unresolved lines.

layer stratosphere
# P 15 mbar
# T 223.995 K
# dP 10 mbar
Pbase 20 mbar
Tbase 221.11 K
Mair 28.964 h2o o3  (28.9641)
lineshape Gross ch4 co co2 n2o o2_uncoupled o3
lineshape VVW_coupled o2_coupled
lineshape VVH_750 h2o_lines
column dry_air hydrostatic (0.999989)  (2.12015e+23 cm^-2)
! Warning: Column included 1925 unresolved lines.
column h2o hydrostatic 4.836e-06  (1.02531e+18 cm^-2)  (* 1.00000)
! Warning: Column included 151 unresolved lines.
column o3 hydrostatic 6.267e-06  (1.32871e+18 cm^-2)

layer stratosphere
# P 25 mbar
# T 218.501 K
# dP 10 mbar
Pbase 30 mbar
Tbase 216.37 K
Mair 28.964 h2o o3  (28.964)
lineshape Gross ch4 co co2 n2o o2_uncoupled o3
lineshape VVW_coupled o2_coupled
lineshape VVH_750 h2o_lines
column dry_air hydrostatic (0.999991)  (2.12015e+23 cm^-2)
! Warning: Column included 6 unresolved lines.
column h2o hydrostatic 4.836e-06  (1.02532e+18 cm^-2)  (* 1.00000)
! Warning: Column included 45 unresolved lines.
column o3 hydrostatic 4.605e-06  (9.76339e+17 cm^-2)

layer stratosphere
# P 40 mbar
# T 212.54 K
# dP 20 mbar
Pbase 50 mbar
Tbase 209.57 K
Mair 28.964 h2o o3  (28.964)
lineshape Gross ch4 co co2 n2o o2_uncoupled o3
lineshape VVW_coupled o2_coupled
lineshape VVH_750 h2o_lines
column dry_air hydrostatic (0.999993)  (4.24032e+23 cm^-2)
column h2o hydrostatic 4.836e-06  (2.05063e+18 cm^-2)  (* 1.00000)
! Warning: Column included 27 unresolved lines.
column o3 hydrostatic 2.33e-06  (9.88002e+17 cm^-2)

layer stratosphere
# P 60 mbar
# T 207.554 K
# dP 20 mbar
Pbase 70 mbar
Tbase 205.85 K
Mair 28.964 h2o o3  (28.964)
lineshape Gross ch4 co co2 n2o o2_uncoupled o3
lineshape VVW_coupled o2_coupled
lineshape VVH_750 h2o_lines
column dry_air hydrostatic (0.999994)  (4.24033e+23 cm^-2)
column h2o hydrostatic 4.577e-06  (1.94081e+18 cm^-2)  (* 1.00000)
! Warning: Column included 19 unresolved lines.
column o3 hydrostatic 1.059e-06  (4.49054e+17 cm^-2)

layer troposphere
# P 85 mbar
# T 206.525 K
# dP 30 mbar
Pbase 100 mbar
Tbase 207.09 K
Mair 28.964 h2o o3  (28.964)
lineshape Gross ch4 co co2 n2o o2_uncoupled o3
lineshape VVW_coupled o2_coupled
lineshape VVH_750 h2o_lines
column dry_air hydrostatic (0.999995)  (6.3605e+23 cm^-2)
column h2o hydrostatic 4.314e-06  (2.74393e+18 cm^-2)  (* 1.00000)
! Warning: Column included 18 unresolved lines.
column o3 hydrostatic 4.242e-07  (2.69814e+17 cm^-2)

layer troposphere
# P 112.5 mbar
# T 208.995 K
# dP 25 mbar
Pbase 125 mbar
Tbase 210.7 K
Mair 28.964 h2o o3  (28.964)
lineshape Gross ch4 co co2 n2o o2_uncoupled o3
lineshape VVW_coupled o2_coupled
lineshape VVH_750 h2o_lines
column dry_air hydrostatic (0.999995)  (5.30042e+23 cm^-2)
column h2o hydrostatic 4.836e-06  (2.5633e+18 cm^-2)  (* 1.00000)
column o3 hydrostatic 2.754e-07  (1.45974e+17 cm^-2)

layer troposphere
# P 137.5 mbar
# T 212.514 K
# dP 25 mbar
Pbase 150 mbar
Tbase 214.17 K
Mair 28.964 h2o o3  (28.9639)
lineshape Gross ch4 co co2 n2o o2_uncoupled o3
lineshape VVW_coupled o2_coupled
lineshape VVH_750 h2o_lines
column dry_air hydrostatic (0.999993)  (5.30041e+23 cm^-2)
column h2o hydrostatic 6.403e-06  (3.39388e+18 cm^-2)  (* 1.00000)
column o3 hydrostatic 1.987e-07  (1.0532e+17 cm^-2)

layer troposphere
# P 162.5 mbar
# T 215.437 K
# dP 25 mbar
Pbase 175 mbar
Tbase 216.61 K
Mair 28.964 h2o o3  (28.9639)
lineshape Gross ch4 co co2 n2o o2_uncoupled o3
lineshape VVW_coupled o2_coupled
lineshape VVH_750 h2o_lines
column dry_air hydrostatic (0.99999)  (5.3004e+23 cm^-2)
column h2o hydrostatic 1.032e-05  (5.47007e+18 cm^-2)  (* 1.00000)
column o3 hydrostatic 1.681e-07  (8.91007e+16 cm^-2)

layer troposphere
# P 187.5 mbar
# T 217.664 K
# dP 25 mbar
Pbase 200 mbar
Tbase 218.65 K
Mair 28.964 h2o o3  (28.9638)
lineshape Gross ch4 co co2 n2o o2_uncoupled o3
lineshape VVW_coupled o2_coupled
lineshape VVH_750 h2o_lines
column dry_air hydrostatic (0.999983)  (5.30038e+23 cm^-2)
column h2o hydrostatic 1.735e-05  (9.19632e+18 cm^-2)  (* 1.00000)
column o3 hydrostatic 1.432e-07  (7.59028e+16 cm^-2)

layer troposphere
# P 212.5 mbar
# T 219.798 K
# dP 25 mbar
Pbase 225 mbar
Tbase 220.88 K
Mair 28.964 h2o o3  (28.9637)
lineshape Gross ch4 co co2 n2o o2_uncoupled o3
lineshape VVW_coupled o2_coupled
lineshape VVH_750 h2o_lines
column dry_air hydrostatic (0.999973)  (5.30035e+23 cm^-2)
column h2o hydrostatic 2.643e-05  (1.40092e+19 cm^-2)  (* 1.00000)
column o3 hydrostatic 1.238e-07  (6.56201e+16 cm^-2)

layer troposphere
# P 237.5 mbar
# T 222.204 K
# dP 25 mbar
Pbase 250 mbar
Tbase 223.46 K
Mair 28.964 h2o o3  (28.9636)
lineshape Gross ch4 co co2 n2o o2_uncoupled o3
lineshape VVW_coupled o2_coupled
lineshape VVH_750 h2o_lines
column dry_air hydrostatic (0.999959)  (5.3003e+23 cm^-2)
column h2o hydrostatic 4.048e-05  (2.14565e+19 cm^-2)  (* 1.00000)
column o3 hydrostatic 1.035e-07  (5.48604e+16 cm^-2)

layer troposphere
# P 275 mbar
# T 226.591 K
# dP 50 mbar
Pbase 300 mbar
Tbase 229.45 K
Mair 28.964 h2o o3  (28.9629)
lineshape Gross ch4 co co2 n2o o2_uncoupled o3
lineshape VVW_coupled o2_coupled
lineshape VVH_750 h2o_lines
column dry_air hydrostatic (0.999898)  (1.06002e+24 cm^-2)
column h2o hydrostatic 0.0001021  (1.08239e+20 cm^-2)  (* 1.00000)
column o3 hydrostatic 7.551e-08  (8.00503e+16 cm^-2)

layer troposphere
# P 325 mbar
# T 233.064 K
# dP 50 mbar
Pbase 350 mbar
Tbase 236.41 K
Mair 28.964 h2o o3  (28.9615)
lineshape Gross ch4 co co2 n2o o2_uncoupled o3
lineshape VVW_coupled o2_coupled
lineshape VVH_750 h2o_lines
column dry_air hydrostatic (0.999774)  (1.05994e+24 cm^-2)
column h2o hydrostatic 0.000226  (2.396e+20 cm^-2)  (* 1.00000)
column o3 hydrostatic 6.227e-08  (6.60173e+16 cm^-2)

layer troposphere
# P 375 mbar
# T 239.629 K
# dP 50 mbar
Pbase 400 mbar
Tbase 242.64 K
Mair 28.964 h2o o3  (28.9592)
lineshape Gross ch4 co co2 n2o o2_uncoupled o3
lineshape VVW_coupled o2_coupled
lineshape VVH_750 h2o_lines
column dry_air hydrostatic (0.999557)  (1.0598e+24 cm^-2)
column h2o hydrostatic 0.0004427  (4.69379e+20 cm^-2)  (* 1.00000)
column o3 hydrostatic 5.661e-08  (6.00216e+16 cm^-2)

layer troposphere
# P 425 mbar
# T 245.739 K
# dP 50 mbar
Pbase 450 mbar
Tbase 248.66 K
Mair 28.964 h2o o3  (28.9556)
lineshape Gross ch4 co co2 n2o o2_uncoupled o3
lineshape VVW_coupled o2_coupled
lineshape VVH_750 h2o_lines
column dry_air hydrostatic (0.999237)  (1.05958e+24 cm^-2)
column h2o hydrostatic 0.0007634  (8.09504e+20 cm^-2)  (* 1.00000)
column o3 hydrostatic 5.332e-08  (5.65402e+16 cm^-2)

layer troposphere
# P 475 mbar
# T 251.58 K
# dP 50 mbar
Pbase 500 mbar
Tbase 254.35 K
Mair 28.964 h2o o3  (28.9508)
lineshape Gross ch4 co co2 n2o o2_uncoupled o3
lineshape VVW_coupled o2_coupled
lineshape VVH_750 h2o_lines
column dry_air hydrostatic (0.998792)  (1.05929e+24 cm^-2)
column h2o hydrostatic 0.001208  (1.28117e+21 cm^-2)  (* 1.00000)
column o3 hydrostatic 5.162e-08  (5.47467e+16 cm^-2)

layer troposphere
# P 525 mbar
# T 255.548 K
# dP 50 mbar
Pbase 550 mbar
Tbase 256.69 K
Mair 28.964 h2o o3  (28.9477)
lineshape Gross ch4 co co2 n2o o2_uncoupled o3
lineshape VVW_coupled o2_coupled
lineshape VVH_750 h2o_lines
column dry_air hydrostatic (0.998512)  (1.05911e+24 cm^-2)
column h2o hydrostatic 0.001488  (1.5783e+21 cm^-2)  (* 1.00000)
column o3 hydrostatic 5.143e-08  (5.4551e+16 cm^-2)

layer troposphere
# P 567.6 mbar
# T 258.437 K
# dP 35.2 mbar
Pbase 585.2 mbar (observing level)
Tbase 260.13 K
Mair 28.964 h2o o3  (28.9482)
lineshape Gross ch4 co co2 n2o o2_uncoupled o3
lineshape VVW_coupled o2_coupled
lineshape VVH_750 h2o_lines
column dry_air hydrostatic (0.998554)  (7.4563e+23 cm^-2)
column h2o hydrostatic 0.001446  (1.07974e+21 cm^-2)  (* 1.00000)
column o3 hydrostatic 5.129e-08  (3.82987e+16 cm^-2)

#
# column densities [cm^-2], including scale factors
#
#                           zenith             line-of-sight     
# stratosphere (10 layers):
#                  dry_air  1.484110e+24       1.484110e+24      
#                      h2o  7.189277e+18       7.189277e+18      
#                            (2.15074 um_pwv)   (2.15074 um_pwv)  
#                       o3  5.105014e+18       5.105014e+18      
#                            (190.003 DU)       (190.003 DU)      
#
# troposphere (14 layers):
#                  dry_air  1.091964e+25       1.091964e+25      
#                      h2o  5.624767e+21       5.624767e+21      
#                            (1682.7 um_pwv)    (1682.7 um_pwv)   
#                       o3  1.216818e+18       1.216818e+18      
#                            (45.2887 DU)       (45.2887 DU)      
#
# total (24 layers):
#                  dry_air  1.240375e+25       1.240375e+25      
#                      h2o  5.631956e+21       5.631956e+21      
#                            (1684.85 um_pwv)   (1684.85 um_pwv)  
#                       o3  6.321832e+18       6.321832e+18      
#                            (235.292 DU)       (235.292 DU)      
#

! Warning: Encountered in-band lines narrower than the frequency
!          grid spacing.  The output configuration data includes
!          the unresolved line count after each column definition
!          for which this occurred.  Count: 57

