# am version 13.0 (build date May 30 2024 14:06:47)

# run time 3.109 s

f 10 GHz  1000 GHz  0.025 GHz
output f GHz  tau neper  tx none  Tb K

tol 0.0001
selfbroad_vmr_tol 0.003

geometry plane-parallel
refract none
za 0 deg
PTmode Pbase Tbase

g 980.665 cm*s^-2
dg_dz 0 s^-2

Nscale h2o 1

T0 2.7 K

layer stratosphere
# P 1 mbar
# T 260.01 K
# dP 1 mbar
Pbase 1 mbar
Tbase 260.01 K
Mair 28.964 h2o o3  (28.964)
lineshape Voigt-Kielkopf ch4 co co2 h2o_lines n2o o2_coupled o2_uncoupled o3
column dry_air hydrostatic (0.999991)  (2.12016e+22 cm^-2)
! Warning: Column included 5264 unresolved lines.
column h2o hydrostatic 6.403e-06  (1.35755e+17 cm^-2)  (* 1.00000)
! Warning: Column included 838 unresolved lines.
column o3 hydrostatic 3.056e-06  (6.47926e+16 cm^-2)
! Warning: Column included 33099 unresolved lines.

layer stratosphere
# P 1.5 mbar
# T 259.618 K
# dP 1 mbar
Pbase 2 mbar
Tbase 259.34 K
Mair 28.964 h2o o3  (28.964)
lineshape Gross ch4 co co2 n2o o2_uncoupled o3
lineshape VVW_coupled o2_coupled
lineshape VVH_750 h2o_lines
column dry_air hydrostatic (0.999989)  (2.12015e+22 cm^-2)
! Warning: Column included 5264 unresolved lines.
column h2o hydrostatic 5.881e-06  (1.24687e+17 cm^-2)  (* 1.00000)
! Warning: Column included 838 unresolved lines.
column o3 hydrostatic 4.819e-06  (1.02171e+17 cm^-2)
! Warning: Column included 33099 unresolved lines.

layer stratosphere
# P 2.5 mbar
# T 255.796 K
# dP 1 mbar
Pbase 3 mbar
Tbase 252.9 K
Mair 28.964 h2o o3  (28.964)
lineshape Gross ch4 co co2 n2o o2_uncoupled o3
lineshape VVW_coupled o2_coupled
lineshape VVH_750 h2o_lines
column dry_air hydrostatic (0.999988)  (2.12015e+22 cm^-2)
! Warning: Column included 5264 unresolved lines.
column h2o hydrostatic 5.881e-06  (1.24687e+17 cm^-2)  (* 1.00000)
! Warning: Column included 838 unresolved lines.
column o3 hydrostatic 5.946e-06  (1.26065e+17 cm^-2)
! Warning: Column included 33099 unresolved lines.

layer stratosphere
# P 4 mbar
# T 246.795 K
# dP 2 mbar
Pbase 5 mbar
Tbase 242.06 K
Mair 28.964 h2o o3  (28.9641)
lineshape Gross ch4 co co2 n2o o2_uncoupled o3
lineshape VVW_coupled o2_coupled
lineshape VVH_750 h2o_lines
column dry_air hydrostatic (0.999987)  (4.24028e+22 cm^-2)
! Warning: Column included 5264 unresolved lines.
column h2o hydrostatic 5.881e-06  (2.49374e+17 cm^-2)  (* 1.00000)
! Warning: Column included 838 unresolved lines.
column o3 hydrostatic 7.147e-06  (3.03057e+17 cm^-2)
! Warning: Column included 33099 unresolved lines.

layer stratosphere
# P 6 mbar
# T 238.722 K
# dP 2 mbar
Pbase 7 mbar
Tbase 235.9 K
Mair 28.964 h2o o3  (28.9641)
lineshape Gross ch4 co co2 n2o o2_uncoupled o3
lineshape VVW_coupled o2_coupled
lineshape VVH_750 h2o_lines
column dry_air hydrostatic (0.999987)  (4.24028e+22 cm^-2)
! Warning: Column included 5264 unresolved lines.
column h2o hydrostatic 5.359e-06  (2.2724e+17 cm^-2)  (* 1.00000)
! Warning: Column included 838 unresolved lines.
column o3 hydrostatic 7.641e-06  (3.24004e+17 cm^-2)
! Warning: Column included 33099 unresolved lines.

layer stratosphere
# P 8.5 mbar
# T 233.178 K
# dP 3 mbar
Pbase 10 mbar
Tbase 230.9 K
Mair 28.964 h2o o3  (28.9641)
lineshape Gross ch4 co co2 n2o o2_uncoupled o3
lineshape VVW_coupled o2_coupled
lineshape VVH_750 h2o_lines
column dry_air hydrostatic (0.999987)  (6.36042e+22 cm^-2)
! Warning: Column included 5067 unresolved lines.
column h2o hydrostatic 5.359e-06  (3.40859e+17 cm^-2)  (* 1.00000)
! Warning: Column included 563 unresolved lines.
column o3 hydrostatic 7.711e-06  (4.90459e+17 cm^-2)
! Warning: Column included 29654 unresolved lines.

layer stratosphere
# P 15 mbar
# T 225.77 K
# dP 10 mbar
Pbase 20 mbar
Tbase 222.13 K
Mair 28.964 h2o o3  (28.9641)
lineshape Gross ch4 co co2 n2o o2_uncoupled o3
lineshape VVW_coupled o2_coupled
lineshape VVH_750 h2o_lines
column dry_air hydrostatic (0.999989)  (2.12015e+23 cm^-2)
! Warning: Column included 1925 unresolved lines.
column h2o hydrostatic 4.836e-06  (1.02531e+18 cm^-2)  (* 1.00000)
! Warning: Column included 151 unresolved lines.
column o3 hydrostatic 6.398e-06  (1.35648e+18 cm^-2)

layer stratosphere
# P 25 mbar
# T 219.56 K
# dP 10 mbar
Pbase 30 mbar
Tbase 217.46 K
Mair 28.964 h2o o3  (28.964)
lineshape Gross ch4 co co2 n2o o2_uncoupled o3
lineshape VVW_coupled o2_coupled
lineshape VVH_750 h2o_lines
column dry_air hydrostatic (0.99999)  (2.12015e+23 cm^-2)
! Warning: Column included 6 unresolved lines.
column h2o hydrostatic 4.836e-06  (1.02532e+18 cm^-2)  (* 1.00000)
! Warning: Column included 45 unresolved lines.
column o3 hydrostatic 4.781e-06  (1.01365e+18 cm^-2)

layer stratosphere
# P 40 mbar
# T 213.552 K
# dP 20 mbar
Pbase 50 mbar
Tbase 210.52 K
Mair 28.964 h2o o3  (28.964)
lineshape Gross ch4 co co2 n2o o2_uncoupled o3
lineshape VVW_coupled o2_coupled
lineshape VVH_750 h2o_lines
column dry_air hydrostatic (0.999993)  (4.24032e+23 cm^-2)
column h2o hydrostatic 4.836e-06  (2.05063e+18 cm^-2)  (* 1.00000)
! Warning: Column included 27 unresolved lines.
column o3 hydrostatic 2.563e-06  (1.0868e+18 cm^-2)

layer stratosphere
# P 60 mbar
# T 208.488 K
# dP 20 mbar
Pbase 70 mbar
Tbase 206.77 K
Mair 28.964 h2o o3  (28.964)
lineshape Gross ch4 co co2 n2o o2_uncoupled o3
lineshape VVW_coupled o2_coupled
lineshape VVH_750 h2o_lines
column dry_air hydrostatic (0.999994)  (4.24033e+23 cm^-2)
column h2o hydrostatic 4.836e-06  (2.05064e+18 cm^-2)  (* 1.00000)
! Warning: Column included 19 unresolved lines.
column o3 hydrostatic 1.219e-06  (5.16899e+17 cm^-2)

layer troposphere
# P 85 mbar
# T 207.766 K
# dP 30 mbar
Pbase 100 mbar
Tbase 208.6 K
Mair 28.964 h2o o3  (28.964)
lineshape Gross ch4 co co2 n2o o2_uncoupled o3
lineshape VVW_coupled o2_coupled
lineshape VVH_750 h2o_lines
column dry_air hydrostatic (0.999995)  (6.3605e+23 cm^-2)
column h2o hydrostatic 4.836e-06  (3.07595e+18 cm^-2)  (* 1.00000)
! Warning: Column included 18 unresolved lines.
column o3 hydrostatic 5.006e-07  (3.18408e+17 cm^-2)

layer troposphere
# P 112.5 mbar
# T 210.521 K
# dP 25 mbar
Pbase 125 mbar
Tbase 212.24 K
Mair 28.964 h2o o3  (28.9639)
lineshape Gross ch4 co co2 n2o o2_uncoupled o3
lineshape VVW_coupled o2_coupled
lineshape VVH_750 h2o_lines
column dry_air hydrostatic (0.999994)  (5.30042e+23 cm^-2)
column h2o hydrostatic 5.359e-06  (2.84051e+18 cm^-2)  (* 1.00000)
column o3 hydrostatic 3.322e-07  (1.76081e+17 cm^-2)

layer troposphere
# P 137.5 mbar
# T 213.798 K
# dP 25 mbar
Pbase 150 mbar
Tbase 215.22 K
Mair 28.964 h2o o3  (28.9639)
lineshape Gross ch4 co co2 n2o o2_uncoupled o3
lineshape VVW_coupled o2_coupled
lineshape VVH_750 h2o_lines
column dry_air hydrostatic (0.999992)  (5.30041e+23 cm^-2)
column h2o hydrostatic 7.446e-06  (3.94672e+18 cm^-2)  (* 1.00000)
column o3 hydrostatic 2.521e-07  (1.33624e+17 cm^-2)

layer troposphere
# P 162.5 mbar
# T 216.591 K
# dP 25 mbar
Pbase 175 mbar
Tbase 217.86 K
Mair 28.964 h2o o3  (28.9639)
lineshape Gross ch4 co co2 n2o o2_uncoupled o3
lineshape VVW_coupled o2_coupled
lineshape VVH_750 h2o_lines
column dry_air hydrostatic (0.999988)  (5.3004e+23 cm^-2)
column h2o hydrostatic 1.164e-05  (6.16974e+18 cm^-2)  (* 1.00000)
column o3 hydrostatic 2.089e-07  (1.10727e+17 cm^-2)

layer troposphere
# P 187.5 mbar
# T 218.78 K
# dP 25 mbar
Pbase 200 mbar
Tbase 219.64 K
Mair 28.964 h2o o3  (28.9638)
lineshape Gross ch4 co co2 n2o o2_uncoupled o3
lineshape VVW_coupled o2_coupled
lineshape VVH_750 h2o_lines
column dry_air hydrostatic (0.99998)  (5.30037e+23 cm^-2)
column h2o hydrostatic 1.934e-05  (1.02511e+19 cm^-2)  (* 1.00000)
column o3 hydrostatic 1.821e-07  (9.65217e+16 cm^-2)

layer troposphere
# P 212.5 mbar
# T 220.788 K
# dP 25 mbar
Pbase 225 mbar
Tbase 221.87 K
Mair 28.964 h2o o3  (28.9637)
lineshape Gross ch4 co co2 n2o o2_uncoupled o3
lineshape VVW_coupled o2_coupled
lineshape VVH_750 h2o_lines
column dry_air hydrostatic (0.99997)  (5.30034e+23 cm^-2)
column h2o hydrostatic 3.031e-05  (1.60658e+19 cm^-2)  (* 1.00000)
column o3 hydrostatic 1.549e-07  (8.21047e+16 cm^-2)

layer troposphere
# P 237.5 mbar
# T 223.071 K
# dP 25 mbar
Pbase 250 mbar
Tbase 224.21 K
Mair 28.964 h2o o3  (28.9635)
lineshape Gross ch4 co co2 n2o o2_uncoupled o3
lineshape VVW_coupled o2_coupled
lineshape VVH_750 h2o_lines
column dry_air hydrostatic (0.999952)  (5.30028e+23 cm^-2)
column h2o hydrostatic 4.758e-05  (2.52199e+19 cm^-2)  (* 1.00000)
column o3 hydrostatic 1.245e-07  (6.59916e+16 cm^-2)

layer troposphere
# P 275 mbar
# T 227.733 K
# dP 50 mbar
Pbase 300 mbar
Tbase 230.95 K
Mair 28.964 h2o o3  (28.9627)
lineshape Gross ch4 co co2 n2o o2_uncoupled o3
lineshape VVW_coupled o2_coupled
lineshape VVH_750 h2o_lines
column dry_air hydrostatic (0.999878)  (1.06001e+24 cm^-2)
column h2o hydrostatic 0.0001217  (1.29019e+20 cm^-2)  (* 1.00000)
column o3 hydrostatic 8.147e-08  (8.63693e+16 cm^-2)

layer troposphere
# P 325 mbar
# T 234.554 K
# dP 50 mbar
Pbase 350 mbar
Tbase 237.89 K
Mair 28.964 h2o o3  (28.961)
lineshape Gross ch4 co co2 n2o o2_uncoupled o3
lineshape VVW_coupled o2_coupled
lineshape VVH_750 h2o_lines
column dry_air hydrostatic (0.999723)  (1.0599e+24 cm^-2)
column h2o hydrostatic 0.0002771  (2.93781e+20 cm^-2)  (* 1.00000)
column o3 hydrostatic 6.56e-08  (6.9549e+16 cm^-2)

layer troposphere
# P 375 mbar
# T 241.238 K
# dP 50 mbar
Pbase 400 mbar
Tbase 244.37 K
Mair 28.964 h2o o3  (28.9584)
lineshape Gross ch4 co co2 n2o o2_uncoupled o3
lineshape VVW_coupled o2_coupled
lineshape VVH_750 h2o_lines
column dry_air hydrostatic (0.99949)  (1.05975e+24 cm^-2)
column h2o hydrostatic 0.0005096  (5.40325e+20 cm^-2)  (* 1.00000)
column o3 hydrostatic 5.867e-08  (6.22073e+16 cm^-2)

layer troposphere
# P 425 mbar
# T 247.649 K
# dP 50 mbar
Pbase 450 mbar
Tbase 250.74 K
Mair 28.964 h2o o3  (28.9543)
lineshape Gross ch4 co co2 n2o o2_uncoupled o3
lineshape VVW_coupled o2_coupled
lineshape VVH_750 h2o_lines
column dry_air hydrostatic (0.999115)  (1.0595e+24 cm^-2)
column h2o hydrostatic 0.0008846  (9.38067e+20 cm^-2)  (* 1.00000)
column o3 hydrostatic 5.555e-08  (5.89076e+16 cm^-2)

layer troposphere
# P 475 mbar
# T 253.947 K
# dP 50 mbar
Pbase 500 mbar
Tbase 256.99 K
Mair 28.964 h2o o3  (28.9486)
lineshape Gross ch4 co co2 n2o o2_uncoupled o3
lineshape VVW_coupled o2_coupled
lineshape VVH_750 h2o_lines
column dry_air hydrostatic (0.998589)  (1.05916e+24 cm^-2)
column h2o hydrostatic 0.001411  (1.49658e+21 cm^-2)  (* 1.00000)
column o3 hydrostatic 5.452e-08  (5.78268e+16 cm^-2)

layer troposphere
# P 525 mbar
# T 258.567 K
# dP 50 mbar
Pbase 550 mbar
Tbase 260.07 K
Mair 28.964 h2o o3  (28.9455)
lineshape Gross ch4 co co2 n2o o2_uncoupled o3
lineshape VVW_coupled o2_coupled
lineshape VVH_750 h2o_lines
column dry_air hydrostatic (0.998306)  (1.05897e+24 cm^-2)
column h2o hydrostatic 0.001694  (1.79694e+21 cm^-2)  (* 1.00000)
column o3 hydrostatic 5.408e-08  (5.73663e+16 cm^-2)

layer troposphere
# P 567.6 mbar
# T 261.654 K
# dP 35.2 mbar
Pbase 585.2 mbar (observing level)
Tbase 263.19 K
Mair 28.964 h2o o3  (28.946)
lineshape Gross ch4 co co2 n2o o2_uncoupled o3
lineshape VVW_coupled o2_coupled
lineshape VVH_750 h2o_lines
column dry_air hydrostatic (0.998352)  (7.45536e+23 cm^-2)
column h2o hydrostatic 0.001648  (1.23067e+21 cm^-2)  (* 1.00000)
column o3 hydrostatic 5.404e-08  (4.03553e+16 cm^-2)

#
# column densities [cm^-2], including scale factors
#
#                           zenith             line-of-sight     
# stratosphere (10 layers):
#                  dry_air  1.484109e+24       1.484109e+24      
#                      h2o  7.354501e+18       7.354501e+18      
#                            (2.20017 um_pwv)   (2.20017 um_pwv)  
#                       o3  5.384389e+18       5.384389e+18      
#                            (200.402 DU)       (200.402 DU)      
#
# troposphere (14 layers):
#                  dry_air  1.091910e+25       1.091910e+25      
#                      h2o  6.492953e+21       6.492953e+21      
#                            (1942.43 um_pwv)   (1942.43 um_pwv)  
#                       o3  1.416040e+18       1.416040e+18      
#                            (52.7036 DU)       (52.7036 DU)      
#
# total (24 layers):
#                  dry_air  1.240321e+25       1.240321e+25      
#                      h2o  6.500307e+21       6.500307e+21      
#                            (1944.63 um_pwv)   (1944.63 um_pwv)  
#                       o3  6.800429e+18       6.800429e+18      
#                            (253.105 DU)       (253.105 DU)      
#

! Warning: Encountered in-band lines narrower than the frequency
!          grid spacing.  The output configuration data includes
!          the unresolved line count after each column definition
!          for which this occurred.  Count: 57

