# am version 13.0 (build date May 30 2024 14:06:47)

# run time 3.013 s

f 10 GHz  1000 GHz  0.025 GHz
output f GHz  tau neper  tx none  Tb K

tol 0.0001
selfbroad_vmr_tol 0.003

geometry plane-parallel
refract none
za 0 deg
PTmode Pbase Tbase

g 980.665 cm*s^-2
dg_dz 0 s^-2

Nscale h2o 1

T0 2.7 K

layer stratosphere
# P 1 mbar
# T 260.24 K
# dP 1 mbar
Pbase 1 mbar
Tbase 260.24 K
Mair 28.964 h2o o3  (28.964)
lineshape Voigt-Kielkopf ch4 co co2 h2o_lines n2o o2_coupled o2_uncoupled o3
column dry_air hydrostatic (0.999991)  (2.12016e+22 cm^-2)
! Warning: Column included 5264 unresolved lines.
column h2o hydrostatic 6.403e-06  (1.35755e+17 cm^-2)  (* 1.00000)
! Warning: Column included 838 unresolved lines.
column o3 hydrostatic 2.996e-06  (6.35205e+16 cm^-2)
! Warning: Column included 33099 unresolved lines.

layer stratosphere
# P 1.5 mbar
# T 259.316 K
# dP 1 mbar
Pbase 2 mbar
Tbase 258.66 K
Mair 28.964 h2o o3  (28.964)
lineshape Gross ch4 co co2 n2o o2_uncoupled o3
lineshape VVW_coupled o2_coupled
lineshape VVH_750 h2o_lines
column dry_air hydrostatic (0.99999)  (2.12015e+22 cm^-2)
! Warning: Column included 5264 unresolved lines.
column h2o hydrostatic 5.881e-06  (1.24687e+17 cm^-2)  (* 1.00000)
! Warning: Column included 838 unresolved lines.
column o3 hydrostatic 4.563e-06  (9.67435e+16 cm^-2)
! Warning: Column included 33099 unresolved lines.

layer stratosphere
# P 2.5 mbar
# T 254.841 K
# dP 1 mbar
Pbase 3 mbar
Tbase 251.72 K
Mair 28.964 h2o o3  (28.964)
lineshape Gross ch4 co co2 n2o o2_uncoupled o3
lineshape VVW_coupled o2_coupled
lineshape VVH_750 h2o_lines
column dry_air hydrostatic (0.999988)  (2.12015e+22 cm^-2)
! Warning: Column included 5264 unresolved lines.
column h2o hydrostatic 5.881e-06  (1.24687e+17 cm^-2)  (* 1.00000)
! Warning: Column included 838 unresolved lines.
column o3 hydrostatic 5.901e-06  (1.25111e+17 cm^-2)
! Warning: Column included 33099 unresolved lines.

layer stratosphere
# P 4 mbar
# T 246.049 K
# dP 2 mbar
Pbase 5 mbar
Tbase 241.65 K
Mair 28.964 h2o o3  (28.9641)
lineshape Gross ch4 co co2 n2o o2_uncoupled o3
lineshape VVW_coupled o2_coupled
lineshape VVH_750 h2o_lines
column dry_air hydrostatic (0.999987)  (4.24028e+22 cm^-2)
! Warning: Column included 5264 unresolved lines.
column h2o hydrostatic 5.359e-06  (2.2724e+17 cm^-2)  (* 1.00000)
! Warning: Column included 838 unresolved lines.
column o3 hydrostatic 7.652e-06  (3.24471e+17 cm^-2)
! Warning: Column included 33099 unresolved lines.

layer stratosphere
# P 6 mbar
# T 238.551 K
# dP 2 mbar
Pbase 7 mbar
Tbase 235.93 K
Mair 28.964 h2o o3  (28.9641)
lineshape Gross ch4 co co2 n2o o2_uncoupled o3
lineshape VVW_coupled o2_coupled
lineshape VVH_750 h2o_lines
column dry_air hydrostatic (0.999986)  (4.24028e+22 cm^-2)
! Warning: Column included 5264 unresolved lines.
column h2o hydrostatic 5.359e-06  (2.2724e+17 cm^-2)  (* 1.00000)
! Warning: Column included 838 unresolved lines.
column o3 hydrostatic 8.376e-06  (3.5517e+17 cm^-2)
! Warning: Column included 33099 unresolved lines.

layer stratosphere
# P 8.5 mbar
# T 233.154 K
# dP 3 mbar
Pbase 10 mbar
Tbase 230.83 K
Mair 28.964 h2o o3  (28.9641)
lineshape Gross ch4 co co2 n2o o2_uncoupled o3
lineshape VVW_coupled o2_coupled
lineshape VVH_750 h2o_lines
column dry_air hydrostatic (0.999987)  (6.36042e+22 cm^-2)
! Warning: Column included 5067 unresolved lines.
column h2o hydrostatic 4.836e-06  (3.07594e+17 cm^-2)  (* 1.00000)
! Warning: Column included 563 unresolved lines.
column o3 hydrostatic 8.442e-06  (5.36954e+17 cm^-2)
! Warning: Column included 29654 unresolved lines.

layer stratosphere
# P 15 mbar
# T 226.092 K
# dP 10 mbar
Pbase 20 mbar
Tbase 222.73 K
Mair 28.964 h2o o3  (28.9641)
lineshape Gross ch4 co co2 n2o o2_uncoupled o3
lineshape VVW_coupled o2_coupled
lineshape VVH_750 h2o_lines
column dry_air hydrostatic (0.999989)  (2.12015e+23 cm^-2)
! Warning: Column included 1925 unresolved lines.
column h2o hydrostatic 4.836e-06  (1.02531e+18 cm^-2)  (* 1.00000)
! Warning: Column included 153 unresolved lines.
column o3 hydrostatic 6.587e-06  (1.39656e+18 cm^-2)

layer stratosphere
# P 25 mbar
# T 219.934 K
# dP 10 mbar
Pbase 30 mbar
Tbase 217.65 K
Mair 28.964 h2o o3  (28.964)
lineshape Gross ch4 co co2 n2o o2_uncoupled o3
lineshape VVW_coupled o2_coupled
lineshape VVH_750 h2o_lines
column dry_air hydrostatic (0.999991)  (2.12015e+23 cm^-2)
! Warning: Column included 6 unresolved lines.
column h2o hydrostatic 4.836e-06  (1.02532e+18 cm^-2)  (* 1.00000)
! Warning: Column included 45 unresolved lines.
column o3 hydrostatic 4.586e-06  (9.72311e+17 cm^-2)

layer stratosphere
# P 40 mbar
# T 213.055 K
# dP 20 mbar
Pbase 50 mbar
Tbase 209.49 K
Mair 28.964 h2o o3  (28.964)
lineshape Gross ch4 co co2 n2o o2_uncoupled o3
lineshape VVW_coupled o2_coupled
lineshape VVH_750 h2o_lines
column dry_air hydrostatic (0.999994)  (4.24032e+23 cm^-2)
column h2o hydrostatic 4.314e-06  (1.82929e+18 cm^-2)  (* 1.00000)
! Warning: Column included 27 unresolved lines.
column o3 hydrostatic 2.105e-06  (8.92594e+17 cm^-2)

layer stratosphere
# P 60 mbar
# T 206.022 K
# dP 20 mbar
Pbase 70 mbar
Tbase 203.09 K
Mair 28.964 h2o o3  (28.964)
lineshape Gross ch4 co co2 n2o o2_uncoupled o3
lineshape VVW_coupled o2_coupled
lineshape VVH_750 h2o_lines
column dry_air hydrostatic (0.999995)  (4.24033e+23 cm^-2)
column h2o hydrostatic 4.314e-06  (1.82929e+18 cm^-2)  (* 1.00000)
! Warning: Column included 19 unresolved lines.
column o3 hydrostatic 8.37e-07  (3.54918e+17 cm^-2)

layer troposphere
# P 85 mbar
# T 203.841 K
# dP 30 mbar
Pbase 100 mbar
Tbase 204.47 K
Mair 28.964 h2o o3  (28.964)
lineshape Gross ch4 co co2 n2o o2_uncoupled o3
lineshape VVW_coupled o2_coupled
lineshape VVH_750 h2o_lines
column dry_air hydrostatic (0.999995)  (6.3605e+23 cm^-2)
column h2o hydrostatic 4.836e-06  (3.07595e+18 cm^-2)  (* 1.00000)
! Warning: Column included 18 unresolved lines.
column o3 hydrostatic 3.067e-07  (1.95078e+17 cm^-2)

layer troposphere
# P 112.5 mbar
# T 206.787 K
# dP 25 mbar
Pbase 125 mbar
Tbase 208.86 K
Mair 28.964 h2o o3  (28.9639)
lineshape Gross ch4 co co2 n2o o2_uncoupled o3
lineshape VVW_coupled o2_coupled
lineshape VVH_750 h2o_lines
column dry_air hydrostatic (0.999994)  (5.30042e+23 cm^-2)
column h2o hydrostatic 5.359e-06  (2.84051e+18 cm^-2)  (* 1.00000)
column o3 hydrostatic 2.039e-07  (1.08076e+17 cm^-2)

layer troposphere
# P 137.5 mbar
# T 211.28 K
# dP 25 mbar
Pbase 150 mbar
Tbase 213.49 K
Mair 28.964 h2o o3  (28.9639)
lineshape Gross ch4 co co2 n2o o2_uncoupled o3
lineshape VVW_coupled o2_coupled
lineshape VVH_750 h2o_lines
column dry_air hydrostatic (0.999992)  (5.30041e+23 cm^-2)
column h2o hydrostatic 7.969e-06  (4.22393e+18 cm^-2)  (* 1.00000)
column o3 hydrostatic 1.601e-07  (8.48602e+16 cm^-2)

layer troposphere
# P 162.5 mbar
# T 215.806 K
# dP 25 mbar
Pbase 175 mbar
Tbase 217.95 K
Mair 28.964 h2o o3  (28.9639)
lineshape Gross ch4 co co2 n2o o2_uncoupled o3
lineshape VVW_coupled o2_coupled
lineshape VVH_750 h2o_lines
column dry_air hydrostatic (0.999987)  (5.30039e+23 cm^-2)
column h2o hydrostatic 1.267e-05  (6.71569e+18 cm^-2)  (* 1.00000)
column o3 hydrostatic 1.336e-07  (7.08142e+16 cm^-2)

layer troposphere
# P 187.5 mbar
# T 219.521 K
# dP 25 mbar
Pbase 200 mbar
Tbase 220.99 K
Mair 28.964 h2o o3  (28.9638)
lineshape Gross ch4 co co2 n2o o2_uncoupled o3
lineshape VVW_coupled o2_coupled
lineshape VVH_750 h2o_lines
column dry_air hydrostatic (0.999978)  (5.30036e+23 cm^-2)
column h2o hydrostatic 2.207e-05  (1.16982e+19 cm^-2)  (* 1.00000)
column o3 hydrostatic 1.192e-07  (6.31817e+16 cm^-2)

layer troposphere
# P 212.5 mbar
# T 222.575 K
# dP 25 mbar
Pbase 225 mbar
Tbase 224.07 K
Mair 28.964 h2o o3  (28.9636)
lineshape Gross ch4 co co2 n2o o2_uncoupled o3
lineshape VVW_coupled o2_coupled
lineshape VVH_750 h2o_lines
column dry_air hydrostatic (0.999961)  (5.30031e+23 cm^-2)
column h2o hydrostatic 3.878e-05  (2.05554e+19 cm^-2)  (* 1.00000)
column o3 hydrostatic 1.084e-07  (5.74576e+16 cm^-2)

layer troposphere
# P 237.5 mbar
# T 225.548 K
# dP 25 mbar
Pbase 250 mbar
Tbase 226.95 K
Mair 28.964 h2o o3  (28.9633)
lineshape Gross ch4 co co2 n2o o2_uncoupled o3
lineshape VVW_coupled o2_coupled
lineshape VVH_750 h2o_lines
column dry_air hydrostatic (0.999932)  (5.30021e+23 cm^-2)
column h2o hydrostatic 6.828e-05  (3.61923e+19 cm^-2)  (* 1.00000)
column o3 hydrostatic 9.777e-08  (5.18237e+16 cm^-2)

layer troposphere
# P 275 mbar
# T 230.954 K
# dP 50 mbar
Pbase 300 mbar
Tbase 234.61 K
Mair 28.964 h2o o3  (28.962)
lineshape Gross ch4 co co2 n2o o2_uncoupled o3
lineshape VVW_coupled o2_coupled
lineshape VVH_750 h2o_lines
column dry_air hydrostatic (0.999816)  (1.05997e+24 cm^-2)
column h2o hydrostatic 0.0001839  (1.94964e+20 cm^-2)  (* 1.00000)
column o3 hydrostatic 7.886e-08  (8.36043e+16 cm^-2)

layer troposphere
# P 325 mbar
# T 238.349 K
# dP 50 mbar
Pbase 350 mbar
Tbase 241.81 K
Mair 28.964 h2o o3  (28.9599)
lineshape Gross ch4 co co2 n2o o2_uncoupled o3
lineshape VVW_coupled o2_coupled
lineshape VVH_750 h2o_lines
column dry_air hydrostatic (0.999627)  (1.05984e+24 cm^-2)
column h2o hydrostatic 0.0003725  (3.94938e+20 cm^-2)  (* 1.00000)
column o3 hydrostatic 6.916e-08  (7.3326e+16 cm^-2)

layer troposphere
# P 375 mbar
# T 245.515 K
# dP 50 mbar
Pbase 400 mbar
Tbase 248.98 K
Mair 28.964 h2o o3  (28.9561)
lineshape Gross ch4 co co2 n2o o2_uncoupled o3
lineshape VVW_coupled o2_coupled
lineshape VVH_750 h2o_lines
column dry_air hydrostatic (0.999281)  (1.05961e+24 cm^-2)
column h2o hydrostatic 0.0007192  (7.62622e+20 cm^-2)  (* 1.00000)
column o3 hydrostatic 6.424e-08  (6.81185e+16 cm^-2)

layer troposphere
# P 425 mbar
# T 252.336 K
# dP 50 mbar
Pbase 450 mbar
Tbase 255.5 K
Mair 28.964 h2o o3  (28.9505)
lineshape Gross ch4 co co2 n2o o2_uncoupled o3
lineshape VVW_coupled o2_coupled
lineshape VVH_750 h2o_lines
column dry_air hydrostatic (0.998766)  (1.05927e+24 cm^-2)
column h2o hydrostatic 0.001234  (1.30876e+21 cm^-2)  (* 1.00000)
column o3 hydrostatic 5.996e-08  (6.35925e+16 cm^-2)

layer troposphere
# P 475 mbar
# T 258.564 K
# dP 50 mbar
Pbase 500 mbar
Tbase 261.47 K
Mair 28.964 h2o o3  (28.9413)
lineshape Gross ch4 co co2 n2o o2_uncoupled o3
lineshape VVW_coupled o2_coupled
lineshape VVH_750 h2o_lines
column dry_air hydrostatic (0.997926)  (1.05872e+24 cm^-2)
column h2o hydrostatic 0.002074  (2.20035e+21 cm^-2)  (* 1.00000)
column o3 hydrostatic 5.625e-08  (5.96767e+16 cm^-2)

layer troposphere
# P 517.685 mbar
# T 263.235 K
# dP 35.37 mbar
Pbase 535.37 mbar (observing level)
Tbase 264.94 K
Mair 28.964 h2o o3  (28.9336)
lineshape Gross ch4 co co2 n2o o2_uncoupled o3
lineshape VVW_coupled o2_coupled
lineshape VVH_750 h2o_lines
column dry_air hydrostatic (0.99722)  (7.48608e+23 cm^-2)
column h2o hydrostatic 0.00278  (2.08693e+21 cm^-2)  (* 1.00000)
column o3 hydrostatic 5.257e-08  (3.9464e+16 cm^-2)

#
# column densities [cm^-2], including scale factors
#
#                           zenith             line-of-sight     
# stratosphere (10 layers):
#                  dry_air  1.484110e+24       1.484110e+24      
#                      h2o  6.856408e+18       6.856408e+18      
#                            (2.05116 um_pwv)   (2.05116 um_pwv)  
#                       o3  5.118348e+18       5.118348e+18      
#                            (190.5 DU)         (190.5 DU)        
#
# troposphere (13 layers):
#                  dry_air  9.862281e+24       9.862281e+24      
#                      h2o  7.033862e+21       7.033862e+21      
#                            (2104.25 um_pwv)   (2104.25 um_pwv)  
#                       o3  1.019073e+18       1.019073e+18      
#                            (37.9289 DU)       (37.9289 DU)      
#
# total (23 layers):
#                  dry_air  1.134639e+25       1.134639e+25      
#                      h2o  7.040718e+21       7.040718e+21      
#                            (2106.3 um_pwv)    (2106.3 um_pwv)   
#                       o3  6.137421e+18       6.137421e+18      
#                            (228.429 DU)       (228.429 DU)      
#

! Warning: Encountered in-band lines narrower than the frequency
!          grid spacing.  The output configuration data includes
!          the unresolved line count after each column definition
!          for which this occurred.  Count: 57

