# am version 13.0 (build date May 30 2024 14:06:47)

# run time 3.088 s

f 10 GHz  1000 GHz  0.025 GHz
output f GHz  tau neper  tx none  Tb K

tol 0.0001
selfbroad_vmr_tol 0.003

geometry plane-parallel
refract none
za 0 deg
PTmode Pbase Tbase

g 980.665 cm*s^-2
dg_dz 0 s^-2

Nscale h2o 1

T0 2.7 K

layer stratosphere
# P 1 mbar
# T 256.73 K
# dP 1 mbar
Pbase 1 mbar
Tbase 256.73 K
Mair 28.964 h2o o3  (28.964)
lineshape Voigt-Kielkopf ch4 co co2 h2o_lines n2o o2_coupled o2_uncoupled o3
column dry_air hydrostatic (0.999991)  (2.12016e+22 cm^-2)
! Warning: Column included 5264 unresolved lines.
column h2o hydrostatic 6.403e-06  (1.35755e+17 cm^-2)  (* 1.00000)
! Warning: Column included 838 unresolved lines.
column o3 hydrostatic 2.926e-06  (6.20363e+16 cm^-2)
! Warning: Column included 33099 unresolved lines.

layer stratosphere
# P 1.5 mbar
# T 255.788 K
# dP 1 mbar
Pbase 2 mbar
Tbase 255.12 K
Mair 28.964 h2o o3  (28.964)
lineshape Gross ch4 co co2 n2o o2_uncoupled o3
lineshape VVW_coupled o2_coupled
lineshape VVH_750 h2o_lines
column dry_air hydrostatic (0.99999)  (2.12015e+22 cm^-2)
! Warning: Column included 5264 unresolved lines.
column h2o hydrostatic 5.881e-06  (1.24687e+17 cm^-2)  (* 1.00000)
! Warning: Column included 838 unresolved lines.
column o3 hydrostatic 4.446e-06  (9.42629e+16 cm^-2)
! Warning: Column included 33099 unresolved lines.

layer stratosphere
# P 2.5 mbar
# T 251.086 K
# dP 1 mbar
Pbase 3 mbar
Tbase 247.79 K
Mair 28.964 h2o o3  (28.964)
lineshape Gross ch4 co co2 n2o o2_uncoupled o3
lineshape VVW_coupled o2_coupled
lineshape VVH_750 h2o_lines
column dry_air hydrostatic (0.999989)  (2.12015e+22 cm^-2)
! Warning: Column included 5264 unresolved lines.
column h2o hydrostatic 5.881e-06  (1.24687e+17 cm^-2)  (* 1.00000)
! Warning: Column included 838 unresolved lines.
column o3 hydrostatic 5.596e-06  (1.18645e+17 cm^-2)
! Warning: Column included 33099 unresolved lines.

layer stratosphere
# P 4 mbar
# T 242.288 K
# dP 2 mbar
Pbase 5 mbar
Tbase 238.02 K
Mair 28.964 h2o o3  (28.9641)
lineshape Gross ch4 co co2 n2o o2_uncoupled o3
lineshape VVW_coupled o2_coupled
lineshape VVH_750 h2o_lines
column dry_air hydrostatic (0.999988)  (4.24029e+22 cm^-2)
! Warning: Column included 5264 unresolved lines.
column h2o hydrostatic 5.359e-06  (2.2724e+17 cm^-2)  (* 1.00000)
! Warning: Column included 838 unresolved lines.
column o3 hydrostatic 6.678e-06  (2.8317e+17 cm^-2)
! Warning: Column included 33099 unresolved lines.

layer stratosphere
# P 6 mbar
# T 234.682 K
# dP 2 mbar
Pbase 7 mbar
Tbase 231.86 K
Mair 28.964 h2o o3  (28.9641)
lineshape Gross ch4 co co2 n2o o2_uncoupled o3
lineshape VVW_coupled o2_coupled
lineshape VVH_750 h2o_lines
column dry_air hydrostatic (0.999988)  (4.24029e+22 cm^-2)
! Warning: Column included 5264 unresolved lines.
column h2o hydrostatic 4.836e-06  (2.05063e+17 cm^-2)  (* 1.00000)
! Warning: Column included 838 unresolved lines.
column o3 hydrostatic 7.217e-06  (3.06025e+17 cm^-2)
! Warning: Column included 33099 unresolved lines.

layer stratosphere
# P 8.5 mbar
# T 229.16 K
# dP 3 mbar
Pbase 10 mbar
Tbase 226.9 K
Mair 28.964 h2o o3  (28.9641)
lineshape Gross ch4 co co2 n2o o2_uncoupled o3
lineshape VVW_coupled o2_coupled
lineshape VVH_750 h2o_lines
column dry_air hydrostatic (0.999988)  (6.36043e+22 cm^-2)
! Warning: Column included 5044 unresolved lines.
column h2o hydrostatic 4.836e-06  (3.07594e+17 cm^-2)  (* 1.00000)
! Warning: Column included 536 unresolved lines.
column o3 hydrostatic 7.116e-06  (4.52614e+17 cm^-2)
! Warning: Column included 28590 unresolved lines.

layer stratosphere
# P 15 mbar
# T 222.273 K
# dP 10 mbar
Pbase 20 mbar
Tbase 218.99 K
Mair 28.964 h2o o3  (28.9641)
lineshape Gross ch4 co co2 n2o o2_uncoupled o3
lineshape VVW_coupled o2_coupled
lineshape VVH_750 h2o_lines
column dry_air hydrostatic (0.999989)  (2.12015e+23 cm^-2)
! Warning: Column included 1891 unresolved lines.
column h2o hydrostatic 4.836e-06  (1.02531e+18 cm^-2)  (* 1.00000)
! Warning: Column included 148 unresolved lines.
column o3 hydrostatic 5.965e-06  (1.26468e+18 cm^-2)

layer stratosphere
# P 25 mbar
# T 216.827 K
# dP 10 mbar
Pbase 30 mbar
Tbase 215.06 K
Mair 28.964 h2o o3  (28.964)
lineshape Gross ch4 co co2 n2o o2_uncoupled o3
lineshape VVW_coupled o2_coupled
lineshape VVH_750 h2o_lines
column dry_air hydrostatic (0.999991)  (2.12015e+23 cm^-2)
! Warning: Column included 6 unresolved lines.
column h2o hydrostatic 4.314e-06  (9.14642e+17 cm^-2)  (* 1.00000)
! Warning: Column included 45 unresolved lines.
column o3 hydrostatic 4.457e-06  (9.44961e+17 cm^-2)

layer stratosphere
# P 40 mbar
# T 211.275 K
# dP 20 mbar
Pbase 50 mbar
Tbase 208.34 K
Mair 28.964 h2o o3  (28.964)
lineshape Gross ch4 co co2 n2o o2_uncoupled o3
lineshape VVW_coupled o2_coupled
lineshape VVH_750 h2o_lines
column dry_air hydrostatic (0.999994)  (4.24032e+23 cm^-2)
column h2o hydrostatic 4.314e-06  (1.82929e+18 cm^-2)  (* 1.00000)
! Warning: Column included 27 unresolved lines.
column o3 hydrostatic 2.071e-06  (8.78177e+17 cm^-2)

layer stratosphere
# P 60 mbar
# T 206.178 K
# dP 20 mbar
Pbase 70 mbar
Tbase 204.35 K
Mair 28.964 h2o o3  (28.964)
lineshape Gross ch4 co co2 n2o o2_uncoupled o3
lineshape VVW_coupled o2_coupled
lineshape VVH_750 h2o_lines
column dry_air hydrostatic (0.999995)  (4.24033e+23 cm^-2)
column h2o hydrostatic 4.314e-06  (1.82929e+18 cm^-2)  (* 1.00000)
! Warning: Column included 19 unresolved lines.
column o3 hydrostatic 9e-07  (3.81632e+17 cm^-2)

layer troposphere
# P 85 mbar
# T 205.014 K
# dP 30 mbar
Pbase 100 mbar
Tbase 205.57 K
Mair 28.964 h2o o3  (28.964)
lineshape Gross ch4 co co2 n2o o2_uncoupled o3
lineshape VVW_coupled o2_coupled
lineshape VVH_750 h2o_lines
column dry_air hydrostatic (0.999995)  (6.3605e+23 cm^-2)
column h2o hydrostatic 4.314e-06  (2.74393e+18 cm^-2)  (* 1.00000)
! Warning: Column included 18 unresolved lines.
column o3 hydrostatic 3.575e-07  (2.27389e+17 cm^-2)

layer troposphere
# P 112.5 mbar
# T 207.607 K
# dP 25 mbar
Pbase 125 mbar
Tbase 209.43 K
Mair 28.964 h2o o3  (28.964)
lineshape Gross ch4 co co2 n2o o2_uncoupled o3
lineshape VVW_coupled o2_coupled
lineshape VVH_750 h2o_lines
column dry_air hydrostatic (0.999995)  (5.30042e+23 cm^-2)
column h2o hydrostatic 4.314e-06  (2.28661e+18 cm^-2)  (* 1.00000)
column o3 hydrostatic 2.162e-07  (1.14596e+17 cm^-2)

layer troposphere
# P 137.5 mbar
# T 211.181 K
# dP 25 mbar
Pbase 150 mbar
Tbase 212.78 K
Mair 28.964 h2o o3  (28.9639)
lineshape Gross ch4 co co2 n2o o2_uncoupled o3
lineshape VVW_coupled o2_coupled
lineshape VVH_750 h2o_lines
column dry_air hydrostatic (0.999994)  (5.30042e+23 cm^-2)
column h2o hydrostatic 5.359e-06  (2.84051e+18 cm^-2)  (* 1.00000)
column o3 hydrostatic 1.619e-07  (8.58142e+16 cm^-2)

layer troposphere
# P 162.5 mbar
# T 214.213 K
# dP 25 mbar
Pbase 175 mbar
Tbase 215.54 K
Mair 28.964 h2o o3  (28.9639)
lineshape Gross ch4 co co2 n2o o2_uncoupled o3
lineshape VVW_coupled o2_coupled
lineshape VVH_750 h2o_lines
column dry_air hydrostatic (0.999991)  (5.30041e+23 cm^-2)
column h2o hydrostatic 9.014e-06  (4.77783e+18 cm^-2)  (* 1.00000)
column o3 hydrostatic 1.337e-07  (7.08671e+16 cm^-2)

layer troposphere
# P 187.5 mbar
# T 216.666 K
# dP 25 mbar
Pbase 200 mbar
Tbase 217.72 K
Mair 28.964 h2o o3  (28.9638)
lineshape Gross ch4 co co2 n2o o2_uncoupled o3
lineshape VVW_coupled o2_coupled
lineshape VVH_750 h2o_lines
column dry_air hydrostatic (0.999985)  (5.30039e+23 cm^-2)
column h2o hydrostatic 1.502e-05  (7.9613e+18 cm^-2)  (* 1.00000)
column o3 hydrostatic 1.14e-07  (6.04253e+16 cm^-2)

layer troposphere
# P 212.5 mbar
# T 218.755 K
# dP 25 mbar
Pbase 225 mbar
Tbase 219.73 K
Mair 28.964 h2o o3  (28.9637)
lineshape Gross ch4 co co2 n2o o2_uncoupled o3
lineshape VVW_coupled o2_coupled
lineshape VVH_750 h2o_lines
column dry_air hydrostatic (0.999977)  (5.30036e+23 cm^-2)
column h2o hydrostatic 2.311e-05  (1.22494e+19 cm^-2)  (* 1.00000)
column o3 hydrostatic 1.032e-07  (5.4701e+16 cm^-2)

layer troposphere
# P 237.5 mbar
# T 221.023 K
# dP 25 mbar
Pbase 250 mbar
Tbase 222.25 K
Mair 28.964 h2o o3  (28.9636)
lineshape Gross ch4 co co2 n2o o2_uncoupled o3
lineshape VVW_coupled o2_coupled
lineshape VVH_750 h2o_lines
column dry_air hydrostatic (0.999964)  (5.30032e+23 cm^-2)
column h2o hydrostatic 3.551e-05  (1.88221e+19 cm^-2)  (* 1.00000)
column o3 hydrostatic 9.021e-08  (4.78159e+16 cm^-2)

layer troposphere
# P 275 mbar
# T 225.078 K
# dP 50 mbar
Pbase 300 mbar
Tbase 227.66 K
Mair 28.964 h2o o3  (28.963)
lineshape Gross ch4 co co2 n2o o2_uncoupled o3
lineshape VVW_coupled o2_coupled
lineshape VVH_750 h2o_lines
column dry_air hydrostatic (0.99991)  (1.06003e+24 cm^-2)
column h2o hydrostatic 8.982e-05  (9.52203e+19 cm^-2)  (* 1.00000)
column o3 hydrostatic 7.027e-08  (7.44949e+16 cm^-2)

layer troposphere
# P 325 mbar
# T 231.206 K
# dP 50 mbar
Pbase 350 mbar
Tbase 234.49 K
Mair 28.964 h2o o3  (28.9617)
lineshape Gross ch4 co co2 n2o o2_uncoupled o3
lineshape VVW_coupled o2_coupled
lineshape VVH_750 h2o_lines
column dry_air hydrostatic (0.99979)  (1.05995e+24 cm^-2)
column h2o hydrostatic 0.0002099  (2.2253e+20 cm^-2)  (* 1.00000)
column o3 hydrostatic 6.01e-08  (6.37163e+16 cm^-2)

layer troposphere
# P 375 mbar
# T 237.926 K
# dP 50 mbar
Pbase 400 mbar
Tbase 241.14 K
Mair 28.964 h2o o3  (28.9596)
lineshape Gross ch4 co co2 n2o o2_uncoupled o3
lineshape VVW_coupled o2_coupled
lineshape VVH_750 h2o_lines
column dry_air hydrostatic (0.999599)  (1.05982e+24 cm^-2)
column h2o hydrostatic 0.000401  (4.2516e+20 cm^-2)  (* 1.00000)
column o3 hydrostatic 5.496e-08  (5.82712e+16 cm^-2)

layer troposphere
# P 425 mbar
# T 244.311 K
# dP 50 mbar
Pbase 450 mbar
Tbase 247.3 K
Mair 28.964 h2o o3  (28.9568)
lineshape Gross ch4 co co2 n2o o2_uncoupled o3
lineshape VVW_coupled o2_coupled
lineshape VVH_750 h2o_lines
column dry_air hydrostatic (0.999344)  (1.05965e+24 cm^-2)
column h2o hydrostatic 0.0006557  (6.95272e+20 cm^-2)  (* 1.00000)
column o3 hydrostatic 5.143e-08  (5.45338e+16 cm^-2)

layer troposphere
# P 475 mbar
# T 250.138 K
# dP 50 mbar
Pbase 500 mbar
Tbase 252.83 K
Mair 28.964 h2o o3  (28.9527)
lineshape Gross ch4 co co2 n2o o2_uncoupled o3
lineshape VVW_coupled o2_coupled
lineshape VVH_750 h2o_lines
column dry_air hydrostatic (0.998966)  (1.05941e+24 cm^-2)
column h2o hydrostatic 0.001034  (1.09656e+21 cm^-2)  (* 1.00000)
column o3 hydrostatic 4.922e-08  (5.21979e+16 cm^-2)

layer troposphere
# P 525 mbar
# T 253.987 K
# dP 50 mbar
Pbase 550 mbar
Tbase 255.09 K
Mair 28.964 h2o o3  (28.9499)
lineshape Gross ch4 co co2 n2o o2_uncoupled o3
lineshape VVW_coupled o2_coupled
lineshape VVH_750 h2o_lines
column dry_air hydrostatic (0.998716)  (1.05924e+24 cm^-2)
column h2o hydrostatic 0.001284  (1.36181e+21 cm^-2)  (* 1.00000)
column o3 hydrostatic 4.794e-08  (5.08453e+16 cm^-2)

layer troposphere
# P 567.765 mbar
# T 256.893 K
# dP 35.53 mbar
Pbase 585.53 mbar (observing level)
Tbase 258.64 K
Mair 28.964 h2o o3  (28.95)
lineshape Gross ch4 co co2 n2o o2_uncoupled o3
lineshape VVW_coupled o2_coupled
lineshape VVH_750 h2o_lines
column dry_air hydrostatic (0.99872)  (7.52698e+23 cm^-2)
column h2o hydrostatic 0.00128  (9.64688e+20 cm^-2)  (* 1.00000)
column o3 hydrostatic 4.794e-08  (3.61306e+16 cm^-2)

#
# column densities [cm^-2], including scale factors
#
#                           zenith             line-of-sight     
# stratosphere (10 layers):
#                  dry_air  1.484110e+24       1.484110e+24      
#                      h2o  6.723559e+18       6.723559e+18      
#                            (2.01142 um_pwv)   (2.01142 um_pwv)  
#                       o3  4.786204e+18       4.786204e+18      
#                            (178.138 DU)       (178.138 DU)      
#
# troposphere (14 layers):
#                  dry_air  1.092708e+25       1.092708e+25      
#                      h2o  4.912924e+21       4.912924e+21      
#                            (1469.75 um_pwv)   (1469.75 um_pwv)  
#                       o3  1.051798e+18       1.051798e+18      
#                            (39.1469 DU)       (39.1469 DU)      
#
# total (24 layers):
#                  dry_air  1.241119e+25       1.241119e+25      
#                      h2o  4.919647e+21       4.919647e+21      
#                            (1471.76 um_pwv)   (1471.76 um_pwv)  
#                       o3  5.838002e+18       5.838002e+18      
#                            (217.285 DU)       (217.285 DU)      
#

! Warning: Encountered in-band lines narrower than the frequency
!          grid spacing.  The output configuration data includes
!          the unresolved line count after each column definition
!          for which this occurred.  Count: 57

