# am version 13.0 (build date May 30 2024 14:06:47)

# run time 3.316 s

f 10 GHz  1000 GHz  0.025 GHz
output f GHz  tau neper  tx none  Tb K

tol 0.0001
selfbroad_vmr_tol 0.003

geometry plane-parallel
refract none
za 0 deg
PTmode Pbase Tbase

g 980.665 cm*s^-2
dg_dz 0 s^-2

Nscale h2o 1

T0 2.7 K

layer stratosphere
# P 1 mbar
# T 257.93 K
# dP 1 mbar
Pbase 1 mbar
Tbase 257.93 K
Mair 28.964 h2o o3  (28.964)
lineshape Voigt-Kielkopf ch4 co co2 h2o_lines n2o o2_coupled o2_uncoupled o3
column dry_air hydrostatic (0.999991)  (2.12016e+22 cm^-2)
! Warning: Column included 5264 unresolved lines.
column h2o hydrostatic 6.403e-06  (1.35755e+17 cm^-2)  (* 1.00000)
! Warning: Column included 838 unresolved lines.
column o3 hydrostatic 2.997e-06  (6.35417e+16 cm^-2)
! Warning: Column included 33099 unresolved lines.

layer stratosphere
# P 1.5 mbar
# T 257.86 K
# dP 1 mbar
Pbase 2 mbar
Tbase 257.81 K
Mair 28.964 h2o o3  (28.964)
lineshape Gross ch4 co co2 n2o o2_uncoupled o3
lineshape VVW_coupled o2_coupled
lineshape VVH_750 h2o_lines
column dry_air hydrostatic (0.99999)  (2.12015e+22 cm^-2)
! Warning: Column included 5264 unresolved lines.
column h2o hydrostatic 5.881e-06  (1.24687e+17 cm^-2)  (* 1.00000)
! Warning: Column included 838 unresolved lines.
column o3 hydrostatic 4.603e-06  (9.75916e+16 cm^-2)
! Warning: Column included 33099 unresolved lines.

layer stratosphere
# P 2.5 mbar
# T 253.886 K
# dP 1 mbar
Pbase 3 mbar
Tbase 250.68 K
Mair 28.964 h2o o3  (28.964)
lineshape Gross ch4 co co2 n2o o2_uncoupled o3
lineshape VVW_coupled o2_coupled
lineshape VVH_750 h2o_lines
column dry_air hydrostatic (0.999988)  (2.12015e+22 cm^-2)
! Warning: Column included 5264 unresolved lines.
column h2o hydrostatic 5.881e-06  (1.24687e+17 cm^-2)  (* 1.00000)
! Warning: Column included 838 unresolved lines.
column o3 hydrostatic 5.776e-06  (1.22461e+17 cm^-2)
! Warning: Column included 33099 unresolved lines.

layer stratosphere
# P 4 mbar
# T 244.744 K
# dP 2 mbar
Pbase 5 mbar
Tbase 240.14 K
Mair 28.964 h2o o3  (28.9641)
lineshape Gross ch4 co co2 n2o o2_uncoupled o3
lineshape VVW_coupled o2_coupled
lineshape VVH_750 h2o_lines
column dry_air hydrostatic (0.999988)  (4.24029e+22 cm^-2)
! Warning: Column included 5264 unresolved lines.
column h2o hydrostatic 5.359e-06  (2.2724e+17 cm^-2)  (* 1.00000)
! Warning: Column included 838 unresolved lines.
column o3 hydrostatic 6.934e-06  (2.94025e+17 cm^-2)
! Warning: Column included 33099 unresolved lines.

layer stratosphere
# P 6 mbar
# T 236.77 K
# dP 2 mbar
Pbase 7 mbar
Tbase 233.92 K
Mair 28.964 h2o o3  (28.9641)
lineshape Gross ch4 co co2 n2o o2_uncoupled o3
lineshape VVW_coupled o2_coupled
lineshape VVH_750 h2o_lines
column dry_air hydrostatic (0.999987)  (4.24028e+22 cm^-2)
! Warning: Column included 5264 unresolved lines.
column h2o hydrostatic 5.359e-06  (2.2724e+17 cm^-2)  (* 1.00000)
! Warning: Column included 838 unresolved lines.
column o3 hydrostatic 7.41e-06  (3.14209e+17 cm^-2)
! Warning: Column included 33099 unresolved lines.

layer stratosphere
# P 8.5 mbar
# T 230.73 K
# dP 3 mbar
Pbase 10 mbar
Tbase 228.06 K
Mair 28.964 h2o o3  (28.9641)
lineshape Gross ch4 co co2 n2o o2_uncoupled o3
lineshape VVW_coupled o2_coupled
lineshape VVH_750 h2o_lines
column dry_air hydrostatic (0.999988)  (6.36043e+22 cm^-2)
! Warning: Column included 5044 unresolved lines.
column h2o hydrostatic 4.836e-06  (3.07594e+17 cm^-2)  (* 1.00000)
! Warning: Column included 549 unresolved lines.
column o3 hydrostatic 7.45e-06  (4.73858e+17 cm^-2)
! Warning: Column included 28890 unresolved lines.

layer stratosphere
# P 15 mbar
# T 223.989 K
# dP 10 mbar
Pbase 20 mbar
Tbase 221.1 K
Mair 28.964 h2o o3  (28.9641)
lineshape Gross ch4 co co2 n2o o2_uncoupled o3
lineshape VVW_coupled o2_coupled
lineshape VVH_750 h2o_lines
column dry_air hydrostatic (0.999989)  (2.12015e+23 cm^-2)
! Warning: Column included 1925 unresolved lines.
column h2o hydrostatic 4.836e-06  (1.02531e+18 cm^-2)  (* 1.00000)
! Warning: Column included 151 unresolved lines.
column o3 hydrostatic 6.264e-06  (1.32807e+18 cm^-2)

layer stratosphere
# P 25 mbar
# T 218.491 K
# dP 10 mbar
Pbase 30 mbar
Tbase 216.36 K
Mair 28.964 h2o o3  (28.964)
lineshape Gross ch4 co co2 n2o o2_uncoupled o3
lineshape VVW_coupled o2_coupled
lineshape VVH_750 h2o_lines
column dry_air hydrostatic (0.999991)  (2.12015e+23 cm^-2)
! Warning: Column included 6 unresolved lines.
column h2o hydrostatic 4.836e-06  (1.02532e+18 cm^-2)  (* 1.00000)
! Warning: Column included 45 unresolved lines.
column o3 hydrostatic 4.6e-06  (9.75279e+17 cm^-2)

layer stratosphere
# P 40 mbar
# T 212.446 K
# dP 20 mbar
Pbase 50 mbar
Tbase 209.41 K
Mair 28.964 h2o o3  (28.964)
lineshape Gross ch4 co co2 n2o o2_uncoupled o3
lineshape VVW_coupled o2_coupled
lineshape VVH_750 h2o_lines
column dry_air hydrostatic (0.999993)  (4.24032e+23 cm^-2)
column h2o hydrostatic 4.836e-06  (2.05063e+18 cm^-2)  (* 1.00000)
! Warning: Column included 27 unresolved lines.
column o3 hydrostatic 2.313e-06  (9.80793e+17 cm^-2)

layer stratosphere
# P 60 mbar
# T 207.34 K
# dP 20 mbar
Pbase 70 mbar
Tbase 205.59 K
Mair 28.964 h2o o3  (28.964)
lineshape Gross ch4 co co2 n2o o2_uncoupled o3
lineshape VVW_coupled o2_coupled
lineshape VVH_750 h2o_lines
column dry_air hydrostatic (0.999994)  (4.24033e+23 cm^-2)
column h2o hydrostatic 4.575e-06  (1.93996e+18 cm^-2)  (* 1.00000)
! Warning: Column included 19 unresolved lines.
column o3 hydrostatic 1.038e-06  (4.40149e+17 cm^-2)

layer troposphere
# P 85 mbar
# T 206.27 K
# dP 30 mbar
Pbase 100 mbar
Tbase 206.84 K
Mair 28.964 h2o o3  (28.964)
lineshape Gross ch4 co co2 n2o o2_uncoupled o3
lineshape VVW_coupled o2_coupled
lineshape VVH_750 h2o_lines
column dry_air hydrostatic (0.999995)  (6.3605e+23 cm^-2)
column h2o hydrostatic 4.314e-06  (2.74393e+18 cm^-2)  (* 1.00000)
! Warning: Column included 18 unresolved lines.
column o3 hydrostatic 4.14e-07  (2.63326e+17 cm^-2)

layer troposphere
# P 112.5 mbar
# T 208.782 K
# dP 25 mbar
Pbase 125 mbar
Tbase 210.52 K
Mair 28.964 h2o o3  (28.964)
lineshape Gross ch4 co co2 n2o o2_uncoupled o3
lineshape VVW_coupled o2_coupled
lineshape VVH_750 h2o_lines
column dry_air hydrostatic (0.999995)  (5.30042e+23 cm^-2)
column h2o hydrostatic 4.836e-06  (2.5633e+18 cm^-2)  (* 1.00000)
column o3 hydrostatic 2.644e-07  (1.40144e+17 cm^-2)

layer troposphere
# P 137.5 mbar
# T 212.391 K
# dP 25 mbar
Pbase 150 mbar
Tbase 214.1 K
Mair 28.964 h2o o3  (28.9639)
lineshape Gross ch4 co co2 n2o o2_uncoupled o3
lineshape VVW_coupled o2_coupled
lineshape VVH_750 h2o_lines
column dry_air hydrostatic (0.999993)  (5.30041e+23 cm^-2)
column h2o hydrostatic 6.403e-06  (3.39388e+18 cm^-2)  (* 1.00000)
column o3 hydrostatic 1.939e-07  (1.02776e+17 cm^-2)

layer troposphere
# P 162.5 mbar
# T 215.393 K
# dP 25 mbar
Pbase 175 mbar
Tbase 216.59 K
Mair 28.964 h2o o3  (28.9639)
lineshape Gross ch4 co co2 n2o o2_uncoupled o3
lineshape VVW_coupled o2_coupled
lineshape VVH_750 h2o_lines
column dry_air hydrostatic (0.999989)  (5.3004e+23 cm^-2)
column h2o hydrostatic 1.058e-05  (5.60788e+18 cm^-2)  (* 1.00000)
column o3 hydrostatic 1.63e-07  (8.63975e+16 cm^-2)

layer troposphere
# P 187.5 mbar
# T 217.722 K
# dP 25 mbar
Pbase 200 mbar
Tbase 218.78 K
Mair 28.964 h2o o3  (28.9638)
lineshape Gross ch4 co co2 n2o o2_uncoupled o3
lineshape VVW_coupled o2_coupled
lineshape VVH_750 h2o_lines
column dry_air hydrostatic (0.999982)  (5.30038e+23 cm^-2)
column h2o hydrostatic 1.789e-05  (9.48255e+18 cm^-2)  (* 1.00000)
column o3 hydrostatic 1.401e-07  (7.42596e+16 cm^-2)

layer troposphere
# P 212.5 mbar
# T 219.974 K
# dP 25 mbar
Pbase 225 mbar
Tbase 221.1 K
Mair 28.964 h2o o3  (28.9637)
lineshape Gross ch4 co co2 n2o o2_uncoupled o3
lineshape VVW_coupled o2_coupled
lineshape VVH_750 h2o_lines
column dry_air hydrostatic (0.999973)  (5.30035e+23 cm^-2)
column h2o hydrostatic 2.729e-05  (1.4465e+19 cm^-2)  (* 1.00000)
column o3 hydrostatic 1.206e-07  (6.39239e+16 cm^-2)

layer troposphere
# P 237.5 mbar
# T 222.475 K
# dP 25 mbar
Pbase 250 mbar
Tbase 223.78 K
Mair 28.964 h2o o3  (28.9635)
lineshape Gross ch4 co co2 n2o o2_uncoupled o3
lineshape VVW_coupled o2_coupled
lineshape VVH_750 h2o_lines
column dry_air hydrostatic (0.999958)  (5.3003e+23 cm^-2)
column h2o hydrostatic 4.165e-05  (2.20767e+19 cm^-2)  (* 1.00000)
column o3 hydrostatic 1.003e-07  (5.31642e+16 cm^-2)

layer troposphere
# P 275 mbar
# T 226.906 K
# dP 50 mbar
Pbase 300 mbar
Tbase 229.76 K
Mair 28.964 h2o o3  (28.9628)
lineshape Gross ch4 co co2 n2o o2_uncoupled o3
lineshape VVW_coupled o2_coupled
lineshape VVH_750 h2o_lines
column dry_air hydrostatic (0.999894)  (1.06002e+24 cm^-2)
column h2o hydrostatic 0.0001056  (1.1195e+20 cm^-2)  (* 1.00000)
column o3 hydrostatic 7.494e-08  (7.94461e+16 cm^-2)

layer troposphere
# P 325 mbar
# T 233.369 K
# dP 50 mbar
Pbase 350 mbar
Tbase 236.71 K
Mair 28.964 h2o o3  (28.9615)
lineshape Gross ch4 co co2 n2o o2_uncoupled o3
lineshape VVW_coupled o2_coupled
lineshape VVH_750 h2o_lines
column dry_air hydrostatic (0.999771)  (1.05994e+24 cm^-2)
column h2o hydrostatic 0.0002294  (2.43205e+20 cm^-2)  (* 1.00000)
column o3 hydrostatic 6.224e-08  (6.59856e+16 cm^-2)

layer troposphere
# P 375 mbar
# T 239.934 K
# dP 50 mbar
Pbase 400 mbar
Tbase 242.95 K
Mair 28.964 h2o o3  (28.959)
lineshape Gross ch4 co co2 n2o o2_uncoupled o3
lineshape VVW_coupled o2_coupled
lineshape VVH_750 h2o_lines
column dry_air hydrostatic (0.999544)  (1.05979e+24 cm^-2)
column h2o hydrostatic 0.000456  (4.83483e+20 cm^-2)  (* 1.00000)
column o3 hydrostatic 5.668e-08  (6.00961e+16 cm^-2)

layer troposphere
# P 425 mbar
# T 246.002 K
# dP 50 mbar
Pbase 450 mbar
Tbase 248.88 K
Mair 28.964 h2o o3  (28.9556)
lineshape Gross ch4 co co2 n2o o2_uncoupled o3
lineshape VVW_coupled o2_coupled
lineshape VVH_750 h2o_lines
column dry_air hydrostatic (0.999236)  (1.05958e+24 cm^-2)
column h2o hydrostatic 0.0007644  (8.10565e+20 cm^-2)  (* 1.00000)
column o3 hydrostatic 5.325e-08  (5.6466e+16 cm^-2)

layer troposphere
# P 475 mbar
# T 251.733 K
# dP 50 mbar
Pbase 500 mbar
Tbase 254.44 K
Mair 28.964 h2o o3  (28.9508)
lineshape Gross ch4 co co2 n2o o2_uncoupled o3
lineshape VVW_coupled o2_coupled
lineshape VVH_750 h2o_lines
column dry_air hydrostatic (0.99879)  (1.05929e+24 cm^-2)
column h2o hydrostatic 0.00121  (1.28329e+21 cm^-2)  (* 1.00000)
column o3 hydrostatic 5.19e-08  (5.50437e+16 cm^-2)

layer troposphere
# P 525 mbar
# T 255.843 K
# dP 50 mbar
Pbase 550 mbar
Tbase 257.18 K
Mair 28.964 h2o o3  (28.9485)
lineshape Gross ch4 co co2 n2o o2_uncoupled o3
lineshape VVW_coupled o2_coupled
lineshape VVH_750 h2o_lines
column dry_air hydrostatic (0.998582)  (1.05915e+24 cm^-2)
column h2o hydrostatic 0.001418  (1.50401e+21 cm^-2)  (* 1.00000)
column o3 hydrostatic 5.125e-08  (5.43586e+16 cm^-2)

layer troposphere
# P 567.765 mbar
# T 258.957 K
# dP 35.53 mbar
Pbase 585.53 mbar (observing level)
Tbase 260.68 K
Mair 28.964 h2o o3  (28.9485)
lineshape Gross ch4 co co2 n2o o2_uncoupled o3
lineshape VVW_coupled o2_coupled
lineshape VVH_750 h2o_lines
column dry_air hydrostatic (0.998587)  (7.52636e+23 cm^-2)
column h2o hydrostatic 0.001413  (1.06498e+21 cm^-2)  (* 1.00000)
column o3 hydrostatic 5.125e-08  (3.86272e+16 cm^-2)

#
# column densities [cm^-2], including scale factors
#
#                           zenith             line-of-sight     
# stratosphere (10 layers):
#                  dry_air  1.484110e+24       1.484110e+24      
#                      h2o  7.188429e+18       7.188429e+18      
#                            (2.15049 um_pwv)   (2.15049 um_pwv)  
#                       o3  5.089982e+18       5.089982e+18      
#                            (189.444 DU)       (189.444 DU)      
#
# troposphere (14 layers):
#                  dry_air  1.092668e+25       1.092668e+25      
#                      h2o  5.561818e+21       5.561818e+21      
#                            (1663.87 um_pwv)   (1663.87 um_pwv)  
#                       o3  1.194014e+18       1.194014e+18      
#                            (44.44 DU)         (44.44 DU)        
#
# total (24 layers):
#                  dry_air  1.241079e+25       1.241079e+25      
#                      h2o  5.569007e+21       5.569007e+21      
#                            (1666.02 um_pwv)   (1666.02 um_pwv)  
#                       o3  6.283996e+18       6.283996e+18      
#                            (233.884 DU)       (233.884 DU)      
#

! Warning: Encountered in-band lines narrower than the frequency
!          grid spacing.  The output configuration data includes
!          the unresolved line count after each column definition
!          for which this occurred.  Count: 57

