# am version 13.0 (build date May 30 2024 14:06:47)

# run time 3.506 s

f 10 GHz  1000 GHz  0.025 GHz
output f GHz  tau neper  tx none  Tb K

tol 0.0001
selfbroad_vmr_tol 0.003

geometry plane-parallel
refract none
za 0 deg
PTmode Pbase Tbase

g 980.665 cm*s^-2
dg_dz 0 s^-2

Nscale h2o 1

T0 2.7 K

layer stratosphere
# P 1 mbar
# T 258.25 K
# dP 1 mbar
Pbase 1 mbar
Tbase 258.25 K
Mair 28.964 h2o o3  (28.964)
lineshape Voigt-Kielkopf ch4 co co2 h2o_lines n2o o2_coupled o2_uncoupled o3
column dry_air hydrostatic (0.999991)  (2.12016e+22 cm^-2)
! Warning: Column included 5264 unresolved lines.
column h2o hydrostatic 5.881e-06  (1.24688e+17 cm^-2)  (* 1.00000)
! Warning: Column included 838 unresolved lines.
column o3 hydrostatic 2.915e-06  (6.18031e+16 cm^-2)
! Warning: Column included 33099 unresolved lines.

layer stratosphere
# P 1.5 mbar
# T 257.349 K
# dP 1 mbar
Pbase 2 mbar
Tbase 256.71 K
Mair 28.964 h2o o3  (28.964)
lineshape Gross ch4 co co2 n2o o2_uncoupled o3
lineshape VVW_coupled o2_coupled
lineshape VVH_750 h2o_lines
column dry_air hydrostatic (0.99999)  (2.12015e+22 cm^-2)
! Warning: Column included 5264 unresolved lines.
column h2o hydrostatic 5.881e-06  (1.24687e+17 cm^-2)  (* 1.00000)
! Warning: Column included 838 unresolved lines.
column o3 hydrostatic 4.344e-06  (9.21003e+16 cm^-2)
! Warning: Column included 33099 unresolved lines.

layer stratosphere
# P 2.5 mbar
# T 252.682 K
# dP 1 mbar
Pbase 3 mbar
Tbase 249.39 K
Mair 28.964 h2o o3  (28.964)
lineshape Gross ch4 co co2 n2o o2_uncoupled o3
lineshape VVW_coupled o2_coupled
lineshape VVH_750 h2o_lines
column dry_air hydrostatic (0.999989)  (2.12015e+22 cm^-2)
! Warning: Column included 5264 unresolved lines.
column h2o hydrostatic 5.359e-06  (1.1362e+17 cm^-2)  (* 1.00000)
! Warning: Column included 838 unresolved lines.
column o3 hydrostatic 5.649e-06  (1.19768e+17 cm^-2)
! Warning: Column included 33099 unresolved lines.

layer stratosphere
# P 4 mbar
# T 243.544 K
# dP 2 mbar
Pbase 5 mbar
Tbase 239.01 K
Mair 28.964 h2o o3  (28.9641)
lineshape Gross ch4 co co2 n2o o2_uncoupled o3
lineshape VVW_coupled o2_coupled
lineshape VVH_750 h2o_lines
column dry_air hydrostatic (0.999988)  (4.24029e+22 cm^-2)
! Warning: Column included 5264 unresolved lines.
column h2o hydrostatic 5.359e-06  (2.2724e+17 cm^-2)  (* 1.00000)
! Warning: Column included 838 unresolved lines.
column o3 hydrostatic 7.111e-06  (3.0153e+17 cm^-2)
! Warning: Column included 33099 unresolved lines.

layer stratosphere
# P 6 mbar
# T 235.97 K
# dP 2 mbar
Pbase 7 mbar
Tbase 233.4 K
Mair 28.964 h2o o3  (28.9641)
lineshape Gross ch4 co co2 n2o o2_uncoupled o3
lineshape VVW_coupled o2_coupled
lineshape VVH_750 h2o_lines
column dry_air hydrostatic (0.999988)  (4.24028e+22 cm^-2)
! Warning: Column included 5264 unresolved lines.
column h2o hydrostatic 4.836e-06  (2.05063e+17 cm^-2)  (* 1.00000)
! Warning: Column included 838 unresolved lines.
column o3 hydrostatic 7.642e-06  (3.24047e+17 cm^-2)
! Warning: Column included 33099 unresolved lines.

layer stratosphere
# P 8.5 mbar
# T 230.629 K
# dP 3 mbar
Pbase 10 mbar
Tbase 228.31 K
Mair 28.964 h2o o3  (28.9641)
lineshape Gross ch4 co co2 n2o o2_uncoupled o3
lineshape VVW_coupled o2_coupled
lineshape VVH_750 h2o_lines
column dry_air hydrostatic (0.999987)  (6.36042e+22 cm^-2)
! Warning: Column included 5044 unresolved lines.
column h2o hydrostatic 4.836e-06  (3.07594e+17 cm^-2)  (* 1.00000)
! Warning: Column included 549 unresolved lines.
column o3 hydrostatic 7.723e-06  (4.91222e+17 cm^-2)
! Warning: Column included 28890 unresolved lines.

layer stratosphere
# P 15 mbar
# T 224.133 K
# dP 10 mbar
Pbase 20 mbar
Tbase 221.17 K
Mair 28.964 h2o o3  (28.9641)
lineshape Gross ch4 co co2 n2o o2_uncoupled o3
lineshape VVW_coupled o2_coupled
lineshape VVH_750 h2o_lines
column dry_air hydrostatic (0.999989)  (2.12015e+23 cm^-2)
! Warning: Column included 1925 unresolved lines.
column h2o hydrostatic 4.836e-06  (1.02531e+18 cm^-2)  (* 1.00000)
! Warning: Column included 151 unresolved lines.
column o3 hydrostatic 6.273e-06  (1.32998e+18 cm^-2)

layer stratosphere
# P 25 mbar
# T 218.446 K
# dP 10 mbar
Pbase 30 mbar
Tbase 216.22 K
Mair 28.964 h2o o3  (28.964)
lineshape Gross ch4 co co2 n2o o2_uncoupled o3
lineshape VVW_coupled o2_coupled
lineshape VVH_750 h2o_lines
column dry_air hydrostatic (0.999991)  (2.12015e+23 cm^-2)
! Warning: Column included 6 unresolved lines.
column h2o hydrostatic 4.314e-06  (9.14642e+17 cm^-2)  (* 1.00000)
! Warning: Column included 45 unresolved lines.
column o3 hydrostatic 4.442e-06  (9.4178e+17 cm^-2)

layer stratosphere
# P 40 mbar
# T 211.822 K
# dP 20 mbar
Pbase 50 mbar
Tbase 208.41 K
Mair 28.964 h2o o3  (28.964)
lineshape Gross ch4 co co2 n2o o2_uncoupled o3
lineshape VVW_coupled o2_coupled
lineshape VVH_750 h2o_lines
column dry_air hydrostatic (0.999994)  (4.24032e+23 cm^-2)
column h2o hydrostatic 4.314e-06  (1.82929e+18 cm^-2)  (* 1.00000)
! Warning: Column included 27 unresolved lines.
column o3 hydrostatic 1.958e-06  (8.30261e+17 cm^-2)

layer stratosphere
# P 60 mbar
# T 204.297 K
# dP 20 mbar
Pbase 70 mbar
Tbase 200.82 K
Mair 28.964 h2o o3  (28.964)
lineshape Gross ch4 co co2 n2o o2_uncoupled o3
lineshape VVW_coupled o2_coupled
lineshape VVH_750 h2o_lines
column dry_air hydrostatic (0.999995)  (4.24033e+23 cm^-2)
column h2o hydrostatic 4.314e-06  (1.82929e+18 cm^-2)  (* 1.00000)
! Warning: Column included 19 unresolved lines.
column o3 hydrostatic 7.137e-07  (3.02634e+17 cm^-2)

layer troposphere
# P 85 mbar
# T 199.922 K
# dP 30 mbar
Pbase 100 mbar
Tbase 199.17 K
Mair 28.964 h2o o3  (28.964)
lineshape Gross ch4 co co2 n2o o2_uncoupled o3
lineshape VVW_coupled o2_coupled
lineshape VVH_750 h2o_lines
column dry_air hydrostatic (0.999995)  (6.36051e+23 cm^-2)
column h2o hydrostatic 4.314e-06  (2.74393e+18 cm^-2)  (* 1.00000)
! Warning: Column included 18 unresolved lines.
column o3 hydrostatic 2.164e-07  (1.37642e+17 cm^-2)

layer troposphere
# P 112.5 mbar
# T 202.279 K
# dP 25 mbar
Pbase 125 mbar
Tbase 205.06 K
Mair 28.964 h2o o3  (28.964)
lineshape Gross ch4 co co2 n2o o2_uncoupled o3
lineshape VVW_coupled o2_coupled
lineshape VVH_750 h2o_lines
column dry_air hydrostatic (0.999996)  (5.30042e+23 cm^-2)
column h2o hydrostatic 4.314e-06  (2.28661e+18 cm^-2)  (* 1.00000)
column o3 hydrostatic 1.557e-07  (8.25279e+16 cm^-2)

layer troposphere
# P 137.5 mbar
# T 208.735 K
# dP 25 mbar
Pbase 150 mbar
Tbase 212.09 K
Mair 28.964 h2o o3  (28.9639)
lineshape Gross ch4 co co2 n2o o2_uncoupled o3
lineshape VVW_coupled o2_coupled
lineshape VVH_750 h2o_lines
column dry_air hydrostatic (0.999993)  (5.30042e+23 cm^-2)
column h2o hydrostatic 6.403e-06  (3.39388e+18 cm^-2)  (* 1.00000)
column o3 hydrostatic 1.207e-07  (6.39764e+16 cm^-2)

layer troposphere
# P 162.5 mbar
# T 214.37 K
# dP 25 mbar
Pbase 175 mbar
Tbase 216.48 K
Mair 28.964 h2o o3  (28.9639)
lineshape Gross ch4 co co2 n2o o2_uncoupled o3
lineshape VVW_coupled o2_coupled
lineshape VVH_750 h2o_lines
column dry_air hydrostatic (0.999989)  (5.3004e+23 cm^-2)
column h2o hydrostatic 1.058e-05  (5.60788e+18 cm^-2)  (* 1.00000)
column o3 hydrostatic 1.007e-07  (5.33756e+16 cm^-2)

layer troposphere
# P 187.5 mbar
# T 217.601 K
# dP 25 mbar
Pbase 200 mbar
Tbase 218.65 K
Mair 28.964 h2o o3  (28.9638)
lineshape Gross ch4 co co2 n2o o2_uncoupled o3
lineshape VVW_coupled o2_coupled
lineshape VVH_750 h2o_lines
column dry_air hydrostatic (0.999983)  (5.30038e+23 cm^-2)
column h2o hydrostatic 1.737e-05  (9.20692e+18 cm^-2)  (* 1.00000)
column o3 hydrostatic 9.142e-08  (4.84569e+16 cm^-2)

layer troposphere
# P 212.5 mbar
# T 219.772 K
# dP 25 mbar
Pbase 225 mbar
Tbase 220.83 K
Mair 28.964 h2o o3  (28.9637)
lineshape Gross ch4 co co2 n2o o2_uncoupled o3
lineshape VVW_coupled o2_coupled
lineshape VVH_750 h2o_lines
column dry_air hydrostatic (0.999972)  (5.30034e+23 cm^-2)
column h2o hydrostatic 2.833e-05  (1.50163e+19 cm^-2)  (* 1.00000)
column o3 hydrostatic 8.529e-08  (4.52079e+16 cm^-2)

layer troposphere
# P 237.5 mbar
# T 222.282 K
# dP 25 mbar
Pbase 250 mbar
Tbase 223.66 K
Mair 28.964 h2o o3  (28.9635)
lineshape Gross ch4 co co2 n2o o2_uncoupled o3
lineshape VVW_coupled o2_coupled
lineshape VVH_750 h2o_lines
column dry_air hydrostatic (0.999955)  (5.30029e+23 cm^-2)
column h2o hydrostatic 4.504e-05  (2.38736e+19 cm^-2)  (* 1.00000)
column o3 hydrostatic 8.047e-08  (4.26533e+16 cm^-2)

layer troposphere
# P 275 mbar
# T 227.037 K
# dP 50 mbar
Pbase 300 mbar
Tbase 230.12 K
Mair 28.964 h2o o3  (28.9627)
lineshape Gross ch4 co co2 n2o o2_uncoupled o3
lineshape VVW_coupled o2_coupled
lineshape VVH_750 h2o_lines
column dry_air hydrostatic (0.999881)  (1.06001e+24 cm^-2)
column h2o hydrostatic 0.0001192  (1.26368e+20 cm^-2)  (* 1.00000)
column o3 hydrostatic 7.105e-08  (7.53226e+16 cm^-2)

layer troposphere
# P 325 mbar
# T 233.859 K
# dP 50 mbar
Pbase 350 mbar
Tbase 237.32 K
Mair 28.964 h2o o3  (28.9611)
lineshape Gross ch4 co co2 n2o o2_uncoupled o3
lineshape VVW_coupled o2_coupled
lineshape VVH_750 h2o_lines
column dry_air hydrostatic (0.999733)  (1.05991e+24 cm^-2)
column h2o hydrostatic 0.0002674  (2.83496e+20 cm^-2)  (* 1.00000)
column o3 hydrostatic 6.306e-08  (6.68559e+16 cm^-2)

layer troposphere
# P 375 mbar
# T 240.746 K
# dP 50 mbar
Pbase 400 mbar
Tbase 243.95 K
Mair 28.964 h2o o3  (28.9585)
lineshape Gross ch4 co co2 n2o o2_uncoupled o3
lineshape VVW_coupled o2_coupled
lineshape VVH_750 h2o_lines
column dry_air hydrostatic (0.999499)  (1.05976e+24 cm^-2)
column h2o hydrostatic 0.000501  (5.31204e+20 cm^-2)  (* 1.00000)
column o3 hydrostatic 5.81e-08  (6.16027e+16 cm^-2)

layer troposphere
# P 425 mbar
# T 246.935 K
# dP 50 mbar
Pbase 450 mbar
Tbase 249.75 K
Mair 28.964 h2o o3  (28.9545)
lineshape Gross ch4 co co2 n2o o2_uncoupled o3
lineshape VVW_coupled o2_coupled
lineshape VVH_750 h2o_lines
column dry_air hydrostatic (0.999129)  (1.05951e+24 cm^-2)
column h2o hydrostatic 0.0008705  (9.2311e+20 cm^-2)  (* 1.00000)
column o3 hydrostatic 5.507e-08  (5.83982e+16 cm^-2)

layer troposphere
# P 475 mbar
# T 252.67 K
# dP 50 mbar
Pbase 500 mbar
Tbase 255.44 K
Mair 28.964 h2o o3  (28.9488)
lineshape Gross ch4 co co2 n2o o2_uncoupled o3
lineshape VVW_coupled o2_coupled
lineshape VVH_750 h2o_lines
column dry_air hydrostatic (0.998608)  (1.05917e+24 cm^-2)
column h2o hydrostatic 0.001392  (1.47642e+21 cm^-2)  (* 1.00000)
column o3 hydrostatic 5.311e-08  (5.63309e+16 cm^-2)

layer troposphere
# P 525 mbar
# T 257.093 K
# dP 50 mbar
Pbase 550 mbar
Tbase 258.67 K
Mair 28.964 h2o o3  (28.9461)
lineshape Gross ch4 co co2 n2o o2_uncoupled o3
lineshape VVW_coupled o2_coupled
lineshape VVH_750 h2o_lines
column dry_air hydrostatic (0.998368)  (1.05901e+24 cm^-2)
column h2o hydrostatic 0.001632  (1.73113e+21 cm^-2)  (* 1.00000)
column o3 hydrostatic 4.751e-08  (5.03958e+16 cm^-2)

layer troposphere
# P 567.765 mbar
# T 260.452 K
# dP 35.53 mbar
Pbase 585.53 mbar (observing level)
Tbase 262.18 K
Mair 28.964 h2o o3  (28.9462)
lineshape Gross ch4 co co2 n2o o2_uncoupled o3
lineshape VVW_coupled o2_coupled
lineshape VVH_750 h2o_lines
column dry_air hydrostatic (0.998374)  (7.52536e+23 cm^-2)
column h2o hydrostatic 0.001626  (1.22562e+21 cm^-2)  (* 1.00000)
column o3 hydrostatic 4.725e-08  (3.56152e+16 cm^-2)

#
# column densities [cm^-2], including scale factors
#
#                           zenith             line-of-sight     
# stratosphere (10 layers):
#                  dry_air  1.484110e+24       1.484110e+24      
#                      h2o  6.701424e+18       6.701424e+18      
#                            (2.00479 um_pwv)   (2.00479 um_pwv)  
#                       o3  4.795129e+18       4.795129e+18      
#                            (178.47 DU)        (178.47 DU)       
#
# troposphere (14 layers):
#                  dry_air  1.092618e+25       1.092618e+25      
#                      h2o  6.359473e+21       6.359473e+21      
#                            (1902.5 um_pwv)    (1902.5 um_pwv)   
#                       o3  8.783615e+17       8.783615e+17      
#                            (32.6917 DU)       (32.6917 DU)      
#
# total (24 layers):
#                  dry_air  1.241029e+25       1.241029e+25      
#                      h2o  6.366174e+21       6.366174e+21      
#                            (1904.5 um_pwv)    (1904.5 um_pwv)   
#                       o3  5.673490e+18       5.673490e+18      
#                            (211.162 DU)       (211.162 DU)      
#

! Warning: Encountered in-band lines narrower than the frequency
!          grid spacing.  The output configuration data includes
!          the unresolved line count after each column definition
!          for which this occurred.  Count: 57

