# am version 13.0 (build date May 30 2024 14:06:47)

# run time 2.984 s

f 10 GHz  1000 GHz  0.025 GHz
output f GHz  tau neper  tx none  Tb K

tol 0.0001
selfbroad_vmr_tol 0.003

geometry plane-parallel
refract none
za 0 deg
PTmode Pbase Tbase

g 980.665 cm*s^-2
dg_dz 0 s^-2

Nscale h2o 1

T0 2.7 K

layer stratosphere
# P 1 mbar
# T 262.12 K
# dP 1 mbar
Pbase 1 mbar
Tbase 262.12 K
Mair 28.964 h2o o3  (28.964)
lineshape Voigt-Kielkopf ch4 co co2 h2o_lines n2o o2_coupled o2_uncoupled o3
column dry_air hydrostatic (0.999991)  (2.12016e+22 cm^-2)
! Warning: Column included 5264 unresolved lines.
column h2o hydrostatic 6.403e-06  (1.35755e+17 cm^-2)  (* 1.00000)
! Warning: Column included 838 unresolved lines.
column o3 hydrostatic 3.07e-06  (6.50894e+16 cm^-2)
! Warning: Column included 33099 unresolved lines.

layer stratosphere
# P 1.5 mbar
# T 261.956 K
# dP 1 mbar
Pbase 2 mbar
Tbase 261.84 K
Mair 28.964 h2o o3  (28.964)
lineshape Gross ch4 co co2 n2o o2_uncoupled o3
lineshape VVW_coupled o2_coupled
lineshape VVH_750 h2o_lines
column dry_air hydrostatic (0.999989)  (2.12015e+22 cm^-2)
! Warning: Column included 5264 unresolved lines.
column h2o hydrostatic 5.881e-06  (1.24687e+17 cm^-2)  (* 1.00000)
! Warning: Column included 838 unresolved lines.
column o3 hydrostatic 4.896e-06  (1.03804e+17 cm^-2)
! Warning: Column included 33099 unresolved lines.

layer stratosphere
# P 2.5 mbar
# T 257.993 K
# dP 1 mbar
Pbase 3 mbar
Tbase 254.85 K
Mair 28.964 h2o o3  (28.9641)
lineshape Gross ch4 co co2 n2o o2_uncoupled o3
lineshape VVW_coupled o2_coupled
lineshape VVH_750 h2o_lines
column dry_air hydrostatic (0.999988)  (2.12015e+22 cm^-2)
! Warning: Column included 5264 unresolved lines.
column h2o hydrostatic 5.881e-06  (1.24687e+17 cm^-2)  (* 1.00000)
! Warning: Column included 838 unresolved lines.
column o3 hydrostatic 6.203e-06  (1.31514e+17 cm^-2)
! Warning: Column included 33099 unresolved lines.

layer stratosphere
# P 4 mbar
# T 248.7 K
# dP 2 mbar
Pbase 5 mbar
Tbase 243.93 K
Mair 28.964 h2o o3  (28.9641)
lineshape Gross ch4 co co2 n2o o2_uncoupled o3
lineshape VVW_coupled o2_coupled
lineshape VVH_750 h2o_lines
column dry_air hydrostatic (0.999987)  (4.24028e+22 cm^-2)
! Warning: Column included 5264 unresolved lines.
column h2o hydrostatic 5.359e-06  (2.2724e+17 cm^-2)  (* 1.00000)
! Warning: Column included 838 unresolved lines.
column o3 hydrostatic 7.868e-06  (3.3363e+17 cm^-2)
! Warning: Column included 33099 unresolved lines.

layer stratosphere
# P 6 mbar
# T 240.44 K
# dP 2 mbar
Pbase 7 mbar
Tbase 237.49 K
Mair 28.964 h2o o3  (28.9641)
lineshape Gross ch4 co co2 n2o o2_uncoupled o3
lineshape VVW_coupled o2_coupled
lineshape VVH_750 h2o_lines
column dry_air hydrostatic (0.999986)  (4.24027e+22 cm^-2)
! Warning: Column included 5264 unresolved lines.
column h2o hydrostatic 5.359e-06  (2.2724e+17 cm^-2)  (* 1.00000)
! Warning: Column included 838 unresolved lines.
column o3 hydrostatic 8.709e-06  (3.69291e+17 cm^-2)
! Warning: Column included 33099 unresolved lines.

layer stratosphere
# P 8.5 mbar
# T 234.736 K
# dP 3 mbar
Pbase 10 mbar
Tbase 232.43 K
Mair 28.964 h2o o3  (28.9641)
lineshape Gross ch4 co co2 n2o o2_uncoupled o3
lineshape VVW_coupled o2_coupled
lineshape VVH_750 h2o_lines
column dry_air hydrostatic (0.999986)  (6.36041e+22 cm^-2)
! Warning: Column included 5067 unresolved lines.
column h2o hydrostatic 5.359e-06  (3.40859e+17 cm^-2)  (* 1.00000)
! Warning: Column included 573 unresolved lines.
column o3 hydrostatic 8.825e-06  (5.61314e+17 cm^-2)
! Warning: Column included 29654 unresolved lines.

layer stratosphere
# P 15 mbar
# T 227.312 K
# dP 10 mbar
Pbase 20 mbar
Tbase 223.68 K
Mair 28.964 h2o o3  (28.9641)
lineshape Gross ch4 co co2 n2o o2_uncoupled o3
lineshape VVW_coupled o2_coupled
lineshape VVH_750 h2o_lines
column dry_air hydrostatic (0.999988)  (2.12014e+23 cm^-2)
! Warning: Column included 1925 unresolved lines.
column h2o hydrostatic 4.836e-06  (1.02531e+18 cm^-2)  (* 1.00000)
! Warning: Column included 154 unresolved lines.
column o3 hydrostatic 6.776e-06  (1.43663e+18 cm^-2)

layer stratosphere
# P 25 mbar
# T 220.813 K
# dP 10 mbar
Pbase 30 mbar
Tbase 218.47 K
Mair 28.964 h2o o3  (28.964)
lineshape Gross ch4 co co2 n2o o2_uncoupled o3
lineshape VVW_coupled o2_coupled
lineshape VVH_750 h2o_lines
column dry_air hydrostatic (0.99999)  (2.12015e+23 cm^-2)
! Warning: Column included 6 unresolved lines.
column h2o hydrostatic 4.836e-06  (1.02532e+18 cm^-2)  (* 1.00000)
! Warning: Column included 45 unresolved lines.
column o3 hydrostatic 4.723e-06  (1.00136e+18 cm^-2)

layer stratosphere
# P 40 mbar
# T 213.97 K
# dP 20 mbar
Pbase 50 mbar
Tbase 210.48 K
Mair 28.964 h2o o3  (28.964)
lineshape Gross ch4 co co2 n2o o2_uncoupled o3
lineshape VVW_coupled o2_coupled
lineshape VVH_750 h2o_lines
column dry_air hydrostatic (0.999993)  (4.24032e+23 cm^-2)
column h2o hydrostatic 4.836e-06  (2.05063e+18 cm^-2)  (* 1.00000)
! Warning: Column included 27 unresolved lines.
column o3 hydrostatic 2.312e-06  (9.80369e+17 cm^-2)

layer stratosphere
# P 60 mbar
# T 207.657 K
# dP 20 mbar
Pbase 70 mbar
Tbase 205.27 K
Mair 28.964 h2o o3  (28.964)
lineshape Gross ch4 co co2 n2o o2_uncoupled o3
lineshape VVW_coupled o2_coupled
lineshape VVH_750 h2o_lines
column dry_air hydrostatic (0.999994)  (4.24033e+23 cm^-2)
column h2o hydrostatic 4.836e-06  (2.05064e+18 cm^-2)  (* 1.00000)
! Warning: Column included 19 unresolved lines.
column o3 hydrostatic 9.965e-07  (4.22551e+17 cm^-2)

layer troposphere
# P 85 mbar
# T 206.059 K
# dP 30 mbar
Pbase 100 mbar
Tbase 206.72 K
Mair 28.964 h2o o3  (28.9639)
lineshape Gross ch4 co co2 n2o o2_uncoupled o3
lineshape VVW_coupled o2_coupled
lineshape VVH_750 h2o_lines
column dry_air hydrostatic (0.999994)  (6.3605e+23 cm^-2)
column h2o hydrostatic 5.359e-06  (3.40861e+18 cm^-2)  (* 1.00000)
! Warning: Column included 18 unresolved lines.
column o3 hydrostatic 3.991e-07  (2.53849e+17 cm^-2)

layer troposphere
# P 112.5 mbar
# T 208.874 K
# dP 25 mbar
Pbase 125 mbar
Tbase 210.8 K
Mair 28.964 h2o o3  (28.9639)
lineshape Gross ch4 co co2 n2o o2_uncoupled o3
lineshape VVW_coupled o2_coupled
lineshape VVH_750 h2o_lines
column dry_air hydrostatic (0.999993)  (5.30041e+23 cm^-2)
column h2o hydrostatic 6.925e-06  (3.67056e+18 cm^-2)  (* 1.00000)
column o3 hydrostatic 2.724e-07  (1.44384e+17 cm^-2)

layer troposphere
# P 137.5 mbar
# T 212.985 K
# dP 25 mbar
Pbase 150 mbar
Tbase 214.98 K
Mair 28.964 h2o o3  (28.9639)
lineshape Gross ch4 co co2 n2o o2_uncoupled o3
lineshape VVW_coupled o2_coupled
lineshape VVH_750 h2o_lines
column dry_air hydrostatic (0.999988)  (5.3004e+23 cm^-2)
column h2o hydrostatic 1.202e-05  (6.37115e+18 cm^-2)  (* 1.00000)
column o3 hydrostatic 2.14e-07  (1.1343e+17 cm^-2)

layer troposphere
# P 162.5 mbar
# T 217.275 K
# dP 25 mbar
Pbase 175 mbar
Tbase 219.4 K
Mair 28.964 h2o o3  (28.9637)
lineshape Gross ch4 co co2 n2o o2_uncoupled o3
lineshape VVW_coupled o2_coupled
lineshape VVH_750 h2o_lines
column dry_air hydrostatic (0.999976)  (5.30036e+23 cm^-2)
column h2o hydrostatic 2.35e-05  (1.24561e+19 cm^-2)  (* 1.00000)
column o3 hydrostatic 1.887e-07  (1.0002e+17 cm^-2)

layer troposphere
# P 187.5 mbar
# T 222.691 K
# dP 25 mbar
Pbase 200 mbar
Tbase 225.77 K
Mair 28.964 h2o o3  (28.9635)
lineshape Gross ch4 co co2 n2o o2_uncoupled o3
lineshape VVW_coupled o2_coupled
lineshape VVH_750 h2o_lines
column dry_air hydrostatic (0.999956)  (5.30029e+23 cm^-2)
column h2o hydrostatic 4.361e-05  (2.31156e+19 cm^-2)  (* 1.00000)
column o3 hydrostatic 1.642e-07  (8.70346e+16 cm^-2)

layer troposphere
# P 212.5 mbar
# T 228.755 K
# dP 25 mbar
Pbase 225 mbar
Tbase 231.57 K
Mair 28.964 h2o o3  (28.9631)
lineshape Gross ch4 co co2 n2o o2_uncoupled o3
lineshape VVW_coupled o2_coupled
lineshape VVH_750 h2o_lines
column dry_air hydrostatic (0.999921)  (5.30018e+23 cm^-2)
column h2o hydrostatic 7.873e-05  (4.17316e+19 cm^-2)  (* 1.00000)
column o3 hydrostatic 1.466e-07  (7.77067e+16 cm^-2)

layer troposphere
# P 237.5 mbar
# T 233.879 K
# dP 25 mbar
Pbase 250 mbar
Tbase 236.07 K
Mair 28.964 h2o o3  (28.9625)
lineshape Gross ch4 co co2 n2o o2_uncoupled o3
lineshape VVW_coupled o2_coupled
lineshape VVH_750 h2o_lines
column dry_air hydrostatic (0.999864)  (5.29999e+23 cm^-2)
column h2o hydrostatic 0.0001359  (7.20366e+19 cm^-2)  (* 1.00000)
column o3 hydrostatic 1.244e-07  (6.59408e+16 cm^-2)

layer troposphere
# P 275 mbar
# T 240.738 K
# dP 50 mbar
Pbase 300 mbar
Tbase 245 K
Mair 28.964 h2o o3  (28.96)
lineshape Gross ch4 co co2 n2o o2_uncoupled o3
lineshape VVW_coupled o2_coupled
lineshape VVH_750 h2o_lines
column dry_air hydrostatic (0.999634)  (1.05985e+24 cm^-2)
column h2o hydrostatic 0.0003655  (3.87515e+20 cm^-2)  (* 1.00000)
column o3 hydrostatic 9.192e-08  (9.74567e+16 cm^-2)

layer troposphere
# P 325 mbar
# T 248.572 K
# dP 50 mbar
Pbase 350 mbar
Tbase 251.88 K
Mair 28.964 h2o o3  (28.9552)
lineshape Gross ch4 co co2 n2o o2_uncoupled o3
lineshape VVW_coupled o2_coupled
lineshape VVH_750 h2o_lines
column dry_air hydrostatic (0.999198)  (1.05956e+24 cm^-2)
column h2o hydrostatic 0.0008017  (8.5013e+20 cm^-2)  (* 1.00000)
column o3 hydrostatic 7.64e-08  (8.10152e+16 cm^-2)

layer troposphere
# P 375 mbar
# T 254.882 K
# dP 50 mbar
Pbase 400 mbar
Tbase 257.69 K
Mair 28.964 h2o o3  (28.9451)
lineshape Gross ch4 co co2 n2o o2_uncoupled o3
lineshape VVW_coupled o2_coupled
lineshape VVH_750 h2o_lines
column dry_air hydrostatic (0.998273)  (1.05895e+24 cm^-2)
column h2o hydrostatic 0.001727  (1.83197e+21 cm^-2)  (* 1.00000)
column o3 hydrostatic 7.134e-08  (7.5676e+16 cm^-2)

layer troposphere
# P 425 mbar
# T 260.531 K
# dP 50 mbar
Pbase 450 mbar
Tbase 263.21 K
Mair 28.964 h2o o3  (28.929)
lineshape Gross ch4 co co2 n2o o2_uncoupled o3
lineshape VVW_coupled o2_coupled
lineshape VVH_750 h2o_lines
column dry_air hydrostatic (0.9968)  (1.05797e+24 cm^-2)
column h2o hydrostatic 0.0032  (3.39639e+21 cm^-2)  (* 1.00000)
column o3 hydrostatic 6.699e-08  (7.11013e+16 cm^-2)

layer troposphere
# P 475 mbar
# T 266.161 K
# dP 50 mbar
Pbase 500 mbar
Tbase 268.96 K
Mair 28.964 h2o o3  (28.9098)
lineshape Gross ch4 co co2 n2o o2_uncoupled o3
lineshape VVW_coupled o2_coupled
lineshape VVH_750 h2o_lines
column dry_air hydrostatic (0.995052)  (1.05682e+24 cm^-2)
column h2o hydrostatic 0.004948  (5.25514e+21 cm^-2)  (* 1.00000)
column o3 hydrostatic 6.074e-08  (6.45104e+16 cm^-2)

layer troposphere
# P 517.685 mbar
# T 271.035 K
# dP 35.37 mbar
Pbase 535.37 mbar (observing level)
Tbase 273.04 K
Mair 28.964 h2o o3  (28.8957)
lineshape Gross ch4 co co2 n2o o2_uncoupled o3
lineshape VVW_coupled o2_coupled
lineshape VVH_750 h2o_lines
column dry_air hydrostatic (0.993761)  (7.46989e+23 cm^-2)
column h2o hydrostatic 0.006239  (4.68972e+21 cm^-2)  (* 1.00000)
column o3 hydrostatic 5.607e-08  (4.21466e+16 cm^-2)

#
# column densities [cm^-2], including scale factors
#
#                           zenith             line-of-sight     
# stratosphere (10 layers):
#                  dry_air  1.484109e+24       1.484109e+24      
#                      h2o  7.332366e+18       7.332366e+18      
#                            (2.19355 um_pwv)   (2.19355 um_pwv)  
#                       o3  5.405546e+18       5.405546e+18      
#                            (201.189 DU)       (201.189 DU)      
#
# troposphere (13 layers):
#                  dry_air  9.856347e+24       9.856347e+24      
#                      h2o  1.657366e+22       1.657366e+22      
#                            (4958.16 um_pwv)   (4958.16 um_pwv)  
#                       o3  1.274272e+18       1.274272e+18      
#                            (47.4271 DU)       (47.4271 DU)      
#
# total (23 layers):
#                  dry_air  1.134046e+25       1.134046e+25      
#                      h2o  1.658099e+22       1.658099e+22      
#                            (4960.36 um_pwv)   (4960.36 um_pwv)  
#                       o3  6.679818e+18       6.679818e+18      
#                            (248.616 DU)       (248.616 DU)      
#

! Warning: Encountered in-band lines narrower than the frequency
!          grid spacing.  The output configuration data includes
!          the unresolved line count after each column definition
!          for which this occurred.  Count: 57

