# am version 13.0 (build date May 30 2024 14:06:47)

# run time 3.037 s

f 10 GHz  1000 GHz  0.025 GHz
output f GHz  tau neper  tx none  Tb K

tol 0.0001
selfbroad_vmr_tol 0.003

geometry plane-parallel
refract none
za 0 deg
PTmode Pbase Tbase

g 980.665 cm*s^-2
dg_dz 0 s^-2

Nscale h2o 1

T0 2.7 K

layer stratosphere
# P 1 mbar
# T 260.08 K
# dP 1 mbar
Pbase 1 mbar
Tbase 260.08 K
Mair 28.964 h2o o3  (28.964)
lineshape Voigt-Kielkopf ch4 co co2 h2o_lines n2o o2_coupled o2_uncoupled o3
column dry_air hydrostatic (0.999991)  (2.12016e+22 cm^-2)
! Warning: Column included 5264 unresolved lines.
column h2o hydrostatic 6.403e-06  (1.35755e+17 cm^-2)  (* 1.00000)
! Warning: Column included 838 unresolved lines.
column o3 hydrostatic 3.053e-06  (6.4729e+16 cm^-2)
! Warning: Column included 33099 unresolved lines.

layer stratosphere
# P 1.5 mbar
# T 259.647 K
# dP 1 mbar
Pbase 2 mbar
Tbase 259.34 K
Mair 28.964 h2o o3  (28.964)
lineshape Gross ch4 co co2 n2o o2_uncoupled o3
lineshape VVW_coupled o2_coupled
lineshape VVH_750 h2o_lines
column dry_air hydrostatic (0.999989)  (2.12015e+22 cm^-2)
! Warning: Column included 5264 unresolved lines.
column h2o hydrostatic 5.881e-06  (1.24687e+17 cm^-2)  (* 1.00000)
! Warning: Column included 838 unresolved lines.
column o3 hydrostatic 4.816e-06  (1.02108e+17 cm^-2)
! Warning: Column included 33099 unresolved lines.

layer stratosphere
# P 2.5 mbar
# T 255.829 K
# dP 1 mbar
Pbase 3 mbar
Tbase 252.96 K
Mair 28.964 h2o o3  (28.964)
lineshape Gross ch4 co co2 n2o o2_uncoupled o3
lineshape VVW_coupled o2_coupled
lineshape VVH_750 h2o_lines
column dry_air hydrostatic (0.999988)  (2.12015e+22 cm^-2)
! Warning: Column included 5264 unresolved lines.
column h2o hydrostatic 5.881e-06  (1.24687e+17 cm^-2)  (* 1.00000)
! Warning: Column included 838 unresolved lines.
column o3 hydrostatic 5.944e-06  (1.26023e+17 cm^-2)
! Warning: Column included 33099 unresolved lines.

layer stratosphere
# P 4 mbar
# T 246.799 K
# dP 2 mbar
Pbase 5 mbar
Tbase 242.02 K
Mair 28.964 h2o o3  (28.9641)
lineshape Gross ch4 co co2 n2o o2_uncoupled o3
lineshape VVW_coupled o2_coupled
lineshape VVH_750 h2o_lines
column dry_air hydrostatic (0.999987)  (4.24028e+22 cm^-2)
! Warning: Column included 5264 unresolved lines.
column h2o hydrostatic 5.881e-06  (2.49374e+17 cm^-2)  (* 1.00000)
! Warning: Column included 838 unresolved lines.
column o3 hydrostatic 7.161e-06  (3.03651e+17 cm^-2)
! Warning: Column included 33099 unresolved lines.

layer stratosphere
# P 6 mbar
# T 238.709 K
# dP 2 mbar
Pbase 7 mbar
Tbase 235.91 K
Mair 28.964 h2o o3  (28.9641)
lineshape Gross ch4 co co2 n2o o2_uncoupled o3
lineshape VVW_coupled o2_coupled
lineshape VVH_750 h2o_lines
column dry_air hydrostatic (0.999987)  (4.24028e+22 cm^-2)
! Warning: Column included 5264 unresolved lines.
column h2o hydrostatic 5.359e-06  (2.2724e+17 cm^-2)  (* 1.00000)
! Warning: Column included 838 unresolved lines.
column o3 hydrostatic 7.657e-06  (3.24683e+17 cm^-2)
! Warning: Column included 33099 unresolved lines.

layer stratosphere
# P 8.5 mbar
# T 233.183 K
# dP 3 mbar
Pbase 10 mbar
Tbase 230.9 K
Mair 28.964 h2o o3  (28.9641)
lineshape Gross ch4 co co2 n2o o2_uncoupled o3
lineshape VVW_coupled o2_coupled
lineshape VVH_750 h2o_lines
column dry_air hydrostatic (0.999987)  (6.36042e+22 cm^-2)
! Warning: Column included 5067 unresolved lines.
column h2o hydrostatic 5.359e-06  (3.40859e+17 cm^-2)  (* 1.00000)
! Warning: Column included 563 unresolved lines.
column o3 hydrostatic 7.727e-06  (4.91476e+17 cm^-2)
! Warning: Column included 29654 unresolved lines.

layer stratosphere
# P 15 mbar
# T 225.758 K
# dP 10 mbar
Pbase 20 mbar
Tbase 222.11 K
Mair 28.964 h2o o3  (28.9641)
lineshape Gross ch4 co co2 n2o o2_uncoupled o3
lineshape VVW_coupled o2_coupled
lineshape VVH_750 h2o_lines
column dry_air hydrostatic (0.999989)  (2.12015e+23 cm^-2)
! Warning: Column included 1925 unresolved lines.
column h2o hydrostatic 4.836e-06  (1.02531e+18 cm^-2)  (* 1.00000)
! Warning: Column included 151 unresolved lines.
column o3 hydrostatic 6.399e-06  (1.3567e+18 cm^-2)

layer stratosphere
# P 25 mbar
# T 219.54 K
# dP 10 mbar
Pbase 30 mbar
Tbase 217.44 K
Mair 28.964 h2o o3  (28.964)
lineshape Gross ch4 co co2 n2o o2_uncoupled o3
lineshape VVW_coupled o2_coupled
lineshape VVH_750 h2o_lines
column dry_air hydrostatic (0.99999)  (2.12015e+23 cm^-2)
! Warning: Column included 6 unresolved lines.
column h2o hydrostatic 4.836e-06  (1.02532e+18 cm^-2)  (* 1.00000)
! Warning: Column included 45 unresolved lines.
column o3 hydrostatic 4.765e-06  (1.01026e+18 cm^-2)

layer stratosphere
# P 40 mbar
# T 213.481 K
# dP 20 mbar
Pbase 50 mbar
Tbase 210.41 K
Mair 28.964 h2o o3  (28.964)
lineshape Gross ch4 co co2 n2o o2_uncoupled o3
lineshape VVW_coupled o2_coupled
lineshape VVH_750 h2o_lines
column dry_air hydrostatic (0.999993)  (4.24032e+23 cm^-2)
column h2o hydrostatic 4.836e-06  (2.05063e+18 cm^-2)  (* 1.00000)
! Warning: Column included 27 unresolved lines.
column o3 hydrostatic 2.54e-06  (1.07705e+18 cm^-2)

layer stratosphere
# P 60 mbar
# T 208.302 K
# dP 20 mbar
Pbase 70 mbar
Tbase 206.52 K
Mair 28.964 h2o o3  (28.964)
lineshape Gross ch4 co co2 n2o o2_uncoupled o3
lineshape VVW_coupled o2_coupled
lineshape VVH_750 h2o_lines
column dry_air hydrostatic (0.999994)  (4.24033e+23 cm^-2)
column h2o hydrostatic 4.836e-06  (2.05064e+18 cm^-2)  (* 1.00000)
! Warning: Column included 19 unresolved lines.
column o3 hydrostatic 1.193e-06  (5.05874e+17 cm^-2)

layer troposphere
# P 85 mbar
# T 207.527 K
# dP 30 mbar
Pbase 100 mbar
Tbase 208.37 K
Mair 28.964 h2o o3  (28.964)
lineshape Gross ch4 co co2 n2o o2_uncoupled o3
lineshape VVW_coupled o2_coupled
lineshape VVH_750 h2o_lines
column dry_air hydrostatic (0.999995)  (6.3605e+23 cm^-2)
column h2o hydrostatic 4.836e-06  (3.07595e+18 cm^-2)  (* 1.00000)
! Warning: Column included 18 unresolved lines.
column o3 hydrostatic 4.867e-07  (3.09567e+17 cm^-2)

layer troposphere
# P 112.5 mbar
# T 210.286 K
# dP 25 mbar
Pbase 125 mbar
Tbase 212 K
Mair 28.964 h2o o3  (28.9639)
lineshape Gross ch4 co co2 n2o o2_uncoupled o3
lineshape VVW_coupled o2_coupled
lineshape VVH_750 h2o_lines
column dry_air hydrostatic (0.999994)  (5.30042e+23 cm^-2)
column h2o hydrostatic 5.359e-06  (2.84051e+18 cm^-2)  (* 1.00000)
column o3 hydrostatic 3.209e-07  (1.70091e+17 cm^-2)

layer troposphere
# P 137.5 mbar
# T 213.636 K
# dP 25 mbar
Pbase 150 mbar
Tbase 215.13 K
Mair 28.964 h2o o3  (28.9639)
lineshape Gross ch4 co co2 n2o o2_uncoupled o3
lineshape VVW_coupled o2_coupled
lineshape VVH_750 h2o_lines
column dry_air hydrostatic (0.999992)  (5.30041e+23 cm^-2)
column h2o hydrostatic 7.447e-06  (3.94725e+18 cm^-2)  (* 1.00000)
column o3 hydrostatic 2.423e-07  (1.2843e+17 cm^-2)

layer troposphere
# P 162.5 mbar
# T 216.558 K
# dP 25 mbar
Pbase 175 mbar
Tbase 217.88 K
Mair 28.964 h2o o3  (28.9639)
lineshape Gross ch4 co co2 n2o o2_uncoupled o3
lineshape VVW_coupled o2_coupled
lineshape VVH_750 h2o_lines
column dry_air hydrostatic (0.999988)  (5.3004e+23 cm^-2)
column h2o hydrostatic 1.215e-05  (6.44006e+18 cm^-2)  (* 1.00000)
column o3 hydrostatic 2.003e-07  (1.06168e+17 cm^-2)

layer troposphere
# P 187.5 mbar
# T 218.882 K
# dP 25 mbar
Pbase 200 mbar
Tbase 219.82 K
Mair 28.964 h2o o3  (28.9638)
lineshape Gross ch4 co co2 n2o o2_uncoupled o3
lineshape VVW_coupled o2_coupled
lineshape VVH_750 h2o_lines
column dry_air hydrostatic (0.99998)  (5.30037e+23 cm^-2)
column h2o hydrostatic 1.946e-05  (1.03147e+19 cm^-2)  (* 1.00000)
column o3 hydrostatic 1.735e-07  (9.19633e+16 cm^-2)

layer troposphere
# P 212.5 mbar
# T 221.014 K
# dP 25 mbar
Pbase 225 mbar
Tbase 222.14 K
Mair 28.964 h2o o3  (28.9637)
lineshape Gross ch4 co co2 n2o o2_uncoupled o3
lineshape VVW_coupled o2_coupled
lineshape VVH_750 h2o_lines
column dry_air hydrostatic (0.999968)  (5.30033e+23 cm^-2)
column h2o hydrostatic 3.147e-05  (1.66807e+19 cm^-2)  (* 1.00000)
column o3 hydrostatic 1.51e-07  (8.00375e+16 cm^-2)

layer troposphere
# P 237.5 mbar
# T 223.341 K
# dP 25 mbar
Pbase 250 mbar
Tbase 224.48 K
Mair 28.964 h2o o3  (28.9635)
lineshape Gross ch4 co co2 n2o o2_uncoupled o3
lineshape VVW_coupled o2_coupled
lineshape VVH_750 h2o_lines
column dry_air hydrostatic (0.999951)  (5.30027e+23 cm^-2)
column h2o hydrostatic 4.922e-05  (2.60892e+19 cm^-2)  (* 1.00000)
column o3 hydrostatic 1.216e-07  (6.44545e+16 cm^-2)

layer troposphere
# P 275 mbar
# T 228.05 K
# dP 50 mbar
Pbase 300 mbar
Tbase 231.31 K
Mair 28.964 h2o o3  (28.9626)
lineshape Gross ch4 co co2 n2o o2_uncoupled o3
lineshape VVW_coupled o2_coupled
lineshape VVH_750 h2o_lines
column dry_air hydrostatic (0.999875)  (1.06e+24 cm^-2)
column h2o hydrostatic 0.0001252  (1.32729e+20 cm^-2)  (* 1.00000)
column o3 hydrostatic 8.058e-08  (8.54259e+16 cm^-2)

layer troposphere
# P 325 mbar
# T 234.924 K
# dP 50 mbar
Pbase 350 mbar
Tbase 238.27 K
Mair 28.964 h2o o3  (28.9608)
lineshape Gross ch4 co co2 n2o o2_uncoupled o3
lineshape VVW_coupled o2_coupled
lineshape VVH_750 h2o_lines
column dry_air hydrostatic (0.999711)  (1.0599e+24 cm^-2)
column h2o hydrostatic 0.0002885  (3.05869e+20 cm^-2)  (* 1.00000)
column o3 hydrostatic 6.527e-08  (6.91995e+16 cm^-2)

layer troposphere
# P 375 mbar
# T 241.556 K
# dP 50 mbar
Pbase 400 mbar
Tbase 244.63 K
Mair 28.964 h2o o3  (28.9583)
lineshape Gross ch4 co co2 n2o o2_uncoupled o3
lineshape VVW_coupled o2_coupled
lineshape VVH_750 h2o_lines
column dry_air hydrostatic (0.99948)  (1.05974e+24 cm^-2)
column h2o hydrostatic 0.0005201  (5.5146e+20 cm^-2)  (* 1.00000)
column o3 hydrostatic 5.91e-08  (6.26635e+16 cm^-2)

layer troposphere
# P 425 mbar
# T 247.868 K
# dP 50 mbar
Pbase 450 mbar
Tbase 250.92 K
Mair 28.964 h2o o3  (28.9542)
lineshape Gross ch4 co co2 n2o o2_uncoupled o3
lineshape VVW_coupled o2_coupled
lineshape VVH_750 h2o_lines
column dry_air hydrostatic (0.999104)  (1.0595e+24 cm^-2)
column h2o hydrostatic 0.0008958  (9.49948e+20 cm^-2)  (* 1.00000)
column o3 hydrostatic 5.553e-08  (5.88866e+16 cm^-2)

layer troposphere
# P 475 mbar
# T 254.025 K
# dP 50 mbar
Pbase 500 mbar
Tbase 256.97 K
Mair 28.964 h2o o3  (28.9484)
lineshape Gross ch4 co co2 n2o o2_uncoupled o3
lineshape VVW_coupled o2_coupled
lineshape VVH_750 h2o_lines
column dry_air hydrostatic (0.998571)  (1.05914e+24 cm^-2)
column h2o hydrostatic 0.001429  (1.51568e+21 cm^-2)  (* 1.00000)
column o3 hydrostatic 5.45e-08  (5.7806e+16 cm^-2)

layer troposphere
# P 525 mbar
# T 258.511 K
# dP 50 mbar
Pbase 550 mbar
Tbase 259.98 K
Mair 28.964 h2o o3  (28.9462)
lineshape Gross ch4 co co2 n2o o2_uncoupled o3
lineshape VVW_coupled o2_coupled
lineshape VVH_750 h2o_lines
column dry_air hydrostatic (0.998373)  (1.05901e+24 cm^-2)
column h2o hydrostatic 0.001627  (1.72582e+21 cm^-2)  (* 1.00000)
column o3 hydrostatic 5.411e-08  (5.73966e+16 cm^-2)

layer troposphere
# P 567.765 mbar
# T 261.783 K
# dP 35.53 mbar
Pbase 585.53 mbar (observing level)
Tbase 263.53 K
Mair 28.964 h2o o3  (28.9463)
lineshape Gross ch4 co co2 n2o o2_uncoupled o3
lineshape VVW_coupled o2_coupled
lineshape VVH_750 h2o_lines
column dry_air hydrostatic (0.998379)  (7.52538e+23 cm^-2)
column h2o hydrostatic 0.001621  (1.22184e+21 cm^-2)  (* 1.00000)
column o3 hydrostatic 5.411e-08  (4.0786e+16 cm^-2)

#
# column densities [cm^-2], including scale factors
#
#                           zenith             line-of-sight     
# stratosphere (10 layers):
#                  dry_air  1.484109e+24       1.484109e+24      
#                      h2o  7.354501e+18       7.354501e+18      
#                            (2.20017 um_pwv)   (2.20017 um_pwv)  
#                       o3  5.362551e+18       5.362551e+18      
#                            (199.589 DU)       (199.589 DU)      
#
# troposphere (14 layers):
#                  dry_air  1.092611e+25       1.092611e+25      
#                      h2o  6.472746e+21       6.472746e+21      
#                            (1936.38 um_pwv)   (1936.38 um_pwv)  
#                       o3  1.382876e+18       1.382876e+18      
#                            (51.4693 DU)       (51.4693 DU)      
#
# total (24 layers):
#                  dry_air  1.241022e+25       1.241022e+25      
#                      h2o  6.480101e+21       6.480101e+21      
#                            (1938.58 um_pwv)   (1938.58 um_pwv)  
#                       o3  6.745427e+18       6.745427e+18      
#                            (251.058 DU)       (251.058 DU)      
#

! Warning: Encountered in-band lines narrower than the frequency
!          grid spacing.  The output configuration data includes
!          the unresolved line count after each column definition
!          for which this occurred.  Count: 57

