# am version 13.0 (build date May 30 2024 14:06:47)

# run time 3.119 s

f 10 GHz  1000 GHz  0.025 GHz
output f GHz  tau neper  tx none  Tb K

tol 0.0001
selfbroad_vmr_tol 0.003

geometry plane-parallel
refract none
za 0 deg
PTmode Pbase Tbase

g 980.665 cm*s^-2
dg_dz 0 s^-2

Nscale h2o 1

T0 2.7 K

layer stratosphere
# P 1 mbar
# T 258.2 K
# dP 1 mbar
Pbase 1 mbar
Tbase 258.2 K
Mair 28.964 h2o o3  (28.964)
lineshape Voigt-Kielkopf ch4 co co2 h2o_lines n2o o2_coupled o2_uncoupled o3
column dry_air hydrostatic (0.999991)  (2.12016e+22 cm^-2)
! Warning: Column included 5264 unresolved lines.
column h2o hydrostatic 5.881e-06  (1.24688e+17 cm^-2)  (* 1.00000)
! Warning: Column included 838 unresolved lines.
column o3 hydrostatic 2.912e-06  (6.17395e+16 cm^-2)
! Warning: Column included 33099 unresolved lines.

layer stratosphere
# P 1.5 mbar
# T 257.358 K
# dP 1 mbar
Pbase 2 mbar
Tbase 256.76 K
Mair 28.964 h2o o3  (28.964)
lineshape Gross ch4 co co2 n2o o2_uncoupled o3
lineshape VVW_coupled o2_coupled
lineshape VVH_750 h2o_lines
column dry_air hydrostatic (0.99999)  (2.12015e+22 cm^-2)
! Warning: Column included 5264 unresolved lines.
column h2o hydrostatic 5.881e-06  (1.24687e+17 cm^-2)  (* 1.00000)
! Warning: Column included 838 unresolved lines.
column o3 hydrostatic 4.323e-06  (9.16551e+16 cm^-2)
! Warning: Column included 33099 unresolved lines.

layer stratosphere
# P 2.5 mbar
# T 252.649 K
# dP 1 mbar
Pbase 3 mbar
Tbase 249.29 K
Mair 28.964 h2o o3  (28.964)
lineshape Gross ch4 co co2 n2o o2_uncoupled o3
lineshape VVW_coupled o2_coupled
lineshape VVH_750 h2o_lines
column dry_air hydrostatic (0.999989)  (2.12015e+22 cm^-2)
! Warning: Column included 5264 unresolved lines.
column h2o hydrostatic 5.359e-06  (1.1362e+17 cm^-2)  (* 1.00000)
! Warning: Column included 838 unresolved lines.
column o3 hydrostatic 5.597e-06  (1.18666e+17 cm^-2)
! Warning: Column included 33099 unresolved lines.

layer stratosphere
# P 4 mbar
# T 243.45 K
# dP 2 mbar
Pbase 5 mbar
Tbase 238.92 K
Mair 28.964 h2o o3  (28.9641)
lineshape Gross ch4 co co2 n2o o2_uncoupled o3
lineshape VVW_coupled o2_coupled
lineshape VVH_750 h2o_lines
column dry_air hydrostatic (0.999988)  (4.24029e+22 cm^-2)
! Warning: Column included 5264 unresolved lines.
column h2o hydrostatic 5.359e-06  (2.2724e+17 cm^-2)  (* 1.00000)
! Warning: Column included 838 unresolved lines.
column o3 hydrostatic 7.067e-06  (2.99665e+17 cm^-2)
! Warning: Column included 33099 unresolved lines.

layer stratosphere
# P 6 mbar
# T 235.853 K
# dP 2 mbar
Pbase 7 mbar
Tbase 233.26 K
Mair 28.964 h2o o3  (28.9641)
lineshape Gross ch4 co co2 n2o o2_uncoupled o3
lineshape VVW_coupled o2_coupled
lineshape VVH_750 h2o_lines
column dry_air hydrostatic (0.999987)  (4.24028e+22 cm^-2)
! Warning: Column included 5264 unresolved lines.
column h2o hydrostatic 5.358e-06  (2.27197e+17 cm^-2)  (* 1.00000)
! Warning: Column included 838 unresolved lines.
column o3 hydrostatic 7.596e-06  (3.22096e+17 cm^-2)
! Warning: Column included 33099 unresolved lines.

layer stratosphere
# P 8.5 mbar
# T 230.565 K
# dP 3 mbar
Pbase 10 mbar
Tbase 228.31 K
Mair 28.964 h2o o3  (28.9641)
lineshape Gross ch4 co co2 n2o o2_uncoupled o3
lineshape VVW_coupled o2_coupled
lineshape VVH_750 h2o_lines
column dry_air hydrostatic (0.999988)  (6.36042e+22 cm^-2)
! Warning: Column included 5044 unresolved lines.
column h2o hydrostatic 4.836e-06  (3.07594e+17 cm^-2)  (* 1.00000)
! Warning: Column included 549 unresolved lines.
column o3 hydrostatic 7.653e-06  (4.86769e+17 cm^-2)
! Warning: Column included 28890 unresolved lines.

layer stratosphere
# P 15 mbar
# T 224.075 K
# dP 10 mbar
Pbase 20 mbar
Tbase 221.07 K
Mair 28.964 h2o o3  (28.9641)
lineshape Gross ch4 co co2 n2o o2_uncoupled o3
lineshape VVW_coupled o2_coupled
lineshape VVH_750 h2o_lines
column dry_air hydrostatic (0.999989)  (2.12015e+23 cm^-2)
! Warning: Column included 1925 unresolved lines.
column h2o hydrostatic 4.836e-06  (1.02531e+18 cm^-2)  (* 1.00000)
! Warning: Column included 151 unresolved lines.
column o3 hydrostatic 6.225e-06  (1.31981e+18 cm^-2)

layer stratosphere
# P 25 mbar
# T 218.357 K
# dP 10 mbar
Pbase 30 mbar
Tbase 216.14 K
Mair 28.964 h2o o3  (28.964)
lineshape Gross ch4 co co2 n2o o2_uncoupled o3
lineshape VVW_coupled o2_coupled
lineshape VVH_750 h2o_lines
column dry_air hydrostatic (0.999991)  (2.12015e+23 cm^-2)
! Warning: Column included 6 unresolved lines.
column h2o hydrostatic 4.314e-06  (9.14642e+17 cm^-2)  (* 1.00000)
! Warning: Column included 45 unresolved lines.
column o3 hydrostatic 4.449e-06  (9.43265e+17 cm^-2)

layer stratosphere
# P 40 mbar
# T 212.091 K
# dP 20 mbar
Pbase 50 mbar
Tbase 208.95 K
Mair 28.964 h2o o3  (28.964)
lineshape Gross ch4 co co2 n2o o2_uncoupled o3
lineshape VVW_coupled o2_coupled
lineshape VVH_750 h2o_lines
column dry_air hydrostatic (0.999994)  (4.24032e+23 cm^-2)
column h2o hydrostatic 4.314e-06  (1.82929e+18 cm^-2)  (* 1.00000)
! Warning: Column included 27 unresolved lines.
column o3 hydrostatic 1.991e-06  (8.44254e+17 cm^-2)

layer stratosphere
# P 60 mbar
# T 205.135 K
# dP 20 mbar
Pbase 70 mbar
Tbase 201.91 K
Mair 28.964 h2o o3  (28.964)
lineshape Gross ch4 co co2 n2o o2_uncoupled o3
lineshape VVW_coupled o2_coupled
lineshape VVH_750 h2o_lines
column dry_air hydrostatic (0.999995)  (4.24033e+23 cm^-2)
column h2o hydrostatic 4.314e-06  (1.82929e+18 cm^-2)  (* 1.00000)
! Warning: Column included 19 unresolved lines.
column o3 hydrostatic 7.446e-07  (3.15737e+17 cm^-2)

layer troposphere
# P 85 mbar
# T 200.99 K
# dP 30 mbar
Pbase 100 mbar
Tbase 200.22 K
Mair 28.964 h2o o3  (28.964)
lineshape Gross ch4 co co2 n2o o2_uncoupled o3
lineshape VVW_coupled o2_coupled
lineshape VVH_750 h2o_lines
column dry_air hydrostatic (0.999995)  (6.36051e+23 cm^-2)
column h2o hydrostatic 4.314e-06  (2.74393e+18 cm^-2)  (* 1.00000)
! Warning: Column included 18 unresolved lines.
column o3 hydrostatic 2.305e-07  (1.4661e+17 cm^-2)

layer troposphere
# P 112.5 mbar
# T 203.308 K
# dP 25 mbar
Pbase 125 mbar
Tbase 206.07 K
Mair 28.964 h2o o3  (28.964)
lineshape Gross ch4 co co2 n2o o2_uncoupled o3
lineshape VVW_coupled o2_coupled
lineshape VVH_750 h2o_lines
column dry_air hydrostatic (0.999996)  (5.30042e+23 cm^-2)
column h2o hydrostatic 4.314e-06  (2.28661e+18 cm^-2)  (* 1.00000)
column o3 hydrostatic 1.64e-07  (8.69273e+16 cm^-2)

layer troposphere
# P 137.5 mbar
# T 209.599 K
# dP 25 mbar
Pbase 150 mbar
Tbase 212.82 K
Mair 28.964 h2o o3  (28.9639)
lineshape Gross ch4 co co2 n2o o2_uncoupled o3
lineshape VVW_coupled o2_coupled
lineshape VVH_750 h2o_lines
column dry_air hydrostatic (0.999994)  (5.30042e+23 cm^-2)
column h2o hydrostatic 5.883e-06  (3.11825e+18 cm^-2)  (* 1.00000)
column o3 hydrostatic 1.323e-07  (7.01249e+16 cm^-2)

layer troposphere
# P 162.5 mbar
# T 214.788 K
# dP 25 mbar
Pbase 175 mbar
Tbase 216.61 K
Mair 28.964 h2o o3  (28.9639)
lineshape Gross ch4 co co2 n2o o2_uncoupled o3
lineshape VVW_coupled o2_coupled
lineshape VVH_750 h2o_lines
column dry_air hydrostatic (0.99999)  (5.3004e+23 cm^-2)
column h2o hydrostatic 1.006e-05  (5.33226e+18 cm^-2)  (* 1.00000)
column o3 hydrostatic 1.101e-07  (5.8358e+16 cm^-2)

layer troposphere
# P 187.5 mbar
# T 217.282 K
# dP 25 mbar
Pbase 200 mbar
Tbase 217.91 K
Mair 28.964 h2o o3  (28.9638)
lineshape Gross ch4 co co2 n2o o2_uncoupled o3
lineshape VVW_coupled o2_coupled
lineshape VVH_750 h2o_lines
column dry_air hydrostatic (0.999984)  (5.30038e+23 cm^-2)
column h2o hydrostatic 1.625e-05  (8.61326e+18 cm^-2)  (* 1.00000)
column o3 hydrostatic 9.881e-08  (5.23739e+16 cm^-2)

layer troposphere
# P 212.5 mbar
# T 218.78 K
# dP 25 mbar
Pbase 225 mbar
Tbase 219.6 K
Mair 28.964 h2o o3  (28.9637)
lineshape Gross ch4 co co2 n2o o2_uncoupled o3
lineshape VVW_coupled o2_coupled
lineshape VVH_750 h2o_lines
column dry_air hydrostatic (0.999974)  (5.30035e+23 cm^-2)
column h2o hydrostatic 2.61e-05  (1.38343e+19 cm^-2)  (* 1.00000)
column o3 hydrostatic 9.167e-08  (4.85896e+16 cm^-2)

layer troposphere
# P 237.5 mbar
# T 220.857 K
# dP 25 mbar
Pbase 250 mbar
Tbase 222.05 K
Mair 28.964 h2o o3  (28.9635)
lineshape Gross ch4 co co2 n2o o2_uncoupled o3
lineshape VVW_coupled o2_coupled
lineshape VVH_750 h2o_lines
column dry_air hydrostatic (0.999958)  (5.3003e+23 cm^-2)
column h2o hydrostatic 4.227e-05  (2.24053e+19 cm^-2)  (* 1.00000)
column o3 hydrostatic 8.447e-08  (4.47735e+16 cm^-2)

layer troposphere
# P 275 mbar
# T 225.532 K
# dP 50 mbar
Pbase 300 mbar
Tbase 228.71 K
Mair 28.964 h2o o3  (28.9628)
lineshape Gross ch4 co co2 n2o o2_uncoupled o3
lineshape VVW_coupled o2_coupled
lineshape VVH_750 h2o_lines
column dry_air hydrostatic (0.999886)  (1.06001e+24 cm^-2)
column h2o hydrostatic 0.0001138  (1.20643e+20 cm^-2)  (* 1.00000)
column o3 hydrostatic 7.304e-08  (7.74321e+16 cm^-2)

layer troposphere
# P 325 mbar
# T 232.438 K
# dP 50 mbar
Pbase 350 mbar
Tbase 235.89 K
Mair 28.964 h2o o3  (28.961)
lineshape Gross ch4 co co2 n2o o2_uncoupled o3
lineshape VVW_coupled o2_coupled
lineshape VVH_750 h2o_lines
column dry_air hydrostatic (0.999726)  (1.05991e+24 cm^-2)
column h2o hydrostatic 0.0002742  (2.90706e+20 cm^-2)  (* 1.00000)
column o3 hydrostatic 6.307e-08  (6.68666e+16 cm^-2)

layer troposphere
# P 375 mbar
# T 239.192 K
# dP 50 mbar
Pbase 400 mbar
Tbase 242.28 K
Mair 28.964 h2o o3  (28.9582)
lineshape Gross ch4 co co2 n2o o2_uncoupled o3
lineshape VVW_coupled o2_coupled
lineshape VVH_750 h2o_lines
column dry_air hydrostatic (0.999469)  (1.05974e+24 cm^-2)
column h2o hydrostatic 0.0005307  (5.62701e+20 cm^-2)  (* 1.00000)
column o3 hydrostatic 5.706e-08  (6.05007e+16 cm^-2)

layer troposphere
# P 425 mbar
# T 245.626 K
# dP 50 mbar
Pbase 450 mbar
Tbase 248.78 K
Mair 28.964 h2o o3  (28.9533)
lineshape Gross ch4 co co2 n2o o2_uncoupled o3
lineshape VVW_coupled o2_coupled
lineshape VVH_750 h2o_lines
column dry_air hydrostatic (0.999022)  (1.05944e+24 cm^-2)
column h2o hydrostatic 0.0009783  (1.03747e+21 cm^-2)  (* 1.00000)
column o3 hydrostatic 5.451e-08  (5.78067e+16 cm^-2)

layer troposphere
# P 475 mbar
# T 251.777 K
# dP 50 mbar
Pbase 500 mbar
Tbase 254.62 K
Mair 28.964 h2o o3  (28.9483)
lineshape Gross ch4 co co2 n2o o2_uncoupled o3
lineshape VVW_coupled o2_coupled
lineshape VVH_750 h2o_lines
column dry_air hydrostatic (0.998565)  (1.05914e+24 cm^-2)
column h2o hydrostatic 0.001435  (1.52205e+21 cm^-2)  (* 1.00000)
column o3 hydrostatic 5.317e-08  (5.63954e+16 cm^-2)

layer troposphere
# P 525 mbar
# T 256.32 K
# dP 50 mbar
Pbase 550 mbar
Tbase 257.94 K
Mair 28.964 h2o o3  (28.944)
lineshape Gross ch4 co co2 n2o o2_uncoupled o3
lineshape VVW_coupled o2_coupled
lineshape VVH_750 h2o_lines
column dry_air hydrostatic (0.998174)  (1.05888e+24 cm^-2)
column h2o hydrostatic 0.001826  (1.93706e+21 cm^-2)  (* 1.00000)
column o3 hydrostatic 4.827e-08  (5.12058e+16 cm^-2)

layer troposphere
# P 574.59 mbar
# T 260.034 K
# dP 49.18 mbar
Pbase 599.18 mbar (observing level)
Tbase 262.04 K
Mair 28.964 h2o o3  (28.9439)
lineshape Gross ch4 co co2 n2o o2_uncoupled o3
lineshape VVW_coupled o2_coupled
lineshape VVH_750 h2o_lines
column dry_air hydrostatic (0.998165)  (1.04151e+24 cm^-2)
column h2o hydrostatic 0.001835  (1.91469e+21 cm^-2)  (* 1.00000)
column o3 hydrostatic 4.782e-08  (4.98966e+16 cm^-2)

#
# column densities [cm^-2], including scale factors
#
#                           zenith             line-of-sight     
# stratosphere (10 layers):
#                  dry_air  1.484110e+24       1.484110e+24      
#                      h2o  6.723559e+18       6.723559e+18      
#                            (2.01142 um_pwv)   (2.01142 um_pwv)  
#                       o3  4.803652e+18       4.803652e+18      
#                            (178.787 DU)       (178.787 DU)      
#
# troposphere (14 layers):
#                  dry_air  1.121491e+25       1.121491e+25      
#                      h2o  7.443646e+21       7.443646e+21      
#                            (2226.84 um_pwv)   (2226.84 um_pwv)  
#                       o3  9.278617e+17       9.278617e+17      
#                            (34.5341 DU)       (34.5341 DU)      
#
# total (24 layers):
#                  dry_air  1.269902e+25       1.269902e+25      
#                      h2o  7.450369e+21       7.450369e+21      
#                            (2228.85 um_pwv)   (2228.85 um_pwv)  
#                       o3  5.731514e+18       5.731514e+18      
#                            (213.321 DU)       (213.321 DU)      
#

! Warning: Encountered in-band lines narrower than the frequency
!          grid spacing.  The output configuration data includes
!          the unresolved line count after each column definition
!          for which this occurred.  Count: 57

