# am version 13.0 (build date May 30 2024 14:06:47)

# run time 3.126 s

f 10 GHz  1000 GHz  0.025 GHz
output f GHz  tau neper  tx none  Tb K

tol 0.0001
selfbroad_vmr_tol 0.003

geometry plane-parallel
refract none
za 0 deg
PTmode Pbase Tbase

g 980.665 cm*s^-2
dg_dz 0 s^-2

Nscale h2o 1

T0 2.7 K

layer stratosphere
# P 1 mbar
# T 262.18 K
# dP 1 mbar
Pbase 1 mbar
Tbase 262.18 K
Mair 28.964 h2o o3  (28.964)
lineshape Voigt-Kielkopf ch4 co co2 h2o_lines n2o o2_coupled o2_uncoupled o3
column dry_air hydrostatic (0.999991)  (2.12016e+22 cm^-2)
! Warning: Column included 5264 unresolved lines.
column h2o hydrostatic 6.403e-06  (1.35755e+17 cm^-2)  (* 1.00000)
! Warning: Column included 838 unresolved lines.
column o3 hydrostatic 3.071e-06  (6.51106e+16 cm^-2)
! Warning: Column included 33099 unresolved lines.

layer stratosphere
# P 1.5 mbar
# T 262.057 K
# dP 1 mbar
Pbase 2 mbar
Tbase 261.97 K
Mair 28.964 h2o o3  (28.964)
lineshape Gross ch4 co co2 n2o o2_uncoupled o3
lineshape VVW_coupled o2_coupled
lineshape VVH_750 h2o_lines
column dry_air hydrostatic (0.999989)  (2.12015e+22 cm^-2)
! Warning: Column included 5264 unresolved lines.
column h2o hydrostatic 5.881e-06  (1.24687e+17 cm^-2)  (* 1.00000)
! Warning: Column included 838 unresolved lines.
column o3 hydrostatic 4.882e-06  (1.03507e+17 cm^-2)
! Warning: Column included 33099 unresolved lines.

layer stratosphere
# P 2.5 mbar
# T 258.173 K
# dP 1 mbar
Pbase 3 mbar
Tbase 255.07 K
Mair 28.964 h2o o3  (28.9641)
lineshape Gross ch4 co co2 n2o o2_uncoupled o3
lineshape VVW_coupled o2_coupled
lineshape VVH_750 h2o_lines
column dry_air hydrostatic (0.999988)  (2.12015e+22 cm^-2)
! Warning: Column included 5264 unresolved lines.
column h2o hydrostatic 5.881e-06  (1.24687e+17 cm^-2)  (* 1.00000)
! Warning: Column included 838 unresolved lines.
column o3 hydrostatic 6.178e-06  (1.30984e+17 cm^-2)
! Warning: Column included 33099 unresolved lines.

layer stratosphere
# P 4 mbar
# T 248.819 K
# dP 2 mbar
Pbase 5 mbar
Tbase 243.97 K
Mair 28.964 h2o o3  (28.9641)
lineshape Gross ch4 co co2 n2o o2_uncoupled o3
lineshape VVW_coupled o2_coupled
lineshape VVH_750 h2o_lines
column dry_air hydrostatic (0.999987)  (4.24028e+22 cm^-2)
! Warning: Column included 5264 unresolved lines.
column h2o hydrostatic 5.359e-06  (2.2724e+17 cm^-2)  (* 1.00000)
! Warning: Column included 838 unresolved lines.
column o3 hydrostatic 7.81e-06  (3.3117e+17 cm^-2)
! Warning: Column included 33099 unresolved lines.

layer stratosphere
# P 6 mbar
# T 240.551 K
# dP 2 mbar
Pbase 7 mbar
Tbase 237.66 K
Mair 28.964 h2o o3  (28.9641)
lineshape Gross ch4 co co2 n2o o2_uncoupled o3
lineshape VVW_coupled o2_coupled
lineshape VVH_750 h2o_lines
column dry_air hydrostatic (0.999986)  (4.24028e+22 cm^-2)
! Warning: Column included 5264 unresolved lines.
column h2o hydrostatic 5.359e-06  (2.2724e+17 cm^-2)  (* 1.00000)
! Warning: Column included 838 unresolved lines.
column o3 hydrostatic 8.637e-06  (3.66238e+17 cm^-2)
! Warning: Column included 33099 unresolved lines.

layer stratosphere
# P 8.5 mbar
# T 234.9 K
# dP 3 mbar
Pbase 10 mbar
Tbase 232.59 K
Mair 28.964 h2o o3  (28.9641)
lineshape Gross ch4 co co2 n2o o2_uncoupled o3
lineshape VVW_coupled o2_coupled
lineshape VVH_750 h2o_lines
column dry_air hydrostatic (0.999986)  (6.36041e+22 cm^-2)
! Warning: Column included 5085 unresolved lines.
column h2o hydrostatic 5.359e-06  (3.40859e+17 cm^-2)  (* 1.00000)
! Warning: Column included 573 unresolved lines.
column o3 hydrostatic 8.746e-06  (5.56289e+17 cm^-2)
! Warning: Column included 29654 unresolved lines.

layer stratosphere
# P 15 mbar
# T 227.46 K
# dP 10 mbar
Pbase 20 mbar
Tbase 223.82 K
Mair 28.964 h2o o3  (28.9641)
lineshape Gross ch4 co co2 n2o o2_uncoupled o3
lineshape VVW_coupled o2_coupled
lineshape VVH_750 h2o_lines
column dry_air hydrostatic (0.999988)  (2.12014e+23 cm^-2)
! Warning: Column included 1925 unresolved lines.
column h2o hydrostatic 4.836e-06  (1.02531e+18 cm^-2)  (* 1.00000)
! Warning: Column included 154 unresolved lines.
column o3 hydrostatic 6.723e-06  (1.42539e+18 cm^-2)

layer stratosphere
# P 25 mbar
# T 220.931 K
# dP 10 mbar
Pbase 30 mbar
Tbase 218.57 K
Mair 28.964 h2o o3  (28.964)
lineshape Gross ch4 co co2 n2o o2_uncoupled o3
lineshape VVW_coupled o2_coupled
lineshape VVH_750 h2o_lines
column dry_air hydrostatic (0.99999)  (2.12015e+23 cm^-2)
! Warning: Column included 6 unresolved lines.
column h2o hydrostatic 4.836e-06  (1.02532e+18 cm^-2)  (* 1.00000)
! Warning: Column included 45 unresolved lines.
column o3 hydrostatic 4.715e-06  (9.99661e+17 cm^-2)

layer stratosphere
# P 40 mbar
# T 214.301 K
# dP 20 mbar
Pbase 50 mbar
Tbase 210.99 K
Mair 28.964 h2o o3  (28.964)
lineshape Gross ch4 co co2 n2o o2_uncoupled o3
lineshape VVW_coupled o2_coupled
lineshape VVH_750 h2o_lines
column dry_air hydrostatic (0.999993)  (4.24032e+23 cm^-2)
column h2o hydrostatic 4.836e-06  (2.05063e+18 cm^-2)  (* 1.00000)
! Warning: Column included 27 unresolved lines.
column o3 hydrostatic 2.399e-06  (1.01726e+18 cm^-2)

layer stratosphere
# P 60 mbar
# T 208.53 K
# dP 20 mbar
Pbase 70 mbar
Tbase 206.45 K
Mair 28.964 h2o o3  (28.964)
lineshape Gross ch4 co co2 n2o o2_uncoupled o3
lineshape VVW_coupled o2_coupled
lineshape VVH_750 h2o_lines
column dry_air hydrostatic (0.999994)  (4.24033e+23 cm^-2)
column h2o hydrostatic 4.836e-06  (2.05064e+18 cm^-2)  (* 1.00000)
! Warning: Column included 19 unresolved lines.
column o3 hydrostatic 1.105e-06  (4.68559e+17 cm^-2)

layer troposphere
# P 85 mbar
# T 207.316 K
# dP 30 mbar
Pbase 100 mbar
Tbase 208.04 K
Mair 28.964 h2o o3  (28.964)
lineshape Gross ch4 co co2 n2o o2_uncoupled o3
lineshape VVW_coupled o2_coupled
lineshape VVH_750 h2o_lines
column dry_air hydrostatic (0.999994)  (6.3605e+23 cm^-2)
column h2o hydrostatic 5.359e-06  (3.40861e+18 cm^-2)  (* 1.00000)
! Warning: Column included 18 unresolved lines.
column o3 hydrostatic 4.611e-07  (2.93284e+17 cm^-2)

layer troposphere
# P 112.5 mbar
# T 210.025 K
# dP 25 mbar
Pbase 125 mbar
Tbase 211.8 K
Mair 28.964 h2o o3  (28.9639)
lineshape Gross ch4 co co2 n2o o2_uncoupled o3
lineshape VVW_coupled o2_coupled
lineshape VVH_750 h2o_lines
column dry_air hydrostatic (0.999993)  (5.30041e+23 cm^-2)
column h2o hydrostatic 6.406e-06  (3.39547e+18 cm^-2)  (* 1.00000)
column o3 hydrostatic 3.163e-07  (1.67653e+17 cm^-2)

layer troposphere
# P 137.5 mbar
# T 213.682 K
# dP 25 mbar
Pbase 150 mbar
Tbase 215.4 K
Mair 28.964 h2o o3  (28.9639)
lineshape Gross ch4 co co2 n2o o2_uncoupled o3
lineshape VVW_coupled o2_coupled
lineshape VVH_750 h2o_lines
column dry_air hydrostatic (0.99999)  (5.3004e+23 cm^-2)
column h2o hydrostatic 1.003e-05  (5.31636e+18 cm^-2)  (* 1.00000)
column o3 hydrostatic 2.491e-07  (1.32034e+17 cm^-2)

layer troposphere
# P 162.5 mbar
# T 217.622 K
# dP 25 mbar
Pbase 175 mbar
Tbase 219.68 K
Mair 28.964 h2o o3  (28.9638)
lineshape Gross ch4 co co2 n2o o2_uncoupled o3
lineshape VVW_coupled o2_coupled
lineshape VVH_750 h2o_lines
column dry_air hydrostatic (0.999982)  (5.30038e+23 cm^-2)
column h2o hydrostatic 1.821e-05  (9.65216e+18 cm^-2)  (* 1.00000)
column o3 hydrostatic 2.213e-07  (1.17299e+17 cm^-2)

layer troposphere
# P 187.5 mbar
# T 222.837 K
# dP 25 mbar
Pbase 200 mbar
Tbase 225.79 K
Mair 28.964 h2o o3  (28.9636)
lineshape Gross ch4 co co2 n2o o2_uncoupled o3
lineshape VVW_coupled o2_coupled
lineshape VVH_750 h2o_lines
column dry_air hydrostatic (0.999964)  (5.30032e+23 cm^-2)
column h2o hydrostatic 3.56e-05  (1.88698e+19 cm^-2)  (* 1.00000)
column o3 hydrostatic 1.899e-07  (1.00657e+17 cm^-2)

layer troposphere
# P 212.5 mbar
# T 228.41 K
# dP 25 mbar
Pbase 225 mbar
Tbase 230.88 K
Mair 28.964 h2o o3  (28.9633)
lineshape Gross ch4 co co2 n2o o2_uncoupled o3
lineshape VVW_coupled o2_coupled
lineshape VVH_750 h2o_lines
column dry_air hydrostatic (0.999931)  (5.30021e+23 cm^-2)
column h2o hydrostatic 6.866e-05  (3.63937e+19 cm^-2)  (* 1.00000)
column o3 hydrostatic 1.618e-07  (8.57633e+16 cm^-2)

layer troposphere
# P 237.5 mbar
# T 233.359 K
# dP 25 mbar
Pbase 250 mbar
Tbase 235.71 K
Mair 28.964 h2o o3  (28.9627)
lineshape Gross ch4 co co2 n2o o2_uncoupled o3
lineshape VVW_coupled o2_coupled
lineshape VVH_750 h2o_lines
column dry_air hydrostatic (0.999883)  (5.30005e+23 cm^-2)
column h2o hydrostatic 0.0001173  (6.21769e+19 cm^-2)  (* 1.00000)
column o3 hydrostatic 1.321e-07  (7.00219e+16 cm^-2)

layer troposphere
# P 275 mbar
# T 240.007 K
# dP 50 mbar
Pbase 300 mbar
Tbase 243.93 K
Mair 28.964 h2o o3  (28.9603)
lineshape Gross ch4 co co2 n2o o2_uncoupled o3
lineshape VVW_coupled o2_coupled
lineshape VVH_750 h2o_lines
column dry_air hydrostatic (0.99966)  (1.05986e+24 cm^-2)
column h2o hydrostatic 0.0003399  (3.6037e+20 cm^-2)  (* 1.00000)
column o3 hydrostatic 9.205e-08  (9.75936e+16 cm^-2)

layer troposphere
# P 325 mbar
# T 247.321 K
# dP 50 mbar
Pbase 350 mbar
Tbase 250.46 K
Mair 28.964 h2o o3  (28.9547)
lineshape Gross ch4 co co2 n2o o2_uncoupled o3
lineshape VVW_coupled o2_coupled
lineshape VVH_750 h2o_lines
column dry_air hydrostatic (0.999155)  (1.05953e+24 cm^-2)
column h2o hydrostatic 0.000845  (8.9606e+20 cm^-2)  (* 1.00000)
column o3 hydrostatic 7.763e-08  (8.23209e+16 cm^-2)

layer troposphere
# P 375 mbar
# T 253.581 K
# dP 50 mbar
Pbase 400 mbar
Tbase 256.5 K
Mair 28.964 h2o o3  (28.9443)
lineshape Gross ch4 co co2 n2o o2_uncoupled o3
lineshape VVW_coupled o2_coupled
lineshape VVH_750 h2o_lines
column dry_air hydrostatic (0.998203)  (1.0589e+24 cm^-2)
column h2o hydrostatic 0.001797  (1.90627e+21 cm^-2)  (* 1.00000)
column o3 hydrostatic 7.323e-08  (7.7683e+16 cm^-2)

layer troposphere
# P 425 mbar
# T 259.346 K
# dP 50 mbar
Pbase 450 mbar
Tbase 262.03 K
Mair 28.964 h2o o3  (28.9282)
lineshape Gross ch4 co co2 n2o o2_uncoupled o3
lineshape VVW_coupled o2_coupled
lineshape VVH_750 h2o_lines
column dry_air hydrostatic (0.996731)  (1.05793e+24 cm^-2)
column h2o hydrostatic 0.003269  (3.46971e+21 cm^-2)  (* 1.00000)
column o3 hydrostatic 6.654e-08  (7.06255e+16 cm^-2)

layer troposphere
# P 475 mbar
# T 265.227 K
# dP 50 mbar
Pbase 500 mbar
Tbase 268.26 K
Mair 28.964 h2o o3  (28.9116)
lineshape Gross ch4 co co2 n2o o2_uncoupled o3
lineshape VVW_coupled o2_coupled
lineshape VVH_750 h2o_lines
column dry_air hydrostatic (0.995212)  (1.05692e+24 cm^-2)
column h2o hydrostatic 0.004788  (5.0849e+21 cm^-2)  (* 1.00000)
column o3 hydrostatic 6.121e-08  (6.50056e+16 cm^-2)

layer troposphere
# P 525 mbar
# T 271.173 K
# dP 50 mbar
Pbase 550 mbar
Tbase 273.95 K
Mair 28.964 h2o o3  (28.8964)
lineshape Gross ch4 co co2 n2o o2_uncoupled o3
lineshape VVW_coupled o2_coupled
lineshape VVH_750 h2o_lines
column dry_air hydrostatic (0.993827)  (1.05601e+24 cm^-2)
column h2o hydrostatic 0.006173  (6.55923e+21 cm^-2)  (* 1.00000)
column o3 hydrostatic 5.547e-08  (5.89406e+16 cm^-2)

layer troposphere
# P 574.59 mbar
# T 275.702 K
# dP 49.18 mbar
Pbase 599.18 mbar (observing level)
Tbase 277.38 K
Mair 28.964 h2o o3  (28.8953)
lineshape Gross ch4 co co2 n2o o2_uncoupled o3
lineshape VVW_coupled o2_coupled
lineshape VVH_750 h2o_lines
column dry_air hydrostatic (0.993723)  (1.03862e+24 cm^-2)
column h2o hydrostatic 0.006277  (6.56061e+21 cm^-2)  (* 1.00000)
column o3 hydrostatic 5.495e-08  (5.74327e+16 cm^-2)

#
# column densities [cm^-2], including scale factors
#
#                           zenith             line-of-sight     
# stratosphere (10 layers):
#                  dry_air  1.484109e+24       1.484109e+24      
#                      h2o  7.332366e+18       7.332366e+18      
#                            (2.19355 um_pwv)   (2.19355 um_pwv)  
#                       o3  5.464169e+18       5.464169e+18      
#                            (203.371 DU)       (203.371 DU)      
#
# troposphere (14 layers):
#                  dry_air  1.120400e+25       1.120400e+25      
#                      h2o  2.497636e+22       2.497636e+22      
#                            (7471.91 um_pwv)   (7471.91 um_pwv)  
#                       o3  1.476315e+18       1.476315e+18      
#                            (54.947 DU)        (54.947 DU)       
#
# total (24 layers):
#                  dry_air  1.268811e+25       1.268811e+25      
#                      h2o  2.498370e+22       2.498370e+22      
#                            (7474.11 um_pwv)   (7474.11 um_pwv)  
#                       o3  6.940485e+18       6.940485e+18      
#                            (258.318 DU)       (258.318 DU)      
#

! Warning: Encountered in-band lines narrower than the frequency
!          grid spacing.  The output configuration data includes
!          the unresolved line count after each column definition
!          for which this occurred.  Count: 57

