# am version 13.0 (build date May 30 2024 14:06:47)

# run time 3.168 s

f 10 GHz  1000 GHz  0.025 GHz
output f GHz  tau neper  tx none  Tb K

tol 0.0001
selfbroad_vmr_tol 0.003

geometry plane-parallel
refract none
za 0 deg
PTmode Pbase Tbase

g 980.665 cm*s^-2
dg_dz 0 s^-2

Nscale h2o 1

T0 2.7 K

layer stratosphere
# P 1 mbar
# T 260.26 K
# dP 1 mbar
Pbase 1 mbar
Tbase 260.26 K
Mair 28.964 h2o o3  (28.964)
lineshape Voigt-Kielkopf ch4 co co2 h2o_lines n2o o2_coupled o2_uncoupled o3
column dry_air hydrostatic (0.999991)  (2.12016e+22 cm^-2)
! Warning: Column included 5264 unresolved lines.
column h2o hydrostatic 6.403e-06  (1.35755e+17 cm^-2)  (* 1.00000)
! Warning: Column included 838 unresolved lines.
column o3 hydrostatic 2.995e-06  (6.34993e+16 cm^-2)
! Warning: Column included 33099 unresolved lines.

layer stratosphere
# P 1.5 mbar
# T 259.154 K
# dP 1 mbar
Pbase 2 mbar
Tbase 258.37 K
Mair 28.964 h2o o3  (28.964)
lineshape Gross ch4 co co2 n2o o2_uncoupled o3
lineshape VVW_coupled o2_coupled
lineshape VVH_750 h2o_lines
column dry_air hydrostatic (0.99999)  (2.12015e+22 cm^-2)
! Warning: Column included 5264 unresolved lines.
column h2o hydrostatic 5.881e-06  (1.24687e+17 cm^-2)  (* 1.00000)
! Warning: Column included 838 unresolved lines.
column o3 hydrostatic 4.559e-06  (9.66587e+16 cm^-2)
! Warning: Column included 33099 unresolved lines.

layer stratosphere
# P 2.5 mbar
# T 254.831 K
# dP 1 mbar
Pbase 3 mbar
Tbase 251.94 K
Mair 28.964 h2o o3  (28.964)
lineshape Gross ch4 co co2 n2o o2_uncoupled o3
lineshape VVW_coupled o2_coupled
lineshape VVH_750 h2o_lines
column dry_air hydrostatic (0.999988)  (2.12015e+22 cm^-2)
! Warning: Column included 5264 unresolved lines.
column h2o hydrostatic 5.881e-06  (1.24687e+17 cm^-2)  (* 1.00000)
! Warning: Column included 838 unresolved lines.
column o3 hydrostatic 5.87e-06  (1.24454e+17 cm^-2)
! Warning: Column included 33099 unresolved lines.

layer stratosphere
# P 4 mbar
# T 246.224 K
# dP 2 mbar
Pbase 5 mbar
Tbase 241.79 K
Mair 28.964 h2o o3  (28.9641)
lineshape Gross ch4 co co2 n2o o2_uncoupled o3
lineshape VVW_coupled o2_coupled
lineshape VVH_750 h2o_lines
column dry_air hydrostatic (0.999987)  (4.24028e+22 cm^-2)
! Warning: Column included 5264 unresolved lines.
column h2o hydrostatic 5.359e-06  (2.2724e+17 cm^-2)  (* 1.00000)
! Warning: Column included 838 unresolved lines.
column o3 hydrostatic 7.597e-06  (3.22138e+17 cm^-2)
! Warning: Column included 33099 unresolved lines.

layer stratosphere
# P 6 mbar
# T 238.658 K
# dP 2 mbar
Pbase 7 mbar
Tbase 236.01 K
Mair 28.964 h2o o3  (28.9641)
lineshape Gross ch4 co co2 n2o o2_uncoupled o3
lineshape VVW_coupled o2_coupled
lineshape VVH_750 h2o_lines
column dry_air hydrostatic (0.999986)  (4.24028e+22 cm^-2)
! Warning: Column included 5264 unresolved lines.
column h2o hydrostatic 5.359e-06  (2.2724e+17 cm^-2)  (* 1.00000)
! Warning: Column included 838 unresolved lines.
column o3 hydrostatic 8.296e-06  (3.51778e+17 cm^-2)
! Warning: Column included 33099 unresolved lines.

layer stratosphere
# P 8.5 mbar
# T 233.158 K
# dP 3 mbar
Pbase 10 mbar
Tbase 230.77 K
Mair 28.964 h2o o3  (28.9641)
lineshape Gross ch4 co co2 n2o o2_uncoupled o3
lineshape VVW_coupled o2_coupled
lineshape VVH_750 h2o_lines
column dry_air hydrostatic (0.999987)  (6.36042e+22 cm^-2)
! Warning: Column included 5067 unresolved lines.
column h2o hydrostatic 4.836e-06  (3.07594e+17 cm^-2)  (* 1.00000)
! Warning: Column included 563 unresolved lines.
column o3 hydrostatic 8.363e-06  (5.31929e+17 cm^-2)
! Warning: Column included 29654 unresolved lines.

layer stratosphere
# P 15 mbar
# T 226.02 K
# dP 10 mbar
Pbase 20 mbar
Tbase 222.65 K
Mair 28.964 h2o o3  (28.9641)
lineshape Gross ch4 co co2 n2o o2_uncoupled o3
lineshape VVW_coupled o2_coupled
lineshape VVH_750 h2o_lines
column dry_air hydrostatic (0.999989)  (2.12015e+23 cm^-2)
! Warning: Column included 1925 unresolved lines.
column h2o hydrostatic 4.836e-06  (1.02531e+18 cm^-2)  (* 1.00000)
! Warning: Column included 153 unresolved lines.
column o3 hydrostatic 6.542e-06  (1.38702e+18 cm^-2)

layer stratosphere
# P 25 mbar
# T 219.909 K
# dP 10 mbar
Pbase 30 mbar
Tbase 217.67 K
Mair 28.964 h2o o3  (28.964)
lineshape Gross ch4 co co2 n2o o2_uncoupled o3
lineshape VVW_coupled o2_coupled
lineshape VVH_750 h2o_lines
column dry_air hydrostatic (0.999991)  (2.12015e+23 cm^-2)
! Warning: Column included 6 unresolved lines.
column h2o hydrostatic 4.836e-06  (1.02532e+18 cm^-2)  (* 1.00000)
! Warning: Column included 45 unresolved lines.
column o3 hydrostatic 4.586e-06  (9.72311e+17 cm^-2)

layer stratosphere
# P 40 mbar
# T 213.305 K
# dP 20 mbar
Pbase 50 mbar
Tbase 209.92 K
Mair 28.964 h2o o3  (28.964)
lineshape Gross ch4 co co2 n2o o2_uncoupled o3
lineshape VVW_coupled o2_coupled
lineshape VVH_750 h2o_lines
column dry_air hydrostatic (0.999994)  (4.24032e+23 cm^-2)
column h2o hydrostatic 4.314e-06  (1.82929e+18 cm^-2)  (* 1.00000)
! Warning: Column included 27 unresolved lines.
column o3 hydrostatic 2.153e-06  (9.12948e+17 cm^-2)

layer stratosphere
# P 60 mbar
# T 206.864 K
# dP 20 mbar
Pbase 70 mbar
Tbase 204.28 K
Mair 28.964 h2o o3  (28.964)
lineshape Gross ch4 co co2 n2o o2_uncoupled o3
lineshape VVW_coupled o2_coupled
lineshape VVH_750 h2o_lines
column dry_air hydrostatic (0.999995)  (4.24033e+23 cm^-2)
column h2o hydrostatic 4.314e-06  (1.82929e+18 cm^-2)  (* 1.00000)
! Warning: Column included 19 unresolved lines.
column o3 hydrostatic 9.08e-07  (3.85024e+17 cm^-2)

layer troposphere
# P 85 mbar
# T 205.069 K
# dP 30 mbar
Pbase 100 mbar
Tbase 205.73 K
Mair 28.964 h2o o3  (28.964)
lineshape Gross ch4 co co2 n2o o2_uncoupled o3
lineshape VVW_coupled o2_coupled
lineshape VVH_750 h2o_lines
column dry_air hydrostatic (0.999995)  (6.3605e+23 cm^-2)
column h2o hydrostatic 4.81e-06  (3.05942e+18 cm^-2)  (* 1.00000)
! Warning: Column included 18 unresolved lines.
column o3 hydrostatic 3.469e-07  (2.20647e+17 cm^-2)

layer troposphere
# P 112.5 mbar
# T 207.973 K
# dP 25 mbar
Pbase 125 mbar
Tbase 209.98 K
Mair 28.964 h2o o3  (28.9639)
lineshape Gross ch4 co co2 n2o o2_uncoupled o3
lineshape VVW_coupled o2_coupled
lineshape VVH_750 h2o_lines
column dry_air hydrostatic (0.999994)  (5.30042e+23 cm^-2)
column h2o hydrostatic 5.359e-06  (2.84051e+18 cm^-2)  (* 1.00000)
column o3 hydrostatic 2.313e-07  (1.22599e+17 cm^-2)

layer troposphere
# P 137.5 mbar
# T 212.16 K
# dP 25 mbar
Pbase 150 mbar
Tbase 214.15 K
Mair 28.964 h2o o3  (28.9639)
lineshape Gross ch4 co co2 n2o o2_uncoupled o3
lineshape VVW_coupled o2_coupled
lineshape VVH_750 h2o_lines
column dry_air hydrostatic (0.999992)  (5.30041e+23 cm^-2)
column h2o hydrostatic 7.444e-06  (3.94566e+18 cm^-2)  (* 1.00000)
column o3 hydrostatic 1.79e-07  (9.48781e+16 cm^-2)

layer troposphere
# P 162.5 mbar
# T 216.154 K
# dP 25 mbar
Pbase 175 mbar
Tbase 218.01 K
Mair 28.964 h2o o3  (28.9639)
lineshape Gross ch4 co co2 n2o o2_uncoupled o3
lineshape VVW_coupled o2_coupled
lineshape VVH_750 h2o_lines
column dry_air hydrostatic (0.999987)  (5.3004e+23 cm^-2)
column h2o hydrostatic 1.243e-05  (6.58847e+18 cm^-2)  (* 1.00000)
column o3 hydrostatic 1.51e-07  (8.0037e+16 cm^-2)

layer troposphere
# P 187.5 mbar
# T 219.178 K
# dP 25 mbar
Pbase 200 mbar
Tbase 220.27 K
Mair 28.964 h2o o3  (28.9638)
lineshape Gross ch4 co co2 n2o o2_uncoupled o3
lineshape VVW_coupled o2_coupled
lineshape VVH_750 h2o_lines
column dry_air hydrostatic (0.999979)  (5.30037e+23 cm^-2)
column h2o hydrostatic 2.085e-05  (1.10515e+19 cm^-2)  (* 1.00000)
column o3 hydrostatic 1.351e-07  (7.16095e+16 cm^-2)

layer troposphere
# P 212.5 mbar
# T 221.639 K
# dP 25 mbar
Pbase 225 mbar
Tbase 222.93 K
Mair 28.964 h2o o3  (28.9636)
lineshape Gross ch4 co co2 n2o o2_uncoupled o3
lineshape VVW_coupled o2_coupled
lineshape VVH_750 h2o_lines
column dry_air hydrostatic (0.999963)  (5.30031e+23 cm^-2)
column h2o hydrostatic 3.691e-05  (1.95642e+19 cm^-2)  (* 1.00000)
column o3 hydrostatic 1.197e-07  (6.34471e+16 cm^-2)

layer troposphere
# P 237.5 mbar
# T 224.362 K
# dP 25 mbar
Pbase 250 mbar
Tbase 225.72 K
Mair 28.964 h2o o3  (28.9633)
lineshape Gross ch4 co co2 n2o o2_uncoupled o3
lineshape VVW_coupled o2_coupled
lineshape VVH_750 h2o_lines
column dry_air hydrostatic (0.999934)  (5.30022e+23 cm^-2)
column h2o hydrostatic 6.609e-05  (3.50315e+19 cm^-2)  (* 1.00000)
column o3 hydrostatic 1.047e-07  (5.5497e+16 cm^-2)

layer troposphere
# P 275 mbar
# T 229.5 K
# dP 50 mbar
Pbase 300 mbar
Tbase 232.95 K
Mair 28.964 h2o o3  (28.962)
lineshape Gross ch4 co co2 n2o o2_uncoupled o3
lineshape VVW_coupled o2_coupled
lineshape VVH_750 h2o_lines
column dry_air hydrostatic (0.999818)  (1.05997e+24 cm^-2)
column h2o hydrostatic 0.0001815  (1.92419e+20 cm^-2)  (* 1.00000)
column o3 hydrostatic 7.91e-08  (8.38587e+16 cm^-2)

layer troposphere
# P 325 mbar
# T 236.964 K
# dP 50 mbar
Pbase 350 mbar
Tbase 240.68 K
Mair 28.964 h2o o3  (28.9597)
lineshape Gross ch4 co co2 n2o o2_uncoupled o3
lineshape VVW_coupled o2_coupled
lineshape VVH_750 h2o_lines
column dry_air hydrostatic (0.999608)  (1.05983e+24 cm^-2)
column h2o hydrostatic 0.0003918  (4.15404e+20 cm^-2)  (* 1.00000)
column o3 hydrostatic 6.843e-08  (7.25525e+16 cm^-2)

layer troposphere
# P 375 mbar
# T 244.493 K
# dP 50 mbar
Pbase 400 mbar
Tbase 248.06 K
Mair 28.964 h2o o3  (28.9557)
lineshape Gross ch4 co co2 n2o o2_uncoupled o3
lineshape VVW_coupled o2_coupled
lineshape VVH_750 h2o_lines
column dry_air hydrostatic (0.999239)  (1.05959e+24 cm^-2)
column h2o hydrostatic 0.0007611  (8.07065e+20 cm^-2)  (* 1.00000)
column o3 hydrostatic 6.302e-08  (6.68259e+16 cm^-2)

layer troposphere
# P 425 mbar
# T 251.385 K
# dP 50 mbar
Pbase 450 mbar
Tbase 254.52 K
Mair 28.964 h2o o3  (28.9488)
lineshape Gross ch4 co co2 n2o o2_uncoupled o3
lineshape VVW_coupled o2_coupled
lineshape VVH_750 h2o_lines
column dry_air hydrostatic (0.998608)  (1.05917e+24 cm^-2)
column h2o hydrostatic 0.001392  (1.47642e+21 cm^-2)  (* 1.00000)
column o3 hydrostatic 5.886e-08  (6.24296e+16 cm^-2)

layer troposphere
# P 475 mbar
# T 257.686 K
# dP 50 mbar
Pbase 500 mbar
Tbase 260.69 K
Mair 28.964 h2o o3  (28.9406)
lineshape Gross ch4 co co2 n2o o2_uncoupled o3
lineshape VVW_coupled o2_coupled
lineshape VVH_750 h2o_lines
column dry_air hydrostatic (0.997862)  (1.05868e+24 cm^-2)
column h2o hydrostatic 0.002138  (2.2683e+21 cm^-2)  (* 1.00000)
column o3 hydrostatic 5.62e-08  (5.96251e+16 cm^-2)

layer troposphere
# P 525 mbar
# T 263.122 K
# dP 50 mbar
Pbase 550 mbar
Tbase 265.44 K
Mair 28.964 h2o o3  (28.9318)
lineshape Gross ch4 co co2 n2o o2_uncoupled o3
lineshape VVW_coupled o2_coupled
lineshape VVH_750 h2o_lines
column dry_air hydrostatic (0.997058)  (1.05815e+24 cm^-2)
column h2o hydrostatic 0.002942  (3.12225e+21 cm^-2)  (* 1.00000)
column o3 hydrostatic 5.227e-08  (5.54725e+16 cm^-2)

layer troposphere
# P 574.59 mbar
# T 267.626 K
# dP 49.18 mbar
Pbase 599.18 mbar (observing level)
Tbase 269.72 K
Mair 28.964 h2o o3  (28.9304)
lineshape Gross ch4 co co2 n2o o2_uncoupled o3
lineshape VVW_coupled o2_coupled
lineshape VVH_750 h2o_lines
column dry_air hydrostatic (0.996931)  (1.04071e+24 cm^-2)
column h2o hydrostatic 0.003069  (3.20377e+21 cm^-2)  (* 1.00000)
column o3 hydrostatic 5.164e-08  (5.39077e+16 cm^-2)

#
# column densities [cm^-2], including scale factors
#
#                           zenith             line-of-sight     
# stratosphere (10 layers):
#                  dry_air  1.484110e+24       1.484110e+24      
#                      h2o  6.856408e+18       6.856408e+18      
#                            (2.05116 um_pwv)   (2.05116 um_pwv)  
#                       o3  5.147755e+18       5.147755e+18      
#                            (191.594 DU)       (191.594 DU)      
#
# troposphere (14 layers):
#                  dry_air  1.121234e+25       1.121234e+25      
#                      h2o  1.156771e+22       1.156771e+22      
#                            (3460.59 um_pwv)   (3460.59 um_pwv)  
#                       o3  1.163387e+18       1.163387e+18      
#                            (43.3001 DU)       (43.3001 DU)      
#
# total (24 layers):
#                  dry_air  1.269645e+25       1.269645e+25      
#                      h2o  1.157456e+22       1.157456e+22      
#                            (3462.64 um_pwv)   (3462.64 um_pwv)  
#                       o3  6.311142e+18       6.311142e+18      
#                            (234.894 DU)       (234.894 DU)      
#

! Warning: Encountered in-band lines narrower than the frequency
!          grid spacing.  The output configuration data includes
!          the unresolved line count after each column definition
!          for which this occurred.  Count: 57

