# am version 13.0 (build date May 30 2024 14:06:47)

# run time 3.186 s

f 10 GHz  1000 GHz  0.025 GHz
output f GHz  tau neper  tx none  Tb K

tol 0.0001
selfbroad_vmr_tol 0.003

geometry plane-parallel
refract none
za 0 deg
PTmode Pbase Tbase

g 980.665 cm*s^-2
dg_dz 0 s^-2

Nscale h2o 1

T0 2.7 K

layer stratosphere
# P 1 mbar
# T 259.75 K
# dP 1 mbar
Pbase 1 mbar
Tbase 259.75 K
Mair 28.964 h2o o3  (28.964)
lineshape Voigt-Kielkopf ch4 co co2 h2o_lines n2o o2_coupled o2_uncoupled o3
column dry_air hydrostatic (0.999991)  (2.12016e+22 cm^-2)
! Warning: Column included 5264 unresolved lines.
column h2o hydrostatic 6.403e-06  (1.35755e+17 cm^-2)  (* 1.00000)
! Warning: Column included 838 unresolved lines.
column o3 hydrostatic 3.07e-06  (6.50894e+16 cm^-2)
! Warning: Column included 33099 unresolved lines.

layer stratosphere
# P 1.5 mbar
# T 259.604 K
# dP 1 mbar
Pbase 2 mbar
Tbase 259.5 K
Mair 28.964 h2o o3  (28.964)
lineshape Gross ch4 co co2 n2o o2_uncoupled o3
lineshape VVW_coupled o2_coupled
lineshape VVH_750 h2o_lines
column dry_air hydrostatic (0.999989)  (2.12015e+22 cm^-2)
! Warning: Column included 5264 unresolved lines.
column h2o hydrostatic 5.881e-06  (1.24687e+17 cm^-2)  (* 1.00000)
! Warning: Column included 838 unresolved lines.
column o3 hydrostatic 4.829e-06  (1.02383e+17 cm^-2)
! Warning: Column included 33099 unresolved lines.

layer stratosphere
# P 2.5 mbar
# T 255.851 K
# dP 1 mbar
Pbase 3 mbar
Tbase 252.87 K
Mair 28.964 h2o o3  (28.964)
lineshape Gross ch4 co co2 n2o o2_uncoupled o3
lineshape VVW_coupled o2_coupled
lineshape VVH_750 h2o_lines
column dry_air hydrostatic (0.999988)  (2.12015e+22 cm^-2)
! Warning: Column included 5264 unresolved lines.
column h2o hydrostatic 5.881e-06  (1.24687e+17 cm^-2)  (* 1.00000)
! Warning: Column included 838 unresolved lines.
column o3 hydrostatic 5.967e-06  (1.26511e+17 cm^-2)
! Warning: Column included 33099 unresolved lines.

layer stratosphere
# P 4 mbar
# T 246.85 K
# dP 2 mbar
Pbase 5 mbar
Tbase 242.18 K
Mair 28.964 h2o o3  (28.9641)
lineshape Gross ch4 co co2 n2o o2_uncoupled o3
lineshape VVW_coupled o2_coupled
lineshape VVH_750 h2o_lines
column dry_air hydrostatic (0.999987)  (4.24028e+22 cm^-2)
! Warning: Column included 5264 unresolved lines.
column h2o hydrostatic 5.881e-06  (2.49374e+17 cm^-2)  (* 1.00000)
! Warning: Column included 838 unresolved lines.
column o3 hydrostatic 7.116e-06  (3.01743e+17 cm^-2)
! Warning: Column included 33099 unresolved lines.

layer stratosphere
# P 6 mbar
# T 238.869 K
# dP 2 mbar
Pbase 7 mbar
Tbase 236.07 K
Mair 28.964 h2o o3  (28.9641)
lineshape Gross ch4 co co2 n2o o2_uncoupled o3
lineshape VVW_coupled o2_coupled
lineshape VVH_750 h2o_lines
column dry_air hydrostatic (0.999987)  (4.24028e+22 cm^-2)
! Warning: Column included 5264 unresolved lines.
column h2o hydrostatic 5.359e-06  (2.2724e+17 cm^-2)  (* 1.00000)
! Warning: Column included 838 unresolved lines.
column o3 hydrostatic 7.607e-06  (3.22562e+17 cm^-2)
! Warning: Column included 33099 unresolved lines.

layer stratosphere
# P 8.5 mbar
# T 233.261 K
# dP 3 mbar
Pbase 10 mbar
Tbase 230.91 K
Mair 28.964 h2o o3  (28.9641)
lineshape Gross ch4 co co2 n2o o2_uncoupled o3
lineshape VVW_coupled o2_coupled
lineshape VVH_750 h2o_lines
column dry_air hydrostatic (0.999987)  (6.36042e+22 cm^-2)
! Warning: Column included 5067 unresolved lines.
column h2o hydrostatic 5.359e-06  (3.40859e+17 cm^-2)  (* 1.00000)
! Warning: Column included 563 unresolved lines.
column o3 hydrostatic 7.657e-06  (4.87024e+17 cm^-2)
! Warning: Column included 29654 unresolved lines.

layer stratosphere
# P 15 mbar
# T 225.786 K
# dP 10 mbar
Pbase 20 mbar
Tbase 222.15 K
Mair 28.964 h2o o3  (28.9641)
lineshape Gross ch4 co co2 n2o o2_uncoupled o3
lineshape VVW_coupled o2_coupled
lineshape VVH_750 h2o_lines
column dry_air hydrostatic (0.999989)  (2.12015e+23 cm^-2)
! Warning: Column included 1925 unresolved lines.
column h2o hydrostatic 4.836e-06  (1.02531e+18 cm^-2)  (* 1.00000)
! Warning: Column included 151 unresolved lines.
column o3 hydrostatic 6.361e-06  (1.34864e+18 cm^-2)

layer stratosphere
# P 25 mbar
# T 219.547 K
# dP 10 mbar
Pbase 30 mbar
Tbase 217.42 K
Mair 28.964 h2o o3  (28.964)
lineshape Gross ch4 co co2 n2o o2_uncoupled o3
lineshape VVW_coupled o2_coupled
lineshape VVH_750 h2o_lines
column dry_air hydrostatic (0.99999)  (2.12015e+23 cm^-2)
! Warning: Column included 6 unresolved lines.
column h2o hydrostatic 4.836e-06  (1.02532e+18 cm^-2)  (* 1.00000)
! Warning: Column included 45 unresolved lines.
column o3 hydrostatic 4.826e-06  (1.0232e+18 cm^-2)

layer stratosphere
# P 40 mbar
# T 213.799 K
# dP 20 mbar
Pbase 50 mbar
Tbase 210.99 K
Mair 28.964 h2o o3  (28.964)
lineshape Gross ch4 co co2 n2o o2_uncoupled o3
lineshape VVW_coupled o2_coupled
lineshape VVH_750 h2o_lines
column dry_air hydrostatic (0.999993)  (4.24032e+23 cm^-2)
column h2o hydrostatic 4.836e-06  (2.05063e+18 cm^-2)  (* 1.00000)
! Warning: Column included 27 unresolved lines.
column o3 hydrostatic 2.621e-06  (1.1114e+18 cm^-2)

layer stratosphere
# P 60 mbar
# T 209.126 K
# dP 20 mbar
Pbase 70 mbar
Tbase 207.55 K
Mair 28.964 h2o o3  (28.964)
lineshape Gross ch4 co co2 n2o o2_uncoupled o3
lineshape VVW_coupled o2_coupled
lineshape VVH_750 h2o_lines
column dry_air hydrostatic (0.999994)  (4.24033e+23 cm^-2)
column h2o hydrostatic 4.836e-06  (2.05064e+18 cm^-2)  (* 1.00000)
! Warning: Column included 19 unresolved lines.
column o3 hydrostatic 1.304e-06  (5.52942e+17 cm^-2)

layer troposphere
# P 85 mbar
# T 208.639 K
# dP 30 mbar
Pbase 100 mbar
Tbase 209.55 K
Mair 28.964 h2o o3  (28.964)
lineshape Gross ch4 co co2 n2o o2_uncoupled o3
lineshape VVW_coupled o2_coupled
lineshape VVH_750 h2o_lines
column dry_air hydrostatic (0.999995)  (6.3605e+23 cm^-2)
column h2o hydrostatic 4.836e-06  (3.07595e+18 cm^-2)  (* 1.00000)
! Warning: Column included 18 unresolved lines.
column o3 hydrostatic 5.561e-07  (3.53709e+17 cm^-2)

layer troposphere
# P 112.5 mbar
# T 211.36 K
# dP 25 mbar
Pbase 125 mbar
Tbase 212.98 K
Mair 28.964 h2o o3  (28.9639)
lineshape Gross ch4 co co2 n2o o2_uncoupled o3
lineshape VVW_coupled o2_coupled
lineshape VVH_750 h2o_lines
column dry_air hydrostatic (0.999994)  (5.30042e+23 cm^-2)
column h2o hydrostatic 5.359e-06  (2.84051e+18 cm^-2)  (* 1.00000)
column o3 hydrostatic 3.661e-07  (1.94049e+17 cm^-2)

layer troposphere
# P 137.5 mbar
# T 214.465 K
# dP 25 mbar
Pbase 150 mbar
Tbase 215.82 K
Mair 28.964 h2o o3  (28.9639)
lineshape Gross ch4 co co2 n2o o2_uncoupled o3
lineshape VVW_coupled o2_coupled
lineshape VVH_750 h2o_lines
column dry_air hydrostatic (0.999993)  (5.30041e+23 cm^-2)
column h2o hydrostatic 6.929e-06  (3.67268e+18 cm^-2)  (* 1.00000)
column o3 hydrostatic 2.899e-07  (1.5366e+17 cm^-2)

layer troposphere
# P 162.5 mbar
# T 216.838 K
# dP 25 mbar
Pbase 175 mbar
Tbase 217.78 K
Mair 28.964 h2o o3  (28.9639)
lineshape Gross ch4 co co2 n2o o2_uncoupled o3
lineshape VVW_coupled o2_coupled
lineshape VVH_750 h2o_lines
column dry_air hydrostatic (0.999989)  (5.3004e+23 cm^-2)
column h2o hydrostatic 1.109e-05  (5.87821e+18 cm^-2)  (* 1.00000)
column o3 hydrostatic 2.432e-07  (1.28907e+17 cm^-2)

layer troposphere
# P 187.5 mbar
# T 218.54 K
# dP 25 mbar
Pbase 200 mbar
Tbase 219.25 K
Mair 28.964 h2o o3  (28.9638)
lineshape Gross ch4 co co2 n2o o2_uncoupled o3
lineshape VVW_coupled o2_coupled
lineshape VVH_750 h2o_lines
column dry_air hydrostatic (0.999982)  (5.30038e+23 cm^-2)
column h2o hydrostatic 1.787e-05  (9.47194e+18 cm^-2)  (* 1.00000)
column o3 hydrostatic 2.078e-07  (1.10144e+17 cm^-2)

layer troposphere
# P 212.5 mbar
# T 220.048 K
# dP 25 mbar
Pbase 225 mbar
Tbase 220.8 K
Mair 28.964 h2o o3  (28.9637)
lineshape Gross ch4 co co2 n2o o2_uncoupled o3
lineshape VVW_coupled o2_coupled
lineshape VVH_750 h2o_lines
column dry_air hydrostatic (0.999972)  (5.30034e+23 cm^-2)
column h2o hydrostatic 2.809e-05  (1.48891e+19 cm^-2)  (* 1.00000)
column o3 hydrostatic 1.7e-07  (9.01084e+16 cm^-2)

layer troposphere
# P 237.5 mbar
# T 221.991 K
# dP 25 mbar
Pbase 250 mbar
Tbase 223.12 K
Mair 28.964 h2o o3  (28.9635)
lineshape Gross ch4 co co2 n2o o2_uncoupled o3
lineshape VVW_coupled o2_coupled
lineshape VVH_750 h2o_lines
column dry_air hydrostatic (0.999954)  (5.30029e+23 cm^-2)
column h2o hydrostatic 4.58e-05  (2.42764e+19 cm^-2)  (* 1.00000)
column o3 hydrostatic 1.306e-07  (6.92249e+16 cm^-2)

layer troposphere
# P 275 mbar
# T 226.555 K
# dP 50 mbar
Pbase 300 mbar
Tbase 229.69 K
Mair 28.964 h2o o3  (28.9627)
lineshape Gross ch4 co co2 n2o o2_uncoupled o3
lineshape VVW_coupled o2_coupled
lineshape VVH_750 h2o_lines
column dry_air hydrostatic (0.999879)  (1.06001e+24 cm^-2)
column h2o hydrostatic 0.0001207  (1.27958e+20 cm^-2)  (* 1.00000)
column o3 hydrostatic 8.068e-08  (8.55318e+16 cm^-2)

layer troposphere
# P 325 mbar
# T 233.2 K
# dP 50 mbar
Pbase 350 mbar
Tbase 236.45 K
Mair 28.964 h2o o3  (28.9608)
lineshape Gross ch4 co co2 n2o o2_uncoupled o3
lineshape VVW_coupled o2_coupled
lineshape VVH_750 h2o_lines
column dry_air hydrostatic (0.999707)  (1.05989e+24 cm^-2)
column h2o hydrostatic 0.0002933  (3.10958e+20 cm^-2)  (* 1.00000)
column o3 hydrostatic 6.34e-08  (6.7217e+16 cm^-2)

layer troposphere
# P 375 mbar
# T 240.02 K
# dP 50 mbar
Pbase 400 mbar
Tbase 243.36 K
Mair 28.964 h2o o3  (28.9579)
lineshape Gross ch4 co co2 n2o o2_uncoupled o3
lineshape VVW_coupled o2_coupled
lineshape VVH_750 h2o_lines
column dry_air hydrostatic (0.999447)  (1.05972e+24 cm^-2)
column h2o hydrostatic 0.0005528  (5.86139e+20 cm^-2)  (* 1.00000)
column o3 hydrostatic 5.694e-08  (6.0374e+16 cm^-2)

layer troposphere
# P 425 mbar
# T 246.706 K
# dP 50 mbar
Pbase 450 mbar
Tbase 249.86 K
Mair 28.964 h2o o3  (28.9531)
lineshape Gross ch4 co co2 n2o o2_uncoupled o3
lineshape VVW_coupled o2_coupled
lineshape VVH_750 h2o_lines
column dry_air hydrostatic (0.999008)  (1.05943e+24 cm^-2)
column h2o hydrostatic 0.0009924  (1.05243e+21 cm^-2)  (* 1.00000)
column o3 hydrostatic 5.472e-08  (5.80298e+16 cm^-2)

layer troposphere
# P 475 mbar
# T 253.083 K
# dP 50 mbar
Pbase 500 mbar
Tbase 256.14 K
Mair 28.964 h2o o3  (28.9479)
lineshape Gross ch4 co co2 n2o o2_uncoupled o3
lineshape VVW_coupled o2_coupled
lineshape VVH_750 h2o_lines
column dry_air hydrostatic (0.998531)  (1.05912e+24 cm^-2)
column h2o hydrostatic 0.001469  (1.55813e+21 cm^-2)  (* 1.00000)
column o3 hydrostatic 5.437e-08  (5.7669e+16 cm^-2)

layer troposphere
# P 525 mbar
# T 257.466 K
# dP 50 mbar
Pbase 550 mbar
Tbase 258.73 K
Mair 28.964 h2o o3  (28.9427)
lineshape Gross ch4 co co2 n2o o2_uncoupled o3
lineshape VVW_coupled o2_coupled
lineshape VVH_750 h2o_lines
column dry_air hydrostatic (0.998059)  (1.05881e+24 cm^-2)
column h2o hydrostatic 0.001941  (2.05914e+21 cm^-2)  (* 1.00000)
column o3 hydrostatic 5.418e-08  (5.74777e+16 cm^-2)

layer troposphere
# P 574.59 mbar
# T 260.798 K
# dP 49.18 mbar
Pbase 599.18 mbar (observing level)
Tbase 262.78 K
Mair 28.964 h2o o3  (28.9426)
lineshape Gross ch4 co co2 n2o o2_uncoupled o3
lineshape VVW_coupled o2_coupled
lineshape VVH_750 h2o_lines
column dry_air hydrostatic (0.998043)  (1.04143e+24 cm^-2)
column h2o hydrostatic 0.001957  (2.04208e+21 cm^-2)  (* 1.00000)
column o3 hydrostatic 5.417e-08  (5.6525e+16 cm^-2)

#
# column densities [cm^-2], including scale factors
#
#                           zenith             line-of-sight     
# stratosphere (10 layers):
#                  dry_air  1.484109e+24       1.484109e+24      
#                      h2o  7.354501e+18       7.354501e+18      
#                            (2.20017 um_pwv)   (2.20017 um_pwv)  
#                       o3  5.441485e+18       5.441485e+18      
#                            (202.527 DU)       (202.527 DU)      
#
# troposphere (14 layers):
#                  dry_air  1.121469e+25       1.121469e+25      
#                      h2o  7.800938e+21       7.800938e+21      
#                            (2333.72 um_pwv)   (2333.72 um_pwv)  
#                       o3  1.542627e+18       1.542627e+18      
#                            (57.415 DU)        (57.415 DU)       
#
# total (24 layers):
#                  dry_air  1.269880e+25       1.269880e+25      
#                      h2o  7.808293e+21       7.808293e+21      
#                            (2335.92 um_pwv)   (2335.92 um_pwv)  
#                       o3  6.984112e+18       6.984112e+18      
#                            (259.942 DU)       (259.942 DU)      
#

! Warning: Encountered in-band lines narrower than the frequency
!          grid spacing.  The output configuration data includes
!          the unresolved line count after each column definition
!          for which this occurred.  Count: 57

