# am version 13.0 (build date May 30 2024 14:06:47)

# run time 3.458 s

f 10 GHz  1000 GHz  0.025 GHz
output f GHz  tau neper  tx none  Tb K

tol 0.0001
selfbroad_vmr_tol 0.003

geometry plane-parallel
refract none
za 0 deg
PTmode Pbase Tbase

g 980.665 cm*s^-2
dg_dz 0 s^-2

Nscale h2o 1

T0 2.7 K

layer stratosphere
# P 1 mbar
# T 257.6 K
# dP 1 mbar
Pbase 1 mbar
Tbase 257.6 K
Mair 28.964 h2o o3  (28.964)
lineshape Voigt-Kielkopf ch4 co co2 h2o_lines n2o o2_coupled o2_uncoupled o3
column dry_air hydrostatic (0.999991)  (2.12016e+22 cm^-2)
! Warning: Column included 5264 unresolved lines.
column h2o hydrostatic 6.403e-06  (1.35755e+17 cm^-2)  (* 1.00000)
! Warning: Column included 838 unresolved lines.
column o3 hydrostatic 3.011e-06  (6.38385e+16 cm^-2)
! Warning: Column included 33099 unresolved lines.

layer stratosphere
# P 1.5 mbar
# T 257.553 K
# dP 1 mbar
Pbase 2 mbar
Tbase 257.52 K
Mair 28.964 h2o o3  (28.964)
lineshape Gross ch4 co co2 n2o o2_uncoupled o3
lineshape VVW_coupled o2_coupled
lineshape VVH_750 h2o_lines
column dry_air hydrostatic (0.99999)  (2.12015e+22 cm^-2)
! Warning: Column included 5264 unresolved lines.
column h2o hydrostatic 5.881e-06  (1.24687e+17 cm^-2)  (* 1.00000)
! Warning: Column included 838 unresolved lines.
column o3 hydrostatic 4.617e-06  (9.78884e+16 cm^-2)
! Warning: Column included 33099 unresolved lines.

layer stratosphere
# P 2.5 mbar
# T 253.569 K
# dP 1 mbar
Pbase 3 mbar
Tbase 250.34 K
Mair 28.964 h2o o3  (28.964)
lineshape Gross ch4 co co2 n2o o2_uncoupled o3
lineshape VVW_coupled o2_coupled
lineshape VVH_750 h2o_lines
column dry_air hydrostatic (0.999988)  (2.12015e+22 cm^-2)
! Warning: Column included 5264 unresolved lines.
column h2o hydrostatic 5.881e-06  (1.24687e+17 cm^-2)  (* 1.00000)
! Warning: Column included 838 unresolved lines.
column o3 hydrostatic 5.779e-06  (1.22525e+17 cm^-2)
! Warning: Column included 33099 unresolved lines.

layer stratosphere
# P 4 mbar
# T 244.641 K
# dP 2 mbar
Pbase 5 mbar
Tbase 240.22 K
Mair 28.964 h2o o3  (28.9641)
lineshape Gross ch4 co co2 n2o o2_uncoupled o3
lineshape VVW_coupled o2_coupled
lineshape VVH_750 h2o_lines
column dry_air hydrostatic (0.999988)  (4.24029e+22 cm^-2)
! Warning: Column included 5264 unresolved lines.
column h2o hydrostatic 5.359e-06  (2.2724e+17 cm^-2)  (* 1.00000)
! Warning: Column included 838 unresolved lines.
column o3 hydrostatic 6.87e-06  (2.91311e+17 cm^-2)
! Warning: Column included 33099 unresolved lines.

layer stratosphere
# P 6 mbar
# T 236.72 K
# dP 2 mbar
Pbase 7 mbar
Tbase 233.76 K
Mair 28.964 h2o o3  (28.9641)
lineshape Gross ch4 co co2 n2o o2_uncoupled o3
lineshape VVW_coupled o2_coupled
lineshape VVH_750 h2o_lines
column dry_air hydrostatic (0.999987)  (4.24028e+22 cm^-2)
! Warning: Column included 5264 unresolved lines.
column h2o hydrostatic 5.359e-06  (2.2724e+17 cm^-2)  (* 1.00000)
! Warning: Column included 838 unresolved lines.
column o3 hydrostatic 7.355e-06  (3.11877e+17 cm^-2)
! Warning: Column included 33099 unresolved lines.

layer stratosphere
# P 8.5 mbar
# T 230.75 K
# dP 3 mbar
Pbase 10 mbar
Tbase 228.23 K
Mair 28.964 h2o o3  (28.9641)
lineshape Gross ch4 co co2 n2o o2_uncoupled o3
lineshape VVW_coupled o2_coupled
lineshape VVH_750 h2o_lines
column dry_air hydrostatic (0.999988)  (6.36043e+22 cm^-2)
! Warning: Column included 5044 unresolved lines.
column h2o hydrostatic 4.836e-06  (3.07594e+17 cm^-2)  (* 1.00000)
! Warning: Column included 549 unresolved lines.
column o3 hydrostatic 7.368e-06  (4.68642e+17 cm^-2)
! Warning: Column included 28890 unresolved lines.

layer stratosphere
# P 15 mbar
# T 224.048 K
# dP 10 mbar
Pbase 20 mbar
Tbase 221.08 K
Mair 28.964 h2o o3  (28.9641)
lineshape Gross ch4 co co2 n2o o2_uncoupled o3
lineshape VVW_coupled o2_coupled
lineshape VVH_750 h2o_lines
column dry_air hydrostatic (0.999989)  (2.12015e+23 cm^-2)
! Warning: Column included 1925 unresolved lines.
column h2o hydrostatic 4.836e-06  (1.02531e+18 cm^-2)  (* 1.00000)
! Warning: Column included 151 unresolved lines.
column o3 hydrostatic 6.243e-06  (1.32362e+18 cm^-2)

layer stratosphere
# P 25 mbar
# T 218.471 K
# dP 10 mbar
Pbase 30 mbar
Tbase 216.34 K
Mair 28.964 h2o o3  (28.964)
lineshape Gross ch4 co co2 n2o o2_uncoupled o3
lineshape VVW_coupled o2_coupled
lineshape VVH_750 h2o_lines
column dry_air hydrostatic (0.999991)  (2.12015e+23 cm^-2)
! Warning: Column included 6 unresolved lines.
column h2o hydrostatic 4.836e-06  (1.02532e+18 cm^-2)  (* 1.00000)
! Warning: Column included 45 unresolved lines.
column o3 hydrostatic 4.631e-06  (9.81852e+17 cm^-2)

layer stratosphere
# P 40 mbar
# T 212.702 K
# dP 20 mbar
Pbase 50 mbar
Tbase 209.88 K
Mair 28.964 h2o o3  (28.964)
lineshape Gross ch4 co co2 n2o o2_uncoupled o3
lineshape VVW_coupled o2_coupled
lineshape VVH_750 h2o_lines
column dry_air hydrostatic (0.999993)  (4.24032e+23 cm^-2)
column h2o hydrostatic 4.836e-06  (2.05063e+18 cm^-2)  (* 1.00000)
! Warning: Column included 27 unresolved lines.
column o3 hydrostatic 2.398e-06  (1.01684e+18 cm^-2)

layer stratosphere
# P 60 mbar
# T 208.119 K
# dP 20 mbar
Pbase 70 mbar
Tbase 206.63 K
Mair 28.964 h2o o3  (28.964)
lineshape Gross ch4 co co2 n2o o2_uncoupled o3
lineshape VVW_coupled o2_coupled
lineshape VVH_750 h2o_lines
column dry_air hydrostatic (0.999994)  (4.24033e+23 cm^-2)
column h2o hydrostatic 4.836e-06  (2.05064e+18 cm^-2)  (* 1.00000)
! Warning: Column included 19 unresolved lines.
column o3 hydrostatic 1.145e-06  (4.85521e+17 cm^-2)

layer troposphere
# P 85 mbar
# T 207.534 K
# dP 30 mbar
Pbase 100 mbar
Tbase 208.29 K
Mair 28.964 h2o o3  (28.964)
lineshape Gross ch4 co co2 n2o o2_uncoupled o3
lineshape VVW_coupled o2_coupled
lineshape VVH_750 h2o_lines
column dry_air hydrostatic (0.999995)  (6.3605e+23 cm^-2)
column h2o hydrostatic 4.314e-06  (2.74393e+18 cm^-2)  (* 1.00000)
! Warning: Column included 18 unresolved lines.
column o3 hydrostatic 4.75e-07  (3.02125e+17 cm^-2)

layer troposphere
# P 112.5 mbar
# T 210.09 K
# dP 25 mbar
Pbase 125 mbar
Tbase 211.7 K
Mair 28.964 h2o o3  (28.964)
lineshape Gross ch4 co co2 n2o o2_uncoupled o3
lineshape VVW_coupled o2_coupled
lineshape VVH_750 h2o_lines
column dry_air hydrostatic (0.999995)  (5.30042e+23 cm^-2)
column h2o hydrostatic 4.836e-06  (2.5633e+18 cm^-2)  (* 1.00000)
column o3 hydrostatic 3.168e-07  (1.67918e+17 cm^-2)

layer troposphere
# P 137.5 mbar
# T 213.274 K
# dP 25 mbar
Pbase 150 mbar
Tbase 214.71 K
Mair 28.964 h2o o3  (28.9639)
lineshape Gross ch4 co co2 n2o o2_uncoupled o3
lineshape VVW_coupled o2_coupled
lineshape VVH_750 h2o_lines
column dry_air hydrostatic (0.999993)  (5.30041e+23 cm^-2)
column h2o hydrostatic 6.365e-06  (3.37374e+18 cm^-2)  (* 1.00000)
column o3 hydrostatic 2.27e-07  (1.2032e+17 cm^-2)

layer troposphere
# P 162.5 mbar
# T 215.759 K
# dP 25 mbar
Pbase 175 mbar
Tbase 216.73 K
Mair 28.964 h2o o3  (28.9639)
lineshape Gross ch4 co co2 n2o o2_uncoupled o3
lineshape VVW_coupled o2_coupled
lineshape VVH_750 h2o_lines
column dry_air hydrostatic (0.99999)  (5.3004e+23 cm^-2)
column h2o hydrostatic 1.006e-05  (5.33226e+18 cm^-2)  (* 1.00000)
column o3 hydrostatic 1.886e-07  (9.99666e+16 cm^-2)

layer troposphere
# P 187.5 mbar
# T 217.433 K
# dP 25 mbar
Pbase 200 mbar
Tbase 218.09 K
Mair 28.964 h2o o3  (28.9638)
lineshape Gross ch4 co co2 n2o o2_uncoupled o3
lineshape VVW_coupled o2_coupled
lineshape VVH_750 h2o_lines
column dry_air hydrostatic (0.999984)  (5.30038e+23 cm^-2)
column h2o hydrostatic 1.626e-05  (8.61856e+18 cm^-2)  (* 1.00000)
column o3 hydrostatic 1.587e-07  (8.41184e+16 cm^-2)

layer troposphere
# P 212.5 mbar
# T 218.97 K
# dP 25 mbar
Pbase 225 mbar
Tbase 219.8 K
Mair 28.964 h2o o3  (28.9637)
lineshape Gross ch4 co co2 n2o o2_uncoupled o3
lineshape VVW_coupled o2_coupled
lineshape VVH_750 h2o_lines
column dry_air hydrostatic (0.999976)  (5.30036e+23 cm^-2)
column h2o hydrostatic 2.43e-05  (1.28802e+19 cm^-2)  (* 1.00000)
column o3 hydrostatic 1.351e-07  (7.16096e+16 cm^-2)

layer troposphere
# P 237.5 mbar
# T 221.011 K
# dP 25 mbar
Pbase 250 mbar
Tbase 222.16 K
Mair 28.964 h2o o3  (28.9636)
lineshape Gross ch4 co co2 n2o o2_uncoupled o3
lineshape VVW_coupled o2_coupled
lineshape VVH_750 h2o_lines
column dry_air hydrostatic (0.999961)  (5.30031e+23 cm^-2)
column h2o hydrostatic 3.846e-05  (2.03858e+19 cm^-2)  (* 1.00000)
column o3 hydrostatic 1.106e-07  (5.86237e+16 cm^-2)

layer troposphere
# P 275 mbar
# T 225.218 K
# dP 50 mbar
Pbase 300 mbar
Tbase 228.01 K
Mair 28.964 h2o o3  (28.9629)
lineshape Gross ch4 co co2 n2o o2_uncoupled o3
lineshape VVW_coupled o2_coupled
lineshape VVH_750 h2o_lines
column dry_air hydrostatic (0.999898)  (1.06002e+24 cm^-2)
column h2o hydrostatic 0.000102  (1.08133e+20 cm^-2)  (* 1.00000)
column o3 hydrostatic 7.509e-08  (7.9605e+16 cm^-2)

layer troposphere
# P 325 mbar
# T 231.567 K
# dP 50 mbar
Pbase 350 mbar
Tbase 234.86 K
Mair 28.964 h2o o3  (28.9614)
lineshape Gross ch4 co co2 n2o o2_uncoupled o3
lineshape VVW_coupled o2_coupled
lineshape VVH_750 h2o_lines
column dry_air hydrostatic (0.999764)  (1.05993e+24 cm^-2)
column h2o hydrostatic 0.0002362  (2.50415e+20 cm^-2)  (* 1.00000)
column o3 hydrostatic 6.041e-08  (6.40456e+16 cm^-2)

layer troposphere
# P 375 mbar
# T 238.26 K
# dP 50 mbar
Pbase 400 mbar
Tbase 241.44 K
Mair 28.964 h2o o3  (28.9588)
lineshape Gross ch4 co co2 n2o o2_uncoupled o3
lineshape VVW_coupled o2_coupled
lineshape VVH_750 h2o_lines
column dry_air hydrostatic (0.999523)  (1.05977e+24 cm^-2)
column h2o hydrostatic 0.0004774  (5.06177e+20 cm^-2)  (* 1.00000)
column o3 hydrostatic 5.487e-08  (5.81775e+16 cm^-2)

layer troposphere
# P 425 mbar
# T 244.564 K
# dP 50 mbar
Pbase 450 mbar
Tbase 247.51 K
Mair 28.964 h2o o3  (28.9545)
lineshape Gross ch4 co co2 n2o o2_uncoupled o3
lineshape VVW_coupled o2_coupled
lineshape VVH_750 h2o_lines
column dry_air hydrostatic (0.999136)  (1.05952e+24 cm^-2)
column h2o hydrostatic 0.0008642  (9.16427e+20 cm^-2)  (* 1.00000)
column o3 hydrostatic 5.182e-08  (5.49517e+16 cm^-2)

layer troposphere
# P 475 mbar
# T 250.461 K
# dP 50 mbar
Pbase 500 mbar
Tbase 253.26 K
Mair 28.964 h2o o3  (28.95)
lineshape Gross ch4 co co2 n2o o2_uncoupled o3
lineshape VVW_coupled o2_coupled
lineshape VVH_750 h2o_lines
column dry_air hydrostatic (0.998723)  (1.05924e+24 cm^-2)
column h2o hydrostatic 0.001277  (1.35439e+21 cm^-2)  (* 1.00000)
column o3 hydrostatic 5.098e-08  (5.40694e+16 cm^-2)

layer troposphere
# P 525 mbar
# T 254.693 K
# dP 50 mbar
Pbase 550 mbar
Tbase 256.06 K
Mair 28.964 h2o o3  (28.9463)
lineshape Gross ch4 co co2 n2o o2_uncoupled o3
lineshape VVW_coupled o2_coupled
lineshape VVH_750 h2o_lines
column dry_air hydrostatic (0.998383)  (1.05902e+24 cm^-2)
column h2o hydrostatic 0.001617  (1.71521e+21 cm^-2)  (* 1.00000)
column o3 hydrostatic 5.091e-08  (5.40021e+16 cm^-2)

layer troposphere
# P 574.59 mbar
# T 258.236 K
# dP 49.18 mbar
Pbase 599.18 mbar (observing level)
Tbase 260.32 K
Mair 28.964 h2o o3  (28.9463)
lineshape Gross ch4 co co2 n2o o2_uncoupled o3
lineshape VVW_coupled o2_coupled
lineshape VVH_750 h2o_lines
column dry_air hydrostatic (0.99838)  (1.04165e+24 cm^-2)
column h2o hydrostatic 0.00162  (1.69021e+21 cm^-2)  (* 1.00000)
column o3 hydrostatic 5.091e-08  (5.31165e+16 cm^-2)

#
# column densities [cm^-2], including scale factors
#
#                           zenith             line-of-sight     
# stratosphere (10 layers):
#                  dry_air  1.484109e+24       1.484109e+24      
#                      h2o  7.299102e+18       7.299102e+18      
#                            (2.18359 um_pwv)   (2.18359 um_pwv)  
#                       o3  5.163913e+18       5.163913e+18      
#                            (192.196 DU)       (192.196 DU)      
#
# troposphere (14 layers):
#                  dry_air  1.121544e+25       1.121544e+25      
#                      h2o  6.596857e+21       6.596857e+21      
#                            (1973.51 um_pwv)   (1973.51 um_pwv)  
#                       o3  1.322650e+18       1.322650e+18      
#                            (49.2277 DU)       (49.2277 DU)      
#
# total (24 layers):
#                  dry_air  1.269955e+25       1.269955e+25      
#                      h2o  6.604156e+21       6.604156e+21      
#                            (1975.7 um_pwv)    (1975.7 um_pwv)   
#                       o3  6.486562e+18       6.486562e+18      
#                            (241.423 DU)       (241.423 DU)      
#

! Warning: Encountered in-band lines narrower than the frequency
!          grid spacing.  The output configuration data includes
!          the unresolved line count after each column definition
!          for which this occurred.  Count: 57

