# am version 13.0 (build date May 30 2024 14:06:47)

# run time 3.176 s

f 10 GHz  1000 GHz  0.025 GHz
output f GHz  tau neper  tx none  Tb K

tol 0.0001
selfbroad_vmr_tol 0.003

geometry plane-parallel
refract none
za 0 deg
PTmode Pbase Tbase

g 980.665 cm*s^-2
dg_dz 0 s^-2

Nscale h2o 1

T0 2.7 K

layer stratosphere
# P 1 mbar
# T 256.36 K
# dP 1 mbar
Pbase 1 mbar
Tbase 256.36 K
Mair 28.964 h2o o3  (28.964)
lineshape Voigt-Kielkopf ch4 co co2 h2o_lines n2o o2_coupled o2_uncoupled o3
column dry_air hydrostatic (0.999991)  (2.12016e+22 cm^-2)
! Warning: Column included 5264 unresolved lines.
column h2o hydrostatic 6.403e-06  (1.35755e+17 cm^-2)  (* 1.00000)
! Warning: Column included 838 unresolved lines.
column o3 hydrostatic 2.925e-06  (6.20151e+16 cm^-2)
! Warning: Column included 33099 unresolved lines.

layer stratosphere
# P 1.5 mbar
# T 255.395 K
# dP 1 mbar
Pbase 2 mbar
Tbase 254.71 K
Mair 28.964 h2o o3  (28.964)
lineshape Gross ch4 co co2 n2o o2_uncoupled o3
lineshape VVW_coupled o2_coupled
lineshape VVH_750 h2o_lines
column dry_air hydrostatic (0.99999)  (2.12015e+22 cm^-2)
! Warning: Column included 5264 unresolved lines.
column h2o hydrostatic 5.881e-06  (1.24687e+17 cm^-2)  (* 1.00000)
! Warning: Column included 838 unresolved lines.
column o3 hydrostatic 4.453e-06  (9.44113e+16 cm^-2)
! Warning: Column included 33099 unresolved lines.

layer stratosphere
# P 2.5 mbar
# T 250.902 K
# dP 1 mbar
Pbase 3 mbar
Tbase 247.79 K
Mair 28.964 h2o o3  (28.964)
lineshape Gross ch4 co co2 n2o o2_uncoupled o3
lineshape VVW_coupled o2_coupled
lineshape VVH_750 h2o_lines
column dry_air hydrostatic (0.999989)  (2.12015e+22 cm^-2)
! Warning: Column included 5264 unresolved lines.
column h2o hydrostatic 5.881e-06  (1.24687e+17 cm^-2)  (* 1.00000)
! Warning: Column included 838 unresolved lines.
column o3 hydrostatic 5.616e-06  (1.19069e+17 cm^-2)
! Warning: Column included 33099 unresolved lines.

layer stratosphere
# P 4 mbar
# T 242.063 K
# dP 2 mbar
Pbase 5 mbar
Tbase 237.62 K
Mair 28.964 h2o o3  (28.9641)
lineshape Gross ch4 co co2 n2o o2_uncoupled o3
lineshape VVW_coupled o2_coupled
lineshape VVH_750 h2o_lines
column dry_air hydrostatic (0.999988)  (4.24029e+22 cm^-2)
! Warning: Column included 5264 unresolved lines.
column h2o hydrostatic 5.359e-06  (2.2724e+17 cm^-2)  (* 1.00000)
! Warning: Column included 838 unresolved lines.
column o3 hydrostatic 6.651e-06  (2.82025e+17 cm^-2)
! Warning: Column included 33099 unresolved lines.

layer stratosphere
# P 6 mbar
# T 234.542 K
# dP 2 mbar
Pbase 7 mbar
Tbase 231.94 K
Mair 28.964 h2o o3  (28.9641)
lineshape Gross ch4 co co2 n2o o2_uncoupled o3
lineshape VVW_coupled o2_coupled
lineshape VVH_750 h2o_lines
column dry_air hydrostatic (0.999988)  (4.24029e+22 cm^-2)
! Warning: Column included 5264 unresolved lines.
column h2o hydrostatic 5.227e-06  (2.21642e+17 cm^-2)  (* 1.00000)
! Warning: Column included 838 unresolved lines.
column o3 hydrostatic 7.15e-06  (3.03184e+17 cm^-2)
! Warning: Column included 33099 unresolved lines.

layer stratosphere
# P 8.5 mbar
# T 229.338 K
# dP 3 mbar
Pbase 10 mbar
Tbase 227.16 K
Mair 28.964 h2o o3  (28.9641)
lineshape Gross ch4 co co2 n2o o2_uncoupled o3
lineshape VVW_coupled o2_coupled
lineshape VVH_750 h2o_lines
column dry_air hydrostatic (0.999988)  (6.36043e+22 cm^-2)
! Warning: Column included 5044 unresolved lines.
column h2o hydrostatic 4.836e-06  (3.07594e+17 cm^-2)  (* 1.00000)
! Warning: Column included 539 unresolved lines.
column o3 hydrostatic 7.063e-06  (4.49243e+17 cm^-2)
! Warning: Column included 28590 unresolved lines.

layer stratosphere
# P 15 mbar
# T 222.352 K
# dP 10 mbar
Pbase 20 mbar
Tbase 218.94 K
Mair 28.964 h2o o3  (28.9641)
lineshape Gross ch4 co co2 n2o o2_uncoupled o3
lineshape VVW_coupled o2_coupled
lineshape VVH_750 h2o_lines
column dry_air hydrostatic (0.999989)  (2.12015e+23 cm^-2)
! Warning: Column included 1891 unresolved lines.
column h2o hydrostatic 4.836e-06  (1.02531e+18 cm^-2)  (* 1.00000)
! Warning: Column included 148 unresolved lines.
column o3 hydrostatic 5.915e-06  (1.25408e+18 cm^-2)

layer stratosphere
# P 25 mbar
# T 216.827 K
# dP 10 mbar
Pbase 30 mbar
Tbase 215.1 K
Mair 28.964 h2o o3  (28.964)
lineshape Gross ch4 co co2 n2o o2_uncoupled o3
lineshape VVW_coupled o2_coupled
lineshape VVH_750 h2o_lines
column dry_air hydrostatic (0.999991)  (2.12015e+23 cm^-2)
! Warning: Column included 6 unresolved lines.
column h2o hydrostatic 4.314e-06  (9.14642e+17 cm^-2)  (* 1.00000)
! Warning: Column included 45 unresolved lines.
column o3 hydrostatic 4.525e-06  (9.59378e+17 cm^-2)

layer stratosphere
# P 40 mbar
# T 211.687 K
# dP 20 mbar
Pbase 50 mbar
Tbase 209.04 K
Mair 28.964 h2o o3  (28.964)
lineshape Gross ch4 co co2 n2o o2_uncoupled o3
lineshape VVW_coupled o2_coupled
lineshape VVH_750 h2o_lines
column dry_air hydrostatic (0.999994)  (4.24032e+23 cm^-2)
column h2o hydrostatic 4.314e-06  (1.82929e+18 cm^-2)  (* 1.00000)
! Warning: Column included 27 unresolved lines.
column o3 hydrostatic 2.176e-06  (9.227e+17 cm^-2)

layer stratosphere
# P 60 mbar
# T 207.003 K
# dP 20 mbar
Pbase 70 mbar
Tbase 205.28 K
Mair 28.964 h2o o3  (28.964)
lineshape Gross ch4 co co2 n2o o2_uncoupled o3
lineshape VVW_coupled o2_coupled
lineshape VVH_750 h2o_lines
column dry_air hydrostatic (0.999995)  (4.24033e+23 cm^-2)
column h2o hydrostatic 4.314e-06  (1.82929e+18 cm^-2)  (* 1.00000)
! Warning: Column included 19 unresolved lines.
column o3 hydrostatic 1.025e-06  (4.34636e+17 cm^-2)

layer troposphere
# P 85 mbar
# T 206.162 K
# dP 30 mbar
Pbase 100 mbar
Tbase 206.9 K
Mair 28.964 h2o o3  (28.964)
lineshape Gross ch4 co co2 n2o o2_uncoupled o3
lineshape VVW_coupled o2_coupled
lineshape VVH_750 h2o_lines
column dry_air hydrostatic (0.999995)  (6.3605e+23 cm^-2)
column h2o hydrostatic 4.314e-06  (2.74393e+18 cm^-2)  (* 1.00000)
! Warning: Column included 18 unresolved lines.
column o3 hydrostatic 4.17e-07  (2.65234e+17 cm^-2)

layer troposphere
# P 112.5 mbar
# T 208.79 K
# dP 25 mbar
Pbase 125 mbar
Tbase 210.48 K
Mair 28.964 h2o o3  (28.964)
lineshape Gross ch4 co co2 n2o o2_uncoupled o3
lineshape VVW_coupled o2_coupled
lineshape VVH_750 h2o_lines
column dry_air hydrostatic (0.999995)  (5.30042e+23 cm^-2)
column h2o hydrostatic 4.314e-06  (2.28661e+18 cm^-2)  (* 1.00000)
column o3 hydrostatic 2.509e-07  (1.32988e+17 cm^-2)

layer troposphere
# P 137.5 mbar
# T 212.038 K
# dP 25 mbar
Pbase 150 mbar
Tbase 213.46 K
Mair 28.964 h2o o3  (28.9639)
lineshape Gross ch4 co co2 n2o o2_uncoupled o3
lineshape VVW_coupled o2_coupled
lineshape VVH_750 h2o_lines
column dry_air hydrostatic (0.999994)  (5.30042e+23 cm^-2)
column h2o hydrostatic 5.359e-06  (2.84051e+18 cm^-2)  (* 1.00000)
column o3 hydrostatic 1.828e-07  (9.68922e+16 cm^-2)

layer troposphere
# P 162.5 mbar
# T 214.597 K
# dP 25 mbar
Pbase 175 mbar
Tbase 215.65 K
Mair 28.964 h2o o3  (28.9639)
lineshape Gross ch4 co co2 n2o o2_uncoupled o3
lineshape VVW_coupled o2_coupled
lineshape VVH_750 h2o_lines
column dry_air hydrostatic (0.999991)  (5.30041e+23 cm^-2)
column h2o hydrostatic 8.959e-06  (4.74868e+18 cm^-2)  (* 1.00000)
column o3 hydrostatic 1.512e-07  (8.01429e+16 cm^-2)

layer troposphere
# P 187.5 mbar
# T 216.358 K
# dP 25 mbar
Pbase 200 mbar
Tbase 217.02 K
Mair 28.964 h2o o3  (28.9639)
lineshape Gross ch4 co co2 n2o o2_uncoupled o3
lineshape VVW_coupled o2_coupled
lineshape VVH_750 h2o_lines
column dry_air hydrostatic (0.999986)  (5.30039e+23 cm^-2)
column h2o hydrostatic 1.373e-05  (7.27754e+18 cm^-2)  (* 1.00000)
column o3 hydrostatic 1.332e-07  (7.06022e+16 cm^-2)

layer troposphere
# P 212.5 mbar
# T 217.859 K
# dP 25 mbar
Pbase 225 mbar
Tbase 218.65 K
Mair 28.964 h2o o3  (28.9638)
lineshape Gross ch4 co co2 n2o o2_uncoupled o3
lineshape VVW_coupled o2_coupled
lineshape VVH_750 h2o_lines
column dry_air hydrostatic (0.999979)  (5.30037e+23 cm^-2)
column h2o hydrostatic 2.119e-05  (1.12317e+19 cm^-2)  (* 1.00000)
column o3 hydrostatic 1.125e-07  (5.96304e+16 cm^-2)

layer troposphere
# P 237.5 mbar
# T 219.728 K
# dP 25 mbar
Pbase 250 mbar
Tbase 220.75 K
Mair 28.964 h2o o3  (28.9636)
lineshape Gross ch4 co co2 n2o o2_uncoupled o3
lineshape VVW_coupled o2_coupled
lineshape VVH_750 h2o_lines
column dry_air hydrostatic (0.999968)  (5.30033e+23 cm^-2)
column h2o hydrostatic 3.229e-05  (1.71153e+19 cm^-2)  (* 1.00000)
column o3 hydrostatic 9.607e-08  (5.09219e+16 cm^-2)

layer troposphere
# P 275 mbar
# T 223.442 K
# dP 50 mbar
Pbase 300 mbar
Tbase 225.9 K
Mair 28.964 h2o o3  (28.9631)
lineshape Gross ch4 co co2 n2o o2_uncoupled o3
lineshape VVW_coupled o2_coupled
lineshape VVH_750 h2o_lines
column dry_air hydrostatic (0.999914)  (1.06003e+24 cm^-2)
column h2o hydrostatic 8.601e-05  (9.11811e+19 cm^-2)  (* 1.00000)
column o3 hydrostatic 6.939e-08  (7.35619e+16 cm^-2)

layer troposphere
# P 325 mbar
# T 229.753 K
# dP 50 mbar
Pbase 350 mbar
Tbase 233.32 K
Mair 28.964 h2o o3  (28.9617)
lineshape Gross ch4 co co2 n2o o2_uncoupled o3
lineshape VVW_coupled o2_coupled
lineshape VVH_750 h2o_lines
column dry_air hydrostatic (0.999787)  (1.05995e+24 cm^-2)
column h2o hydrostatic 0.0002132  (2.26029e+20 cm^-2)  (* 1.00000)
column o3 hydrostatic 5.877e-08  (6.23064e+16 cm^-2)

layer troposphere
# P 375 mbar
# T 236.771 K
# dP 50 mbar
Pbase 400 mbar
Tbase 240 K
Mair 28.964 h2o o3  (28.9593)
lineshape Gross ch4 co co2 n2o o2_uncoupled o3
lineshape VVW_coupled o2_coupled
lineshape VVH_750 h2o_lines
column dry_air hydrostatic (0.999571)  (1.0598e+24 cm^-2)
column h2o hydrostatic 0.0004291  (4.54957e+20 cm^-2)  (* 1.00000)
column o3 hydrostatic 5.371e-08  (5.69465e+16 cm^-2)

layer troposphere
# P 425 mbar
# T 243.284 K
# dP 50 mbar
Pbase 450 mbar
Tbase 246.38 K
Mair 28.964 h2o o3  (28.9556)
lineshape Gross ch4 co co2 n2o o2_uncoupled o3
lineshape VVW_coupled o2_coupled
lineshape VVH_750 h2o_lines
column dry_air hydrostatic (0.999236)  (1.05958e+24 cm^-2)
column h2o hydrostatic 0.0007635  (8.0961e+20 cm^-2)  (* 1.00000)
column o3 hydrostatic 5.013e-08  (5.31575e+16 cm^-2)

layer troposphere
# P 475 mbar
# T 249.218 K
# dP 50 mbar
Pbase 500 mbar
Tbase 251.91 K
Mair 28.964 h2o o3  (28.9514)
lineshape Gross ch4 co co2 n2o o2_uncoupled o3
lineshape VVW_coupled o2_coupled
lineshape VVH_750 h2o_lines
column dry_air hydrostatic (0.998849)  (1.05933e+24 cm^-2)
column h2o hydrostatic 0.001151  (1.22069e+21 cm^-2)  (* 1.00000)
column o3 hydrostatic 4.843e-08  (5.13624e+16 cm^-2)

layer troposphere
# P 525 mbar
# T 253.246 K
# dP 50 mbar
Pbase 550 mbar
Tbase 254.52 K
Mair 28.964 h2o o3  (28.9482)
lineshape Gross ch4 co co2 n2o o2_uncoupled o3
lineshape VVW_coupled o2_coupled
lineshape VVH_750 h2o_lines
column dry_air hydrostatic (0.998557)  (1.05914e+24 cm^-2)
column h2o hydrostatic 0.001443  (1.53054e+21 cm^-2)  (* 1.00000)
column o3 hydrostatic 4.745e-08  (5.03286e+16 cm^-2)

layer troposphere
# P 574.59 mbar
# T 256.619 K
# dP 49.18 mbar
Pbase 599.18 mbar (observing level)
Tbase 258.63 K
Mair 28.964 h2o o3  (28.9482)
lineshape Gross ch4 co co2 n2o o2_uncoupled o3
lineshape VVW_coupled o2_coupled
lineshape VVH_750 h2o_lines
column dry_air hydrostatic (0.998561)  (1.04177e+24 cm^-2)
column h2o hydrostatic 0.001439  (1.50126e+21 cm^-2)  (* 1.00000)
column o3 hydrostatic 4.745e-08  (4.95031e+16 cm^-2)

#
# column densities [cm^-2], including scale factors
#
#                           zenith             line-of-sight     
# stratosphere (10 layers):
#                  dry_air  1.484110e+24       1.484110e+24      
#                      h2o  6.740139e+18       6.740139e+18      
#                            (2.01638 um_pwv)   (2.01638 um_pwv)  
#                       o3  4.880742e+18       4.880742e+18      
#                            (181.656 DU)       (181.656 DU)      
#
# troposphere (14 layers):
#                  dry_air  1.121588e+25       1.121588e+25      
#                      h2o  5.882520e+21       5.882520e+21      
#                            (1759.81 um_pwv)   (1759.81 um_pwv)  
#                       o3  1.153578e+18       1.153578e+18      
#                            (42.935 DU)        (42.935 DU)       
#
# total (24 layers):
#                  dry_air  1.269999e+25       1.269999e+25      
#                      h2o  5.889260e+21       5.889260e+21      
#                            (1761.83 um_pwv)   (1761.83 um_pwv)  
#                       o3  6.034321e+18       6.034321e+18      
#                            (224.591 DU)       (224.591 DU)      
#

! Warning: Encountered in-band lines narrower than the frequency
!          grid spacing.  The output configuration data includes
!          the unresolved line count after each column definition
!          for which this occurred.  Count: 57

